[94m.=(+)==================[ 0 ]==================(+)=.[0m
[94m||                                               ||[0m
[94m||[94m:.· : ··:. ·:.· :.·· . ·:.· :.·· .··: ··:. · .·[94m||[0m
[94m||[94m· ·· · ···· ·:::: [93m´(  /^\  )` [94m::: .... · ·· · ·[94m||[0m
[94m|| [94m. ·· : ·:: [93m\'/ [91m;[97m-[91m; [93m\(o.o)/ [91m;[97m-[91m; [93m\'/ [94m:·..: ·. · [94m||[0m
[94m||[94m.·. .:: [97m__ [97m/[91m, [32m`_ [91m;,, [93m`(~)´ [91m,,, [32m_´ [91m;[97m\  [34m,o,  [94m:·.·[94m||[0m
[94m||[94m:.··  [97m<(´\_ [91m,,; [32m`=_ [97m- -[94m:[97m-[94m:[97m- [32m_=´ [91m, ; [34m(o(o) [94m· .·:[94m||[0m
[94m|| [94m·::: [97m/[91m,;; ;;;[97m/ [94m·  [32m/;;;;;;;\  [94m::[97m\[91m; [34m(o(o(o) [94m· ::[94m||[0m
[94m||[94m· ::[97m/[91m, ;,;;[97m/[94m. :··: [32m(;;;|;;;) [94m:··: . [34m`o`o´ [97m\[94m:: .[94m||[0m
[94m||[94m:: [97m( [91m,;;;[97m/[94m::.: ::: [32m(;:;;;:;) [94m:: ::.· [97m\[91m;;;,,[97m)[94m:: [94m||[0m
[94m|| [91m,[97m( [91m; ;[97m( [94m: ·.:: [94m/[93m': [32m\;;;;;/ [93m:'[94m\[94m: ·::: [91m;[97m)[91m;; ,[97m)[94m::[94m||[0m
[94m||[94m:[97m([91m;,,;[97m([94m.:··::[94m/[93m::'' [32m(;;;;;;;) [93m''::[94m\[94m:..:   [94m,-,  [94m:[94m||[0m
[94m||[97m([91m, ,;;[97m( [94m:.::[94m([93m'''':: [93m<=(*)=> [93m:'''''[94m)[94m:· [94m(o)(o) [91m,[97m)[94m||[0m
[94m||[97m([91m,; ;[97m([94m:: ::[94m([93m'':::[93m·  [32m/; [97m¡ [32m;\ [93m'·': ':[94m) [94m(o)(o)(o) [94m||[0m
[94m||[97m([91m,,; [91m}v{ [94m:[93m'[94m([93m':': [93m' [32m/;  [97m¡  [32m;\ [93m·:': :[94m)[94m: [94m(o)(o) [91m;[97m)[94m||[0m
[94m||[97m([91m; ;[97m( [94m· ::[94m([93m' :::[93m' [32m/;  [97m,  ` [32m;\ [93m*'[93m:::'[94m)[93m: [94m`-´`-´ [97m)[94m||[0m
[94m||[97m([91m;; ;[97m([94m:: :[93m'[94m([93m'':: [32m/;  [97m*  [93m· [97m* [32m;\ [93m* [91m,-,_ [94m::·[97m) [94m·[91m;,[97m)[94m||[0m
[94m||[97m([91m;,; [97m([94m..::[93m:[94m([93m'': [32m/;  [93m' '· · ' [32m;\ [91m<´o)=), [94m.[97m)[94m·:[91m;;[97m)[94m||[0m
[94m||[97m([91m;;;; [97m([94m.·::[93m:[94m([93m: [32m/; [93m'' ' ·· ' ' [32m;\ [91m(;==;=( [94m. [91m; ;[97m)[94m||[0m
[94m||[91m,[97m([91m,;;;[97m([94m:·:::[93m' [32m/; [93m· ·· [93m· '·[93m·' ' [32m;\ [91m);==;) [94m:[91m;;;[97m)[91m,[94m||[0m
[94m||[94m:[91m;[97m([91m,,;;[97m([94m···: [32m/; [94m\ [93m' ·' ' ·''' [94m/ [32m;\ [91m´U´ U´ [91m;;[97m)[91m, [94m||[0m
[94m||[94m::[91m,[97m([91m;;;; [97m\[94m. [32m/; [94m:[93m:··' [94m_[93m·[94m_[93m'[94m_[93m·'·· : [32m;\ [94m·[97m/[94m::[91m;; [97m)[91m,;[94m:[94m||[0m
[94m||[94m:::[91m,[97m\[91m; ,;; [32m/; [94m.: ··'' [93m·''· [94m' ·::· [32m;\ [94m·[91m;;,;[97m/[91m,, [94m:[94m||[0m
[94m||[94m·: :: [97m\ [91m, [32m/; [94m:[97m\[94m.: '··' '··· ' .·[97m/[94m: [32m;\ [91m;;[97m/ [91m;;[94m:: [94m||[0m
[94m||[94m· · :: [93m,==´ [91m;;;;[94m·· .[97m_[94m:[97m_[94m·[97m_ _[94m:·: .[91m;;; [93m`==, [91m; [94m::..[94m||[0m
[94m||[94m.::: :::: [91m;[97m\[91m;; , ;;;; ;;;;;;;;; ,,,[97m/ [91m; [94m:::: ···[94m||[0m
[94m|| [94m·.:· .·:::: [91m,,[97m_[91m,[97m_[91m,[97m_[91m;[97m_ _[91m;[97m_[91m;[97m_[91m,[97m_[91m,[97m_[91m,,;,[94m::: ::·· :·[94m||[0m
[94m||[94m· ·:·: :· [32m,-o-,__,--,__,--,_ [91m;;;[94m::: :·:· .·.· ·[94m||[0m
[94m||[94m·· . · [32m<~==;;;;)==;;;;)==,_´ [94m:: :·:. ·:.· : ·· [94m||[0m
[94m|| [94m.. . .. [32m`v´`v´  `v´`v´  `v´ [94m··· ···· ·::: ::::[94m||[0m
[94m||[94m~·- ~·- ~·- ~·- ~·- ~·- ~·- ~·- ~·- ~·- ~·- ~·-[94m||[0m
[94m|| [94m~·- ~·- ~·- ~·- ~·- ~·- ~·- ~·- ~·- ~·- ~·- ~·[94m||[0m
[94m||[94m- [31maw[94m- ~·- ~·- ~·- ~·- ~·- ~·- ~·- ~·- ~·- ~·- ~[94m||[0m
[94m||[94m·- ~·- ~·- ~·- ~·- ~·- ~·- ~·- ~·- ~·- ~·- ~·- [94m||[0m
[94m||                                               ||[0m
[94m|>[97m- - - - - - - - - - - - - - - - - - - - - - - -[94m<|[0m
[94m||                   [97mTHE FOOL                    [94m||[0m
[94m||                [97m~ aleph · air ~                [94m||[0m
[94m`=(+)=========================================(+)=´[0m
