[94m.=(+)==================[ 0 ]==================(+)=.[0m
[94m||                                               ||[0m
[94m||[94m(-·.,·;:'--,·;:[91m:[93m,´    [97m/¡\    [93m`,[91m,.[94m·;:'·--·;:'·.)[94m||[0m
[94m||[94m(:'·.,--: [32m\¡/ [91m·:- [93m(` [97m/;·;\ [93m´) [91m--, [32m\¡/ [94m·.,-;:'·.[94m||[0m
[94m||[94m·;:'(-,·; [32m`=,  [91m·:   [93m(´o·o`)   [91m::;  [32m,=´ [91m;[94m.,·))'·[94m||[0m
[94m||[94m,·(( [97m,// [91m·- [32m`==,     [93m`,O,´      [32m,==´ [91m·-:[34m,o,o,[94m))[94m||[0m
[94m||[94m.( [97m<(´;( [91m··:[94m:: [32m`==,_  [93m\_/  [32m_,==´ [94m::.·[91m··[34m(o,o,o)[94m)[94m||[0m
[94m||[94m((,[91m· [97m`\_, [94m·';-:.··[93m; [32m|;;;;;| [93m:;[94m··';--)··[91m·[34m`o,o´[91m·[94m;[94m||[0m
[94m||[94m(·[91m,.((::[94m:.(((;:[93m:;': [32m(;;;;;) [93m-:;':;[94m;:)))·'[91m:[34m`o´[91m.·[94m||[0m
[94m||[94m:'[91m;((··[94m;:((··[93m;;·--' [32m(;;;;;) [93m;·:-):;;[94m::))·'[91m::)).[94m||[0m
[94m||[94m;[91m:: [91m}v{ [94m((:.[93m':((·:;  [32m);;;(  [93m';[93m·:;));;[94m::))[94m,-,-,[91m)[94m||[0m
[94m||[91m··((;,[94m·((;:[93m:;((;;[93m;; [32m(;;;;;) [93m)):'[93m:;));;[94m::[94m(o(o(o)[94m||[0m
[94m||[91m.·((:[94m:.((';[93m·((':[93m::( [32m(;;;;;) [93m;[97m*[93m)*:[93m:;));;[94m:[94m(o(o(o)[94m||[0m
[94m||[91m,.((:[94m::((·[93m;;((;'[93m;( [32m(;;;;;;;) [93m'));;[93m:)):;[94m;:[94m`-`-´[91m)[94m||[0m
[94m||[94m:.(('[93m;·((':[93m;((::'; [32m(;;;;;;;) [93m*))';[93m·:)':[94m';)).[91m.·)[94m||[0m
[94m||[94m::((·'[93m;((;'[93m';((;* [32m(;[93m<=[93m(o)[93m=>[32m;) [93m))*:[93m;));'[94m·')):[91m,.)[94m||[0m
[94m||[91m:[94m::(··[93m;;((;'[93m::( [32m/;;; [93m:';;; [32m;;;\ [93m;[93m:;) [91m,^, [94m);:[91m;,)[94m||[0m
[94m||[91m·[94m;:((··[93m;;((;'[93m; [32m/;;; [93m;; [97m¡ [93m'; [32m;;;\[91m<o,([93m;·[94m:.))'[91m::))[94m||[0m
[94m||[91m··[94m;:((··[93m;;((( [32m/;;; [93m:__ [97m¡ [93m_:: [32m;;;\  [91m`);;`, [94m·[91m·));[94m||[0m
[94m||[91m(··[94m;:(((·'[93m;· [32m/;;; [93m·[93m;* [97m,*, [93m;[93m;' [32m;;;\  [91m(;=;=;) [91m)):[94m||[0m
[94m||[91m(((·:[94m::((·' [32m/;;; [93m_;·:;':;;·__' [32m;;;\  [91m`);;;( [91m)·:[94m||[0m
[94m||[91m;,((·:[94m::.· [32m/;; [93m;':;;·:;':;;·:;[94m·· [32m;;\  [91m´`)`) [91m.[94m·;[94m||[0m
[94m||[94m'[91m;,(((::[94m: [32m/;; [94m::.··';::.··';::.__ [32m;;\ [91m.·)):;[94m.,)[94m||[0m
[94m||[94m('·[91m,.·__ [32m/; [94m·';::___________;::.··[91m· [32m;\ [91m.··[94m:')))[94m||[0m
[94m||[94m(((·.[91m.· [32m;/ [91m,.··:[94m::.··';::.··';[91m:;,.·_ [32m\; [94m,·;_)·.[94m||[0m
[94m||[94m·;:_ [93m,==´ [91m:;,__·::;,.··::;,.··___,.·· [93m`==, [94m;:'·[94m||[0m
[94m||[94m,·;:'·_,·;:'[91m;,.··::;,.__::;,.··::;[94m.,·;__·.,·;:_[94m||[0m
[94m||[94m_,·;:'·.,__:'·.,·;:[91m:;,.··::[94m·.,·;:'__,·;:'·.,__:[94m||[0m
[94m||[94m,~~-·,,~-··,~~-·,,~-··,~~-·,,~-··,~~-·,,~-··,~~[94m||[0m
[94m||[94m-··,~ [32m,-o-,___,--,___,--, [94m~~-·,,~-··,~~-·,,~-··[94m||[0m
[94m||[94m,,~ [32m<;==´;;`´;;;`´;;`=,~ [94m-··,~~-·,,~-··,~~-·,,~[94m||[0m
[94m||[94m~-·,,~- [32m`v´`v´`v´`v´ [94m~~-·,,~-··,~~-·,,~-··,~~-·[94m||[0m
[94m||[94m·,[31maw[94m-·,,~-··,~~-·,,~-··,~~-·,,~-··,~~-·,,~-··,~[94m||[0m
[94m||[94m~-··,~~-·,,~-··,~~-·,,~-··,~~-·,,~-··,~~-·,,~-·[94m||[0m
[94m||                                               ||[0m
[94m|>[97m- - - - - - - - - - - - - - - - - - - - - - - -[94m<|[0m
[94m||                   [97mTHE FOOL                    [94m||[0m
[94m||                [97m~ aleph · air ~                [94m||[0m
[94m`=(+)=========================================(+)=´[0m
