[90m.=(+)==================[ 0 ]==================(+)=.[0m
[90m||                                               ||[0m
[90m||[94m::.           [33m'              ·             '[94m.::[90m||[0m
[90m||[94m:.      [33m'              ·             '       [94m.:[90m||[0m
[90m||[94m. [33m'                  [93m, /\ ,                   [94m.[90m||[0m
[90m||           [33m·[97m/  [32m,´   [93m(´(oo)`)  [32m`,[97m\       [33m·      [90m||[0m
[90m||     [33m·   [97m/       [32m,=´ [93m`(~´)´ [32m`=,   [33m·[97m\           [90m||[0m
[90m||       [97m/  [97m__        [32m_/   \_          [97m\  [34m,o,o,  [90m||[0m
[90m||      [97m/[33m' [97m<(´\_  [96m/   [32m|;;;;|    [96m\[95m\    [33m'  [34m(o,o,o) [90m||[0m
[90m|| [33m'   [97m/        [96m/ [33m·   [32m(;;;;)    [33m' [96m\ [95m\     [34m`o´o´  [90m||[0m
[90m||    [97m(     [33m· [95m/[96m(       [32m);;(        [96m)  [95m\          [90m||[0m
[90m||   [97m([33m·     [95m/ [96m(       [32m(;;;;)       [33m·[96m)     [96m,-,-,  [90m||[0m
[90m||  [97m(      [95m( [96m([33m'       [32m|;;;;|         [96m)   [96m(o(o(o) [90m||[0m
[90m||  [97m(  [33m}v{   [96m(        [32m(;;;;;)        [96m)  [96m(o(o(o(o)[90m||[0m
[90m||[33m'[97m(      [95m(  [96m(   [33m·    [93m.=(o)=.        [96m)   [96m(o(o(o) [90m||[0m
[90m|| [97m(     [95m( [33m· [96m(       [32m/       \       [96m)    [96m`-`-´  [90m||[0m
[90m|| [97m( [33m·   [95m(    [96m(    [33m'[32m/;   [97m¡  [32m;\    [33m· [96m)            [90m||[0m
[90m|| [97m(     [95m(   [33m' [96m(   [32m/;    [97m¡  [33m·[32m;\    [96m)      [33m'[95m) [97m)   [90m||[0m
[90m|| [97m(   [33m' [95m(      [96m\ [32m/;  [33m· [97m,v,   [32m;\  [96m/   [91m,,´)       [90m||[0m
[90m||  [97m(    [95m(      [33m·[32m/;           [33m'[32m;\   [91m<,o.(_       [90m||[0m
[90m||  [97m(     [95m(     [32m/;   [96m\  [33m'    [96m/  [32m;\    [91m`==´;;`,   [90m||[0m
[90m||  [33m·[97m(    [95m(    [32m/; [33m'              [32m;\    [91m);;;;;;)[33m' [90m||[0m
[90m||    [97m(    [95m([33m' [32m/;           [33m·      [32m;\  [91m(;;;;;;(   [90m||[0m
[90m||    [33m'[97m\    [95m\[32m;/      [33m·             [32m\   [91m`))´`))´  [90m||[0m
[90m||      [97m\   [32m;/[95m\[33m·             '      [32m\;[95m/ [97m/   [33m·    [90m||[0m
[90m||        [93m,==´  [95m\      [33m'             [93m`==,        [90m||[0m
[90m|| [33m·       [97m\     [33m' [95m\            [33m·[95m/   [97m/        [33m'  [90m||[0m
[90m||        [32m,--,[97m\[32m__,--, ___,-o-,_   [97m/              [90m||[0m
[90m||   [33m' [32m~<=´ ;; `´ [97m\[32m;; `´ ;; ,=[97m/[32m>                 [90m||[0m
[90m||        [32m`v´`v´ `v´ `v´`v´                      [90m||[0m
[90m||   [33m_,.-·-.,_,.-·-.,_,.-·-.,_,.-·-.,_,.-·-.,_   [90m||[0m
[90m||[33m·             '              ·             '   [90m||[0m
[90m||  [90maw    [33m'              ·             '         [90m||[0m
[90m||  [33m'              ·             '              ·[90m||[0m
[90m||                                               ||[0m
[90m|>[37m- - - - - - - - - - - - - - - - - - - - - - - -[90m<|[0m
[90m||                   [37mTHE FOOL                    [90m||[0m
[90m||                [37m~ aleph · air ~                [90m||[0m
[90m`=(+)=========================================(+)=´[0m
