[94m.=(+)==================[ 0 ]==================(+)=.[0m
[94m||                                               ||[0m
[94m||[94m': [94m/[94m''· ,,:    '[94m-[94m·[94m-[94m'[91m; ·:;[94m,[94m-[94m,[94m- [94m;':;:·;';;[94m\\[93m‾v´[94m';[94m||[0m
[94m||[94m'[94m/[94m·;' ···: [94m//[91m;: :;:";·;·::  :·  [94m\\[94m':; ·' ·[94m\\[94m:  [94m||[0m
[94m||[94m/[94m' ·';' [97m__  [91m:·:;:;:::". :"  :;;;::;[94m\[94m;·  [34m,o,o, [94m;[94m||[0m
[94m||[94m:; ·;, [97m<(´\_ [91m:;"". [93m,     , [91m"::" ;  [93mw [94m\ [34m(o,o,o) [94m||[0m
[94m|| [94m':·[94m//[91m:::  [32m`==,  [94m·' [93m´ /¡\ ` [94m'[97m\\ [32m,==´ [91m:: [34m`o`o´ [94m;[94m||[0m
[94m||[94m: ,[94m([91m:;;"· ·[97m//  [32m`==,  [93m(o_o) [94m· [32m,==´ [91m: :".:[94m) [94m;:·; [94m||[0m
[94m||[94m: [94m([91m;.: ;·:[97m/[94m~·-~·~' [32m` |;;;| ,=´  [94m· [97m\ [91m·; : [94m)[94m' ··'[94m||[0m
[94m||[94m:[94m( [91m;:":"[97m([94m·~ ~'·- [97m/[93m' [32m(;;;;;) [94m~'-~-~~[97m)[91m:": [94m,-,-,  [94m||[0m
[94m||[94m:[94m( [91m: [91m}v{ [94m~·~~'·[97m([93m;'.. [32m);;;( [93m;.[97m\    [94m· [97m)  [94m(o(o(o) [94m||[0m
[94m||[94m([91m.".: "[97m([94m·~·~~ [97m([93m'''; [32m(;;;;;) [93m';[97m)[94m~ -~:[97m)[91m: [94m(o(o(o) [94m||[0m
[94m||[94m( [91m:·;:[97m([94m:~~·~ [97m([93m;;''  [93m<=(o)=>  [93m;[97m)[94m- ·~~~[91m:: [94m`-`-´  [94m||[0m
[94m||[94m(  [91m; "[97m([94m:··:'·[97m([93m':;  [97m( [32m/; ;\  [93m''[97m)[93m;::.'[97m)[94m~· ·''[97m)[91m;:"[94m||[0m
[94m||[94m([91m:  ;:[97m([94m:-~-'·[97m([93m;:.: [32m/;  [97m¡  [32m;\ [97m)[93m''. : [97m) [94m''-~~[97m)[91m::"[94m||[0m
[94m||[94m(  [91m; ;"[97m([94m: - -~[97m(  [32m/; [93m;[97m\ [97m¡ [97m// [32m;\ [93m;..:[97m)[94m~~:~ ~[97m)[91m:""·[94m||[0m
[94m||[94m:[94m([91m: ·  [97m([94m~~ ·~' [32m/; [93m;.; [97m,v, [93m.;: [32m;=  [97m)[94m·'~'~ [97m) [91m·:""[94m||[0m
[94m||[94m'[94m([91m·;""::[97m([94m'-  [32m/; [97m\\[93m':[97m* [93m.;;[97m**[93m:';' [93m`==, [94m·-~[97m)[91m".:·: [94m||[0m
[94m||[94m; [94m([91m;:·:. [93m,==´ [94m~'~~~~[97m_[93m';;;.:;[97m//[94m'- [91m,´)_ [94m·[97m/[91m· ::;":[94m||[0m
[94m||[94m,,:[94m( [91m;: ·  [97m\[94m-·~'~·'~''~'··~·~· [91m<o´;;`, [91m;.":;"[94m)[94m·[94m||[0m
[94m||[94m',:;[94m\ [91m;.: ":;[97m\\[94m~:-~ ~··- --~ ~  [91m);;;;;)   [91m;;[94m/ [94m;[94m||[0m
[94m||  [94m:  ;[94m\[91m:.·;·." :·;[97m_  [94m·-~-· ''~ [91m(;;;;;( [91m"":[94m/[94m; · [94m||[0m
[94m||[94m';:·:; '[94m\[91m;.; ;;;.::   ·:;:·:.:: [91m`)´`)´ [91m·[94m/ [94m''  '[94m||[0m
[94m||[94m,[94m\ [94m';·''',[94m\\[91m:·;·;;;;" .:;  :: ::·; ; [94m//[94m·:;,:'  [94m||[0m
[94m||[94m· ,[94m\ [94m:'··'·;··[94m_[94m·[91m;:;"": . ..:::"..[94m// [94m;;'   ';;[94m//[94m||[0m
[94m|| [94m',·;[94m\[94m'';, ;; ,···  ·:[94m_[94m:[94m_[94m'[94m_[94m,; ·,·; :: ';;;,[94m/ [94m;,[94m||[0m
[94m||[94m',,::,· [94m\\[94m;;;;;· :·:·' ; ::;· ';::  ·· ·[94m/[94m;:· ;'[94m||[0m
[94m||[94m\[94m':··; ,, ,;[94m_[94m·';  ';:·; ;:  ·';''''[94m/// [94m;·';   ;[94m||[0m
[94m||[94m' [94m\\[94m, '; ;;   '::'[94m_[94m,[94m_[94m;[94m_[94m;[94m_[94m,[94m_[94m'[94m_[94m;[94m_[94m·,  ''' ;  ::' [94m/[94m||[0m
[94m|| [94m,,'·[94m\ [32m,--,___,--,___,-o-,_ [94m'' · ;·::·, :,[94m//[94m·' [94m||[0m
[94m||[94m·': [32m~<=´ ;; `´ ;;; `´ ;; ,==>  [94m':, :;:[94m//  [94m:'  :[94m||[0m
[94m||[94m~'~ ~~' [32m`v´`v´ `v´[94m'[32m`v´`v´[94m~~' ~~'-·-~ ~·~·-·· ~·[94m||[0m
[94m||[94m-'  ~ '~~'- ~-~-·~-··~-~·  ~~-~ '· ~-~~~ -··' ~[94m||[0m
[94m|| [31maw [94m~~~~· '~'·~ · -' ~ ''-~- ---  -·'' ~~~'~~~ [94m||[0m
[94m||                                               ||[0m
[94m|>[97m- - - - - - - - - - - - - - - - - - - - - - - -[94m<|[0m
[94m||                   [97mTHE FOOL                    [94m||[0m
[94m||                [97m~ aleph · air ~                [94m||[0m
[94m`=(+)=========================================(+)=´[0m
