[94m.=(+)==================[ I ]==================(+)=.[0m
[94m||                                               ||[0m
[94m||[91m<^=,_´=~=,_‾=,[34m· ;'[93m,==([97m\v/[93m)==,[34m'·: [91m,=‾_,=~=`_,=^>[94m||[0m
[94m||[34m:  [91m‾´‾`=,_ [34m////////[93m`==,[97m·[93m,==´[34m\\\\\\\\ [91m_,=´‾`‾  [34m·[94m||[0m
[94m||[34m//// [91m~==´ [93m\¡/ [97m"'"*"[93m,sS([97m"[93m)Ss,[97m"###"":" [91m,==, [34m\\\\\[94m||[0m
[94m||[34m' ' [34m'; ; '[94m: [93m;´ [93m,sS´[97m: [93m,‾, [97m"':[93m`Ss,[97m"""[94m: [91m(@)/  [34m;: :[94m||[0m
[94m||[34m;[34m' : ·[34m/// [93m¡e(  [93m,=´ [97m" [93m,´‾`, [97m'":'": [93m)e^ [34m\\\ · '· [94m||[0m
[94m|| [34m: [91mo===o [34m· [34m:[94m:[97m#"": [93m,´ [93m(´·`) [97m::""#::[94m;[34m;; [34m' ·\\\\;;[94m||[0m
[94m||[34m/[94m\[34m;; : ·'[34m'//[94m::[97m"::" [93m(;';;';;) [97m"':"[94m;:[34m\\[34m· [34m' :: ·[94m/[34m\[94m||[0m
[94m|| [34m:[94m\[34m; [93m,&, [34m/·; [94m;;[97m':" [93m(;;;;;;; `= [91m<[97m(o)[91m> [34m\\;· : [94m/[34m: [94m||[0m
[94m||  [34m:[94m\ [93m(%) [34m· //'[94m;;[97m*:: [93m(;;;;;)  ;) [94m:[34m'[34m\\[34m· '[34m\\· [94m/ [34m;·[94m||[0m
[94m||[34m:: '[94m\ [91m¡ [34m; / :; [94m:[97m#": [93m(;;;;;) ,;/ [34m' ·: [91mc(_)o  [34m' ·[94m||[0m
[94m|| [34m'[34m// [93m·-· [34m/ : :[34m· [94m;[97m":' [93m);;;( [93mo== [34m· [34m· '' [91m`-´ [94m/////[94m||[0m
[94m||[34m//· [93m,(*), [34m';: [34m;: [94m:[97m" [93m(;;;;;) [97m*[94m: [34m' [94m///////// [34m:·[34m\\[94m||[0m
[94m||[34m;' ' [93m`·´  [34m: :[34m' ;   [93m(;;;;;;;=,_ [94m//  [34m:  [91m<==+  [34m;· [94m||[0m
[94m|| [93m· [34m·/[94m-[34m'[94m\[34m:[94m- [34m· [94m-///// [93m|;;) [97m" [93m;;=,_ [94m- [34m·:[94m-[34m'[94m/[34m:[94m-[34m\[34m· [94m- [94m||[0m
[94m||[34m· ·[93m* [94m/[93m·[94m///////[34m:: :  [93m|;;| [97m:#[94m;  [93m(;;)   [34m;[94m/[34m' ' [34m\[34m' '[94m||[0m
[94m||[94m//[93m·[94m// [34m: ·[94m\[34m;[34m: [91m,=´;;; [93m(;;| [97m: [91m) [93m,;;/  [34m: [94m/[34m; : ';[34m\\ [94m||[0m
[94m||[34m/·; ; ': [91m,=´;;;;;;(  [93m;;| [94m: [93m;;/ [91m;;;;`=,   [34m: :  [34m\[94m||[0m
[94m||[34m:  [34m;  [91m,=´;;;;;;;;;(  [93m;;|  ;/ [91m;;;;;;;;;`=, [34m, [34m; :[94m||[0m
[94m|| [34m· [91m,=´;;;;;;;;;;;(   [93m;;;,[93ms[34m;  [91m);;;;;;;;;;;`=, [34m: [94m||[0m
[94m|| [91m(=;;;;;;;;;;;;;\ < [93m\;,;/ [91m>[34m;  [91m/;;;;;;;;;;;;;=) [94m||[0m
[94m||[91m(;;;;;;;;;;;;;;\ [34m:, ; :[93mx [34m: ;   [91m/;;;;;;;;; [33m,¡ [91m;)[94m||[0m
[94m||[91m\;;=,;;;;;;;;;\ [34m; ;, ;%[93m|[34m%:, ; : [91m/;;;;;;; [33m,\( [91m;/[94m||[0m
[94m|| [91m‾\;;=,;;;;;=´ [34m;,, ::;;[93m|[34m; ;;,; : [91m`=;;;;; [33m(e´)  [94m||[0m
[94m||[34m,; [91m‾`==,;,=´ [34m;,, ,;;;;&[93m|[34m&; ;;;; ,, [91m`=,;, [33m/;;,) [94m||[0m
[94m||[34m;;,;:;,:[94m·[91m\[94m·[34m:[94m·[34m,:;,;:;;%;[93m|[34m;&;;[94m·[34m;[94m·[34m;[94m·[34m,;:[91m//[34m; [33m(;;;/ [94m·[94m||[0m
[94m||[34m:;;;[94m··[34m;;;;;[91m\\[34m;[94m··[34m,:,:&;%[93m|[34m%;%;;;;;;;[91m//[34m;;; [33m/,/\, [34m:[94m||[0m
[94m||[91m\[94m·[91m\[34m,[94m·[34m:;,;:;,[94m·[91m\\[34m,;:;%;&;[93m|[34m;%;%[94m·[34m:;[94m·[91m//[34m;,;:;[94m· [33m´  `~ [94m||[0m
[94m||[34m,,,[91m\\\\[34m,,,,,,;;[91m\\[34m;%;%;%[93m|[34m&;%&%:[91m//[34m:::::::[94m·[91m////[94m·[34m;;[94m||[0m
[94m||[34m;:;,;:;[91m\\\\\[34m,,;:;&;%;%;[93m|[34m;&;&;%[94m·[34m,;[94m·[34m:[91m//[94m·[91m//[94m·[34m,;:[94m·[34m,,[94m||[0m
[94m||[34m:[94m·[34m:,[94m··[34m;;[94m·[34m:,:[94m·[91m\\\\[34m;%;&;%[93m|[34m%;%;&;[91m///[94m·[91m/[34m,:[94m·[34m:;;[94m·[34m;;,:,[94m||[0m
[94m||[34m;:;,[94m·[34m;,:;,:;,[94m·[34m;,;% [94m_,-‾[93m|[94m,_ [34m%;%;;:,;:[94m··[34m:,;:[94m·[34m;:;;[94m||[0m
[94m||[34m,,[34maw[34m;;::;[94m·[34m;,[94m··[34m;;&;%;%;[93m=|=[34m;&;%;%;,,;;;::;;;,[94m·[34m,;[94m·[94m||[0m
[94m||                                               ||[0m
[94m|>[97m- - - - - - - - - - - - - - - - - - - - - - - -[94m<|[0m
[94m||                   [97mTHE MAGUS                   [94m||[0m
[94m||              [97m~ beth · mercury ~               [94m||[0m
[94m`=(+)=========================================(+)=´[0m
