[94m.=(+)==================[ I ]==================(+)=.[0m
[94m||                                               ||[0m
[94m||[34m'[91m<~==--,__,---~==-- [93m,(´[97mV[93m`), [91m--==~---,__,--==~>[34m;[94m||[0m
[94m||[34m· ·[91m`~==--´[34m: :[93m¡[34m;;;[34m''  [93m`,[97m¡[93m,´ [34m: :[34m; [93m^ [34m;; [91m`--==~´[34m; ;[94m||[0m
[94m|| [34m; [34m:;:; :;:; [93m<o~ ,~~,  [93m| [97m' [93m,~~, ~o> [34m· ; ' '; [34m: [94m||[0m
[94m||[34m::: :;;; [34m;· [94m\  [93m\¡/ [93ms `,x,´ S [97m" '' [94m/[34m:::[34m;' ' '· ·[94m||[0m
[94m||[34m;:;::[34m'· [91mO=\ [34m:[94m\  [93m\;,   ,;,   [97m' · "[94m/[34m'[34m:: [91m,----, [34m' [94m||[0m
[94m||[34m:[34m·· ' ;;' [91m\ [34m:;[94m\ [97m" [93m`[91m~ [93m(´v`) [91m~  [97m''[94m/[34m· ' [91mO_‾‾‾_O [34m;[34m'[94m||[0m
[94m||[34m' '' · [34m;:: [91m·  [34m'[94m\ [97m'  [93m,(;;;),  [97m'"[94m/[34m;;[34m· '' ; [34m::;;::[94m||[0m
[94m||[34m;· ' [34m:;;::;; [34m' ·[94m\[97m'  [93m(;;;;;)`=;[94m/ [34m;[91m<~[97m(o)[91m~>[34m' [34m: ;::[94m||[0m
[94m|| [34m;[34m:;; [93m)*(  [34m;·;'[34m;:[94m\   [93m);;;(   [94m/[93m`;o[34m:;;; [34m;  ' ; [34m;;[94m||[0m
[94m||[94m--[34m;:: [93m(%) [34m; ·'[34m;:;[94m\[97m·  [93m(;;;)   [94m/[34m· ; [34m;::;:[34m''·' ;[94m--[94m||[0m
[94m||[34m;:[94m--- [91m`|´  [34m· [34m:;;;;[94m\ [93m(;;;;;) [94m/ [34m·' '[34m;:: [91mc`--´o [34m· [94m||[0m
[94m||[34m::; ;[34m· [91m| [34m';'[34m:;;:;: [94m\ [93m(;|  `=;,_   [34m;[34m;:  [91m\;;/ [34m';·[94m||[0m
[94m||[34m;::: [34m;·;·[94m----[34m:;; ;[34m'  [93m;;| [97m'[94m/[34m: [93m;) [34m; [94m----[34m: [91m_¡_ [34m'' [94m||[0m
[94m||[34m:; [34m' [93m,--, [34m:; [94m---[34m: [34m;' [93m;;| [94m/[34m: [93m;/ [94m--- [34m'·[34m;:;:;:;:[34m' [94m||[0m
[94m||[34m' ' [93m(;[93m*[93m;) [34m;;;:::[94m---- [93m;;| [34m: [93m;/ [94m-[34m'' ' '[34m;;: [91m` [34m::::[94m||[0m
[94m||[34m;' ' [93m`--´ [34m;[93m·[34m;;:;[34m· ;  [93m`;|  ;/ [34m;: [34m;; · [91mo+===> [34m:;;[94m||[0m
[94m|| [34m'' ' ;·[34m:;[93m*[34m;[93m·[34m:: [91m_,~  [93m`,x,´  [91m~,_  [34m;·'' ' [34m:::: ;;[94m||[0m
[94m||[34m·  [91mO===O [34m;;[93m*[34m; [91m<=e=´ [34m; [93m,V, [34m: [91m`=e=> [34m·''· ' [34m;::; :[94m||[0m
[94m|| [34m' ·· [91m` [34m:::;;[94m---[34m' ' [93m,´ [93m|[34m:[93m`,[34m;;::[94m--- [34m··'' ; [34m;;;: [94m||[0m
[94m||[34m; · '[34m;::;[94m----[34m;:[93m_,==´ [34m;;[93m|[34m;;[34m:[93m`==,_[34m··[94m----[34m'' '[34m;::;;[94m||[0m
[94m||[34m''[94m\[34m·[34m;;[94m---[34m;[93m_,==´[34m' [93m_,-´[34m;;[93m|[34m;;[93m`-,_[34m;;[93m`==,_[34m;[94m---[34m''[34m:[94m/ [34m;[94m||[0m
[94m|| [34m;[94m-\\[93m_,==´ [34m; [93m_,-´ [34m;;;;:[93m|[34m;;;:; [93m`-,_ [34m:;[93m`== [33m,o [94m-[34m: [94m||[0m
[94m||[94m-[93m,==´[94m\\[34m· [93m_,-´ [34m:;;;:;;;;[93m|[34m: ;;;: :; [93m`-,_[34m; [33m/´ [93m==,[94m-[94m||[0m
[94m||[93m=´ [34m; [93m_,-´ [34m···· ; ;;;; ;[93m|[34m;;;:::: ;;;;  [33m(o´)  [34m·[93m`=[94m||[0m
[94m|| [34m·[93m,-´ [34m;: [94m\\[34m: ;;:; ;:;; [93m|[34m;;: ;:;;;;;: [33m,(;;)´ [93m,[34m;·[94m||[0m
[94m||[34m: ·; ; ;·;·[94m\\ [34m;;;; ;;%;[93m|[34m;;;:;%;:;:[94m// [33m(;;;(  [34m: :[94m||[0m
[94m||[94m---[34m; :; · ;;:[94m\\[34m;:;;;:;;[93m|[34m:; ;:;; [94m//[34m;; [33m´L`L [34m; [94m---[94m||[0m
[94m|| [34m;;[94m----[34m; ; ;;::[94m\\[34m::::%:[93m|[34m::; ;;[94m// [34m;;;;  [33m`c_,´ [34m;;[94m||[0m
[94m||[34m; ·; :·[94m-----[34m;;;;:[94m\\[34m%;:;[93m|[34m;::;[94m//[34m:;;;;[94m----- [34m;; ·;;[94m||[0m
[94m|| [34m; ;: ; ;;;;[94m-----[34m;;[94m\\[34m%;[93m| [34m:[94m//[34m; [94m-----[34m;;;; ; ;· : [94m||[0m
[94m||[34m· ; :;;;;;;;;;[94m_,-------[93m|[94m-------,_[34m;:;; ;;::;·: ·[94m||[0m
[94m||[34m;;[34maw [34m:;%;;; [94m,´[34m:: ;;;;[94m--[93m|[94m--[34m;;;;;;[94m`,[34m:::; ;;;; ;· [94m||[0m
[94m||                                               ||[0m
[94m|>[97m- - - - - - - - - - - - - - - - - - - - - - - -[94m<|[0m
[94m||                   [97mTHE MAGUS                   [94m||[0m
[94m||              [97m~ beth · mercury ~               [94m||[0m
[94m`=(+)=========================================(+)=´[0m
