[94m.=(+)==================[ I ]==================(+)=.[0m
[94m||                                               ||[0m
[94m||[34m\[34m·[93m,,==;;=='''‾´[34m\ [34m\[93m,--~~[97m*[93m~~--, [34m//[93m`‾'''==;;==,, [34m/[94m||[0m
[94m||[93m<<===;;;===(([34m////[93m((  [97m\,_,/  [93m)) [34m\\ [93m))===;;;===>>[94m||[0m
[94m||[34m////''‾' [91m,==´ [34m//[34m·[93m¡[34m·[93m`--,[97mv[93m,--´[34m\[93m+[34m·[34m\\\\  [91m,===, [34m\·\\[94m||[0m
[94m||[34m· [34m// //[34m·[94m\:' [93m\¡/ [97m·'[93m,6´)~x~(`6,[97m' "' "' [91m(o__) [34m\\\[34m·[94m||[0m
[94m||[34m///[34m··[34m///[94m\ :[97m·  [93m,=´ [91m<´ [93m,;;;, [91m`> [97m"'"''"[94m'[34m\[94m/[34m·· [34m\\\[34m··[94m||[0m
[94m||[34m//[34m/· ////[94m\ ·[97m"""" [93m,=´ (´·`) [97m'""·""'"[94m· /[34m\\\\·\·[34m\\[94m||[0m
[94m||[34m//  [93m)*( [34m·[34m/[94m\[34m/ [97m"'""·" [93m(;;;;;) [97m"·"[94m\[97m·[91m<[97m(:)[91m>[34m·\\ \\ \\[94m||[0m
[94m||[34m//// [91m`¡´ [34m//[94m\:·[97m'·'[94m/[97m' [93m(;;;;;)`=,_[97m·'[94m:·/[34m\\\\\\[34m\\\\\[94m||[0m
[94m||[34m·/[34m/[34m·[34m//[34m·[34m///[34m/[94m/[94m\::[97m''·'' [93m);;;( [97m" "[93m\, [94m'/[94m\[34m\[34m\[34m·[34m\\\\\\[34m\\[94m||[0m
[94m||[34m/[34m·[34m/[34m··[34m/[34m·[34m/[34m//[94m/[34m//[94m\::[97m·"'" [93m(;;;) [97m" [93m\¡/ [94m/[34m·\[94m\ [91mo\_/o [34m\\\[94m||[0m
[94m||[34m// ///[34m//[94m//[34m//·[94m\[94m/[94m::[97m·  [93m(;;;;;) [97m''[94m' [94m\[94m/[34m\[34m\\[94m\ [91m`-´ [34m\\\\[94m||[0m
[94m||[34m// [93m,=*=, [34m//[34m//[94m/[94m\[34m/[94m·[97m"" [93m(;;;;;) [97m' [94m·[34m·[94m/[94m\[34m\\[34m\\\[94m\\[34m\ [34m\\[34m·[34m\[94m||[0m
[94m||[34m// [93m`---´ [34m/[34m/ [94m/[34m/ [94m\[34m/[94m:[97m'' [93m);;;( [97m''[94m:[34m\[94m/[34m·[34m\[94m\[34m\[34m· \\[94m\\\[34m\\[34m\\[94m||[0m
[94m||[94m-[34m/[94m///[34m/[94m-[34m/[94m-[34m/[94m-/- [93m(;;;;;;´[97m"[93m|[97m·[93m;;;\ [94m/[34m\[94m-[34m\[94m-\-[34m\[94m- [91m<==+o [94m-[94m||[0m
[94m||[34m/[94m//[34m// //[34m//[94m/[34m/// [93m\;, [94m'[97m" '[93m| [97m· [93m;;\ [34m\[34m\\ \[94m\ [34m\[34m\ \\\[94m\\[34m\[94m||[0m
[94m||[94m/ [91mo=¡=o [34m/[94m/[34m////[34m// [93m\;, [97m"'[93m|[97m''[94m'' [93m;;) [34m\\ [34m·[94m\[34m\\\[34m\ \·\[94m\[94m||[0m
[94m||[34m/ // [34m/[34m·[34m/[94m/[34m// /[34m/ /· [93m\;, [94m'[93m|[94m''' [93m,;/ [34m\\[34m\\\\[94m\[34m\ \[34m· \\\[94m||[0m
[94m||[34m/// [34m// [94m/[34m/[34m·[34m//[34m·//· | [93m\; [94m:[93m|[94m· [93m,;/ [34m·\ ·[34m\ [34m·[34m\\[94m\[34m\\[34m·\\ \[94m||[0m
[94m||[34m/ /[34m///[94m/[34m/[34m·[34m///[34m·//[91m<==´ [93ms[93m;;;;;[93ms[91m`==>[34m\\ \[34m\\\\\[94m\[34m\\ [34m\\ [94m||[0m
[94m||[34m/[34m/[34m·[34m//[94m/[34m/[34m·[34m/ [93m·*·[34m/· |||| [93m\;;;/ [34m|·||\\·\ [34m\\ \[34m·[94m\[34m\\\\[34m\[94m||[0m
[94m||[34m/ //[94m/[34m/////[34m/·///||[93m==;; [93m\;/ [93m;;;; [34m|\ \\\[34m\\\\\[94m\[34m·[34m\\ [94m||[0m
[94m||[34m// [94m/[34m////  // [94m·[93m=;;;´[94m/·//[93m|[94m\\\\[93m`==;;[34m\[34m\\\ [33m,m, [34m\[94m\ [34m\\[94m||[0m
[94m||[94m·[34m/[94m·  [34m// [34m// /[93m;;;;´ [94m////[34m;[93m|[34m%[94m\\\· [93m`====[34m\ [33m/; [34m\[94m· ·\[34m\\[94m||[0m
[94m||[34m/[94m/ [34m// // /[93m;;;´[34m/ [94m/////[34m%;[93m|[34m%;[94m\\\\· [34m\[93m`; [33m,(o´, [34m\\ [94m\[34m\[94m||[0m
[94m||[94m/·[34m////[94m·[93m;;==´[34m/ [94m/////[34m: ;x[93m|[34mx;;%[94m\\\\\[34m\\ [33m(;;;;;) [94m· \[94m||[0m
[94m||[34m//[94m·[34m//[93m;===´[34m//[34m/[94m///[34m/[94m//[34m;;xx[93m|[34m;x%;[94m\\[34m\[94m\\\  [33m);;;;(_, [34m\\[94m||[0m
[94m|| [34m/[93m;===´[34m/// [94m// [34m/[94m//[34m%:;;x%[93m|[34m;: ;;%[94m\\ [34m\[94m\\ [33mU´`U  `c [94m·[94m||[0m
[94m||[93m====´[34m/// [94m// [34m/[94m///[34m;; %;;%[93m|[34m%;;%xx;[94m\\\ [34m\[94m\\[34m\[34m\ \[94m·[34m\[94m·[34m\\[94m||[0m
[94m|| [34m// // [94m·/ [34m//[34m/[94m//[34mx;%%;;:;[93m|[34mx;;%; :;[94m\\· [34m\\[94m\\[34m\[34m\ [94m·[34m\ \[94m||[0m
[94m||[34m/ // [94m//[34m/ //[94m/·[34mx;;;[94m_,,--~[93m|[94m~--,,_[34m;x:%[94m\\[34m\ \\[94m\·[34m\ [34m\[94m·[34m\[94m||[0m
[94m|| [34m/[34maw[94m/· [34m// [34m/[94m//[34m:;:;%x;:;;[93m|[34m;x%;% ;:;%[94m\\[34m\[34m\\\\\[94m\·[34m\ [34m\[94m||[0m
[94m||[34m/ [94m/[34m///[94m··[34m/[94m//[34mx;;;;;;:x% :[93m|[34m;;;;;:xx%: ;[94m\\[34m\\ \\ [94m\[34m\ [94m||[0m
[94m||                                               ||[0m
[94m|>[97m- - - - - - - - - - - - - - - - - - - - - - - -[94m<|[0m
[94m||                   [97mTHE MAGUS                   [94m||[0m
[94m||              [97m~ beth · mercury ~               [94m||[0m
[94m`=(+)=========================================(+)=´[0m
