[94m.=(+)=================[ II ]==================(+)=.[0m
[94m||                                               ||[0m
[94m||[34m;;:[92m_,~~~-,_[94m\\ [34m·;;  [93m\ )(O)( /  [34m;;::[94m//[92m_,-~~~,_[34m·;;[94m||[0m
[94m||[34m: [92m,´ ·;[94m*[92m;[94m\[92m`-,_[94m\\\\  [93m\¡ | ¡/  [94m////[92m_,-´[94m/[92m·[94m* [92m;·`, [34m;[94m||[0m
[94m||[92m:/;·: ;· ; :;`,:[94m''\  [97m,´‾`,  [94m''[34m: [92m,´;·:;;·: ; ;\ [94m||[0m
[94m||[92m(····· :::: ;;;;[94m'''  [97m(· ·)  [94m'''[92m::: ;; ;;;; ;;;)[94m||[0m
[94m||[92m(; ·; [93m((c´[97m`-,_[94m///''  [97m`,_,´  [34m;[94m''\\[97m_,-´[93m`c)) [92m;;:·)[94m||[0m
[94m||[34m;[92m\; [94m//////[94mx[92m;[97m`===,_  _(`:´)_  _,===´[92m;[94mx[94m\\\\\\[92m· /[34m;[94m||[0m
[94m||[94m/[94m|[92m`-,_ ;;:;[94m\·\ [97m`==-,(x`:´x),-==´[34m·[94m/ /[92m: ·:;_,-´[94m|[94m\[94m||[0m
[94m||[34m·[94m| [34m;[92m`~-,_[34m;;·[94m\[34m:[94m\[34m:;   [97m(x:::x)  [34m· :[94m/[34m:[94m/[34m;·;[92m_,-~´ [34m;[94m|[34m;[94m||[0m
[94m|| [94m||[34m;;:;: ·:;[94m\[34m;;[94m\·[34m:  [97m)x`:´x(  [34m;[94m·/[34m·:[94m/[34m·:;·;;:;:[94m||[34m:[94m||[0m
[94m||[34m:[94m|[34m;;··::; ::;[94m\ [34m·[94m\[34m;  [97m(x-:-x)  [34m:[94m/[34m;[94mx/[34m::;;::;; ·:[94m|[34m;[94m||[0m
[94m||[34m;[94m||[34m;[94m\[34m;; ;· ·:[94mx\ [34m:[94m\  [97m)x`:´x(  [94m/[34m;;[94m/[34m;[94m·[34m;·; ;·:[94m/ [94m||[34m:[94m||[0m
[94m||[34m:[94m|[34m·;;[94m\[34m:: ;;;:::[94m\[34m·· [97m,(x-:-x), [94m·[34m·[94m/[34m;;;::;;;:[94m/[34m:· [94m|[34m;[94m||[0m
[94m||[34m·[94m||[34m·::  [91m,cC=~-,_               _,-~=Cc,  [34m;::[94m||[34m:[94m||[0m
[94m||[34m;[94m|[34m:·;;[94m\[34m·[94mx[34m;:·  [91m`--,_____________,--´  [34m:[94mx[34m·[94m/[34m:;·;[94m|[34m;[94m||[0m
[94m||[34m:[94m||[34m·:;;[94mxxx[94m//[34m;:[94m///[34m;[97m/|xX[91m[=][97mXx|\[34m:[94m\\\[34m· [94m\\[94mxxx[34m·:;:[94m||[34m·[94m||[0m
[94m||[34m;[94m|[34m;[94m////*[94m\x[34m·:[94m//[34m;[94m/[34m:[94m/[97m/|XxX|XxX|\[94m\ \[34m;[94m\\[34m;·[94mx/[94m*\\\\[34m:[94m|[34m;[94m||[0m
[94m||[94m/[94m||[34m······[94mxx[94m/[34m·[94m//[34m·[94m/[97m/x|xXx|xXx|x\[94m\[34m;[94m\\[34m;[94m\[94mxx[34m::::::[94m||[94m\[94m||[0m
[94m||[34m·[94m|[34m;[94m\[34m:· ;:[94mx\[34m;[94m*[34m::[94m//[97m/X|XxX|XxX|X\[94m\\[34m;:[94m*[34m·[94m/x[34m::·;;[94m/[34m:[94m|[34m;[94m||[0m
[94m||[34m;[94m||[34m:[94m\[34m;:[94m//[34m·[94mxx[34m;:[94m/ [97m/Xx|xXx|xXx|xX\[34m;[94m\ [34m;[94mxx[34m;[94m\\[34m:·[94m/ [94m||[34m·[94m||[0m
[94m||[34m:[94m|[34m· [94m*[94mx[94m/[34m·::[94mx\[34m:[94m/[34m:[94m/[97m/xX|XxX|XxX|Xx\[94m\[34m:[94m\[34m:[94m/x[34m;· [94m\[94mx[94m*[34m:;[94m|[34m;[94m||[0m
[94m||[34m;[94m||[94m//[34m;[94m\[34m;;[94m/[94m|[34m:[94mx[34m:[94m/[94m/[34m;[94mXx[34m;[94mxXx|xXx|x[94m\[34m;[94m\[94m\[34m:[94mx[34m:[94m|[94m\[34m;·[94m/[34m;[94m\\[94m||[34m:[94m||[0m
[94m||[92m;[94m|[94m/[92m;; :[94m\[94m/[34m: [94mx\[94m/[34m;[94m/[94m/[34m·[94mX|X[91m\,_,/[94mX[34m;[94mXx[94m\[94m\[34m:[94m\[94m/x[34m;;[94m\[94m/[92m; ::[94m\[94m| [94m||[0m
[94m||[94m/ [92m:;;, [94m/[94m\[94m//[94m|[34m;[94mx[34m;;[94m/[34m;  [97m(´) (`)   [94m\[34m::[94mx[34m:[94m| [93m__,,- [91m/\ [94m\[94m||[0m
[94m||[92m,[94m,<>,[92m;[94m/ /[94m\[34m;:[94mx[34m·[94m\[94m*[34m::;::·;;:;;:··;[94m*[94m/ [93m_,,-´,- [91m/::\ [94m||[0m
[94m||[94m/:<>: [91m_,-(o)-,_  [97m(´),         [34m· [93m_,-´((@) [94m\\[92m,:::[94m||[0m
[94m||[94m\::: [91m( ( ´` ) )   [97m`-,__,^,_   [34m: [93m`~,_`~,_ [92m,;[94m\[92m;;:[94m||[0m
[94m||[92m:[94m`<> [91m(`-,__,-´)   [97m(;;;;;;;;;)  [94m/[94m\ [93m`~,_`~, [92m; [94m\[92m;:[94m||[0m
[94m|| [94m/[92m; [94m/ [91m`-,____,-´   [97m|(     )|  [94m/ [94m\[94mx[92m;; [93m`~,_ [94m\[92m, [94m\[92m:[94m||[0m
[94m||[94m,<::>, [32m,(:::), [34m:[94m\  [97mUU     UU   [94m,o(o)o, [92m, [94m,<::>,[94m||[0m
[94m||[94m`<::>´ [32m(:::::)  [34m·[94m\[34m:· :·;:·;; [94m/ [94m(o)o(o) [94m\[92m;[94m(::::)[94m||[0m
[94m||[92m:[94m/[92m; ,;  [32m`(:)´ [34m;:;[94m\[34m;:; ;:;:;:;[94m/[34m; [94m`o´o´ [92m;[94m\[92m;[94m`<::>´[94m||[0m
[94m||[94m/[92m:[34maw [92m:[94m/ [92m;,;,[94m/[92m;[34m;:;·[94m\[34m:;:;;·:; [94m/[34m;·:;[92m,[94m\ [92m:;:;[94m\[92m;,;, [94m\[94m||[0m
[94m||                                               ||[0m
[94m|>[97m- - - - - - - - - - - - - - - - - - - - - - - -[94m<|[0m
[94m||                 [97mTHE PRIESTESS                 [94m||[0m
[94m||               [97m~ gimel · moon ~                [94m||[0m
[94m`=(+)=========================================(+)=´[0m
