[94m.=(+)=================[ II ]==================(+)=.[0m
[94m||                                               ||[0m
[94m||[94m\[92m;_,--~~´[94m\[94m*[34m::;;:[93m·[94m\[93m·' )(O)( '·[94m/[93m·[34m:;;::[94m*[94m/[92m`~~--,_;[94m/[94m||[0m
[94m||[92m,-´_,-~´,·[94m\\[34m;:;:[93m·'[34m;[93m' /´|`\ '[34m;[93m'·[34m:;:;[94m//[92m·,`~-,_`-,[94m||[0m
[94m||[92m/,-´;[97m,--,[92m;;[94m\\[34m;[93m··[34m;[93m''[34m: [97m(-·-) [34m:[93m''[34m;[93m··[34m;[94m//[92m;;[97m,--,[92m;`-,\[94m||[0m
[94m||[92m(´;[97m(([93mo[97m`[92m,[97m--,_[94m\\[34m:[93m·· '[34m;; [97m)-( [34m;;[93m' ··[34m:[94m//[97m_,--[92m,[97m´[93mo[97m))[92m;`)[94m||[0m
[94m||[92m\`,,[97m`--´-,_[92m;[97m`-,_[93m·'[34m:[93m'[34m: [97m)x( [34m:[93m'[34m:[93m'·[97m_,-´[92m;[97m_,-`--´[92m,,´/[94m||[0m
[94m||[94m|[92m`-,_,·;[94m\\\[97m`-,_[94m*[97m`-,[94m\ [97m(x'x) [94m/[97m,-´[94m*[97m_,-´[94m///[92m;·,_,-´[94m|[94m||[0m
[94m||[94m|:[92m,`-,_,,;[94m\[94m\\[92m;;[97m`-,_[93m· [97m(x|x) [93m·[97m_,-´[92m;;[94m//[94m/[92m;,,_,-´,[94m:|[94m||[0m
[94m||[94m|:[92m;·;,`--,_·;[94m\*[92m·;[94m\\[34m; [97m)x|x( [34m;[94m//[92m;·[94m*/[92m;·_,--´,;·;[94m:|[94m||[0m
[94m||[92m·,·;;;;;;;`--,_[94m\\[92m;[94m\\ [97m(x|x) [94m//[92m;[94m//[92m_,--´;;;;;;;·[94m\[34m;[94m||[0m
[94m||[94m|:[92m;;·;;,;··;,,;·[94m\\\ [97m(xx|xx) [94m///[92m·;,,;··;,[34m;[94m\\[34m::[94m:|[94m||[0m
[94m||[94m|:[92m,;;··;;;,,;;···;[94m\ [97m(xx|xx) [94m/[92m;···;[34m;[94m\[34m::[94m\\[34m;;[94m\[34m;:[94m:|[94m||[0m
[94m||[94m|: [92m;;·,;;,·,;;,·;;; [97m)xx|xx( [92m;[34m;[94m\[34m;:[94m\[34m;:[94m)[34m::[94m)[34m:;[94m)) [94m:|[94m||[0m
[94m||[94m-[34m:[94m--(-[34m; [91m,cC==~~~~~~~~~-·-~~~~~~~~~==Cc, [34m;[94m-)--[34m:[94m-[94m||[0m
[94m||[94m|:[34m:[94m(([34m: [94m--[34m;[94m*[34m;[94m-- [91m`--,___[=]___,--´ [94m--[34m;[94m*[34m;[94m-- [34m:[94m))[34m:[94m:|[94m||[0m
[94m||[94m*[94m:[94m-[34m;[94m--[34m:[94m\\[34m::[94m--[92m;[94m*[92m;[94m-/ [97m(xx´|`xx) [94m--[92m;[94m*[92m;[94m--[34m::[94m//[34m:[94m--[34m;[94m-[94m:[94m*[94m||[0m
[94m||[94m|:[34m;:[94m\[94m*[94m-[92m,[94m-- \--[34m:[94m/// [97m/xx´|`xx\ [94m\\\[34m:[94m--/ --[92m,[94m-[94m*[94m/[34m:;[94m:|[94m||[0m
[94m||[94m-\--[92m;[94m\ -[92m·[94m*-[34m:[94m/*/[92m;[94m/ [97m/xxx´|`xxx\ [94m\[92m;[94m\*\[34m:[94m-*[92m·[94m- /[92m;[94m--/-[94m||[0m
[94m||[94m|:[94m\[92m,,[94m--[34m;;;[94m/// // [97m/xxxx´|`xxxx\ [94m\\ \\\[34m;;;[94m--[92m,,[94m/[94m:|[94m||[0m
[94m||[94m|:[94m--\[34m;:[94m\//[94m/[92m;[94m//[92m;  [97m/xxxx´|`xxxx\  [92m;[94m\\[92m;[94m\[94m\\/[34m:;[94m/--[94m:|[94m||[0m
[94m||[94m*[94m:[34m;::[94m*[94m//[34m;[94m\[94m*[94m/[94m/[92m;[94m/ [97m/xxxxx´|`xxxxx\ [94m\[92m;[94m\[94m\[94m*[94m/[34m;[94m\\[94m*[34m::;[94m:[94m*[94m||[0m
[94m||[34m:[94m\\///\\[92m·[94m//__//[97mx`,x[94m_ [91m´‾‾‾` [94m_[97mx,´x[94m\\__\\[92m·[94m// [91m/\ [94m/[34m:[94m||[0m
[94m||[94m|:[94m/\[34m;[92m·;[94m//\[92m;[34m:[94m//[34m:[94m_//[34m::[94m|[34m;:[94m|[34m:;[94m|[34m::[94m\\_[34m:[94m\\[34m: [93m_,, [91m/::\ [94m|[94m||[0m
[94m||[94m,-<>-, [91m_,---,_ [34m:; :·:·:·:·:·: ;: [93m_,-´_, [91m/_::_\ [94m||[0m
[94m||[94m/:<> [91m,´((´`))`, [34m::;··::;::··;: [93m,´_,-´_,´ [34m::·· :[94m||[0m
[94m||[94m\:: [91m( ((´¡`)) ) [34m:  [97mo,       [34m· [93m,´,-´-´'[34m··::: ;;;[94m||[0m
[94m||[94m`,<> [91m`,((_,_)),´ [34m:·[97m\ _,^,_   [93m((@),´ '[34m;·:;::·:;:[94m||[0m
[94m|| [94m`<>´  [91m`-,_,-´ [34m:;· [97m(:::::::)  [93m`~,_`~,_,  [94m,<:>, [94m||[0m
[94m||[94m,<>,[34m· [32m,(%), [34m:: :::: [97m||   || [94m,o,o,o, [34m::  [94m<:::::>[94m||[0m
[94m||[94m<::> [32m((%%%)) [34m·;::·;::·;:;· [94m(o,o,o,o) [34m·: [94m<:::::>[94m||[0m
[94m||[94m`<>´ [32m((%%%)) [34m:·:·: :;:; ;:; [94m(o,o,o) [34m·;:; [94m`<:>´ [94m||[0m
[94m||[34m;·::: [32m`(%)´ [34m··::;;· ::;·;::  [94m`o,o´ [34m;:::·;;:::·;[94m||[0m
[94m||[34m·[34maw[34m;;:::: ··;;:::::··;;;;;··:::::;;·· ::::;;···[94m||[0m
[94m||                                               ||[0m
[94m|>[97m- - - - - - - - - - - - - - - - - - - - - - - -[94m<|[0m
[94m||                 [97mTHE PRIESTESS                 [94m||[0m
[94m||               [97m~ gimel · moon ~                [94m||[0m
[94m`=(+)=========================================(+)=´[0m
