[94m.=(+)=================[ II ]==================(+)=.[0m
[94m||                                               ||[0m
[94m||[94mT==[92m,--~~´[94m\[94m*[34m::;;:[93m·  \ )(O)( /  ·[34m:;;::[94m*[94m/[92m`~~--,[94m==T[94m||[0m
[94m||[92m,-´_,-~´,·[94m\\[34m;:;:[93m·'  \¡ | ¡/  '·[34m:;:;[94m//[92m·,`~-,_`-,[94m||[0m
[94m||[92m/,-´ ,--, ;[94m\\[34m;[93m··[94m'[93m''  [97m,´‾`,  [93m''[94m'[93m··[34m;[94m//[92m; ,--, `-,\[94m||[0m
[94m||[92m(´; (([93m@[92m),     [34m:[93m··[94m'[93m'  [97m(· ·)  [93m'[94m'[93m··[34m:     [92m,([93m@[92m)) ;`)[94m||[0m
[94m||[92m\`,, `-´, [97m`-,_    [94m'  [97m`,_,´  [94m'    [97m_,-´ [92m,`-´ ,,´/[94m||[0m
[94m||[94m|[92m`-,_,·;[94m\\\[92m,[97m`===,_  _(`:´)_  _,===´[92m,[94m///[92m;·,_,-´[94m|[94m||[0m
[94m||[94m|:[92m,`-,_,,;[94m\[94m\\[92m;;[97m`==-,(x`:´x),-==´[92m;;[94m//[94m/[92m;,,_,-´,[94m:|[94m||[0m
[94m||[94m|:[92m;·;,`--,_·;[94m\*[92m·;[94m\  [97m(x:::x)  [94m/[92m;·[94m*/[92m;·_,--´,;·;[94m:|[94m||[0m
[94m||[34m;[94m/[92m·;;;;;;;`--,_[94m\\[92m;  [97m)x`:´x(  [92m;[94m//[92m_,--´;;;;;;;·[94m\[34m;[94m||[0m
[94m||[94m|:[34m::[94m//[34m;[92m,;··;,,;·[94m\\  [97m(x-:-x)  [94m//[92m·;,,;··;,[34m;[94m\\[34m::[94m:|[94m||[0m
[94m||[94m|:[34m:;[94m/[34m;;[94m//[34m::[94m/[34m;[92m;···;  [97m)x`:´x(  [92m;···;[34m;[94m\[34m::[94m\\[34m;;[94m\[34m;:[94m:|[94m||[0m
[94m||[94m|: [94m(([34m;:[94m([34m::[94m([34m:;[94m/[34m:;[94m/[34m; [97m,(x-:-x), [34m;[94m\[34m;:[94m\[34m;:[94m)[34m::[94m)[34m:;[94m)) [94m:|[94m||[0m
[94m||[94m-[34m:[94m--( [91m,c@C==~~~~~~~~~~~~~~~~~~~~~~~==C@c, [94m)--[34m:[94m-[94m||[0m
[94m||[94m|:[34m:[94m(([34m: [94m-- [91m`--,________[=]________,--´ [94m-- [34m:[94m))[34m:[94m:|[94m||[0m
[94m||[94m*[94m:[94m-[34m;[94m--[34m:[94m\\[34m::[94m--[92m;[94m*[92m;[94m- [97m/|xXx|xXx|\ [94m-[92m;[94m*[92m;[94m--[34m::[94m//[34m:[94m--[34m;[94m-[94m:[94m*[94m||[0m
[94m||[94m|:[34m;:[94m\[94m*[94m-[92m,[94m-- \--[34m:[94m// [97m/|XxX|XxX|\ [94m\\[34m:[94m--/ --[92m,[94m-[94m*[94m/[34m:;[94m:|[94m||[0m
[94m||[94m-\--[92m;[94m\ -[92m·[94m*-[34m:[94m/*/[92m; [97m/x|xXx|xXx|x\ [92m;[94m\*\[34m:[94m-*[92m·[94m- /[92m;[94m--/-[94m||[0m
[94m||[94m|:[94m\[92m,,[94m--[34m;;;[94m/// // [97m/X|XxX|XxX|X\ [94m\\ \\\[34m;;;[94m--[92m,,[94m/[94m:|[94m||[0m
[94m||[94m|:[94m--\[34m;:[94m\//[94m/[92m;[94m//[92m; [97m/Xx|xXx|xXx|xX\ [92m;[94m\\[92m;[94m\[94m\\/[34m:;[94m/--[94m:|[94m||[0m
[94m||[94m*[94m:[34m;::[94m*[94m//[34m;[94m\[94m*[94m/[94m/[92m;[94m/ [97m/xX|XxX|XxX|Xx\ [94m\[92m;[94m\[94m\[94m*[94m/[34m;[94m\\[94m*[34m::;[94m:[94m*[94m||[0m
[94m||[34m:[94m\\///\\[92m·[94m//__///x[94m/[94mx| [91m´‾‾‾` [94m|x[94m\[94mx\\\__\\[92m·[94m// [91m/\ [94m/[34m:[94m||[0m
[94m||[94m|:[94m/\[34m;[92m·;[94m//\[92m;[34m:[94m//[34m:[94m///X|XxX|XxX|X\\\[34m:[94m\\[34m: [93m_,, [91m/::\ [94m|[94m||[0m
[94m||[94m,-<>-, [91m_,---,_ [34m:; :·:·:·:·:·: ;: [93m_,-´_, [91m/_::_\ [94m||[0m
[94m||[94m/:<> [91m,´((´`))`,  [97m(´),  [34m;::··;: [93m,´_,-´_,´ [34m::·· :[94m||[0m
[94m||[94m\:: [91m( ((´¡`)) )  [97m`-,__,^,__   [93m,´,-´-´'[34m··::: ;;;[94m||[0m
[94m||[94m`,<> [91m`,((_,_)),´   [97m(:::::::) [93m((@),´ '[34m;·:;::·:;:[94m||[0m
[94m|| [94m`<>´  [91m`-,_,-´ [34m:;·  [97m||   ||   [93m`~,_`~,_,  [94m,<:>, [94m||[0m
[94m||[94m,<>,[34m· [32m,(%), [34m:: :::  [97mUU   UU [94m,o,o,o, [34m::  [94m<:::::>[94m||[0m
[94m||[94m<::> [32m((%%%)) [34m·;::·;::·;:;· [94m(o,o,o,o) [34m·: [94m<:::::>[94m||[0m
[94m||[94m`<>´ [32m((%%%)) [34m:·:·: :;:; ;:; [94m(o,o,o) [34m·;:; [94m`<:>´ [94m||[0m
[94m||[34m;·::: [32m`(%)´ [34m··::;;· ::;·;::  [94m`o,o´ [34m;:::·;;:::·;[94m||[0m
[94m||[34m·[34maw[34m;;:::: ··;;:::::··;;;;;··:::::;;·· ::::;;···[94m||[0m
[94m||                                               ||[0m
[94m|>[97m- - - - - - - - - - - - - - - - - - - - - - - -[94m<|[0m
[94m||                 [97mTHE PRIESTESS                 [94m||[0m
[94m||               [97m~ gimel · moon ~                [94m||[0m
[94m`=(+)=========================================(+)=´[0m
