[94m.=(+)=================[ II ]==================(+)=.[0m
[94m||                                               ||[0m
[94m||                     [93m,-·-,                     [94m||[0m
[94m||                    [93m)(o)(                      [94m||[0m
[94m||       [92m((c,_         [93m\¡/           [92m_,c))       [94m||[0m
[94m||         [97m`-,_`--,_  (··)     _,--´_,-´         [94m||[0m
[94m||   [94m·        [97m`--,_    )(       _,--´            [94m||[0m
[94m||[94m==             [97m`-,_(xx)     _,-´           [94m· [94m==[94m||[0m
[94m|| [94m|                [97m(x||x)                     [94m| [94m||[0m
[94m||                  [97m(x||x)[94m\\                     [94m||[0m
[94m|| [94m|               [94m//[97m)xx([94m|\\\\\\               [94m| [94m||[0m
[94m||            [94m/ [91m,cC=~~~~~~~~~~~=Cc, [94m\            [94m||[0m
[94m|| [94m|[94m·    /////   [91m`--,_________,--´   [94m\\\\\    ·[94m| [94m||[0m
[94m||   [94m////      //[94mx  [97m/x\ [94m| | [97m/x\   [94m\\[94mx     [94m\\\\   [94m||[0m
[94m||[94m/[94m|[94m/        //  / [97m/xx\     /xx\ [94m\  \\        \[94m|[94m\[94m||[0m
[94m||         [94m//   /  [97m|xx|     |xx|  [94m\  [94mx[94m\\         [94m||[0m
[94m|| [94m|    [94m///   //  [97m/xx| [94m|   | [97m|xx\  [94m\\   \\\    [94m| [94m||[0m
[94m||    [94m//    //  / [97m|xx|       |xx| [94m\  \\    \\    [94m||[0m
[94m|| [94m|[94m//    [94mx[94m/   /  [97m|xx|       |xx|  [94m\   \     \\[94m| [94m||[0m
[94m||[94m//     //   /  [97m/xx| [94m|     | [97m|xx\  [94m\  [94mx[94m\\     \\[94m||[0m
[94m|| [94m|    [94m/  [94mx[94m//   [97m|xx|         |xx|   [94m\\   \    [94m| [94m||[0m
[94m||    [94m//   /     [97m|xx|         |xx|     [94m\[94mx  [94m\\    [94m||[0m
[94m|| [94m| [94m/    / [94mx  [94m/   [97m(x´`x´`x) [94m| [94mx   [94m\    \    \ [94m| [94m||[0m
[94m|| [94m//    /     /  [97m(___,,___)  [94m|    \     \    \\ [94m||[0m
[94m||[94m/     /     /     |         |     \     \     \[94m||[0m
[94m|| [94m,<>,                            [93m__,,~-´ [91m/\    [94m||[0m
[94m||[94m/:<>:\ [91m,-(o)-,                 [93m,~´,~´´  [91m/::\   [94m||[0m
[94m||[94m\::::/[91m( (´`) )       [97m_,^,_    [93m((*)´            [94m||[0m
[94m|| [94m`<>´  [91m`-,__,-´    [97m,´(´ ), `,  [93m`~,`~,_         [94m||[0m
[94m||[94m,<::>,[32m,(:::),     [97m( o)   `,  )           [94m,<:>, [94m||[0m
[94m||[94m`<::>´[32m(:::::)       [97m||   || [94m,o(o)o,      [94m`<:>´ [94m||[0m
[94m||       [32m`(:::)´               [94m(o)o(o)           [94m||[0m
[94m||                                               ||[0m
[94m||  [34maw                                           [94m||[0m
[94m||                                               ||[0m
[94m|>[97m- - - - - - - - - - - - - - - - - - - - - - - -[94m<|[0m
[94m||                 [97mTHE PRIESTESS                 [94m||[0m
[94m||               [97m~ gimel · moon ~                [94m||[0m
[94m`=(+)=========================================(+)=´[0m
