[94m.=(+)=================[ II ]==================(+)=.[0m
[94m||                                               ||[0m
[94m||[94mT==[92m;[94m- [92m·;,~~-,_ [94m\  [93m'` ·\¡/· ´'  [94m/[92m;_,-~~,;;:[94m-[92m;[94m==T[94m||[0m
[94m||[94m|::  [92m,--,  [94m\\[92m`~-,_[93m·· )(O)( ··[92m_,-~´[94m//  [92m,--, ;[94m::|[94m||[0m
[94m||[94m|:· [92m((@), [97m-     [34m.[94m\\[93m· [97m(´·`) [93m·[94m//      [97m- [92m,(@)) [94m·:|[94m||[0m
[94m||[94m|::  [92m`-´ [97m_,`---     [93m' [97m)·( [93m'     [97m---´,_ [92m`-´ ·[94m::|[94m||[0m
[94m||[94m|:·[94m\[94m-[94m\\[92m;   [97m___,`---  (x|x)  ---´,___   [92m;[94m//[94m-[94m/[94m·:|[94m||[0m
[94m||[94m|::[92m;[94m\\[94m-[94m\[94m-[92m·[94m-    [97m___,`(xx|xx)´,___    [94m-[92m·[94m-[94m/[94m-[94m//[92m;[94m::|[94m||[0m
[94m||[94m|:·[94m\  \[94m.[94m\\[94m·.·      [97m_(xx|xx)_    [94m·' [34m.[94m·[94m// /  /[94m·:|[94m||[0m
[94m||[94m|:: [94m\\[94m-*-·-[94m\[94m-·-·- ' [97m)xx|xx( [94m. -·-[34m·[94m-[94m/[94m-·-*-[94m//[34m·[94m::|[94m||[0m
[94m||[94m|:·[94m\[94m- [94m\\\\\\\\[94m· ·.-/ [97m)x|x( [94m\- ·'[34m.[94m////////[34m·[94m-[94m/[94m·:|[94m||[0m
[94m||[94m|:: [34m'[94m\\\[94m'[94m\\[94m·[94m\\[94m-[94m\[94m-//  [97m(x|x) [34m'[94m\\-[94m/[94m-[94m// //[94m.[94m///  [94m::|[94m||[0m
[94m||[94m|:· [94m-[34m.[94m·.[94m\[34m·[94m-[94m\[94m- [94m\[94m*/ [94m-[94m/ [97m)x|x( [94m\[94m-[34m·[94m\*[94m/[94m'-[94m/[94m-'[94m/ [94m·[34m'[94m- [94m·:|[94m||[0m
[94m||[94m|:: [34m. [94m-[34m.[94m-·[94m-[34m·[94m-[94m// [94m-[94m·/  [97m(xxx) [94m·\ [94m-[94m·\\[94m-[94m·[94m- [94m-·[94m-   [94m::|[94m||[0m
[94m||[94m|:· [94m- [91m,c@C=~~~~~~~~~~~~~~~~~~~~~~~~~=C@c, [94m- [94m·:|[94m||[0m
[94m||[94m|:: [34m·  ·[94m-  [91m`--,_________________,--´  [94m-[34m·    [94m::|[94m||[0m
[94m||[94m|:· [94m- - - -   -[34m.[94m-/ [97m/x'[91m[=][97m'x\ [94m\-[34m·[94m-   - - - - [94m·:|[94m||[0m
[94m||[94m|:: [94m- [94m*[34m'  [94m- -[34m· [94m// [97m/|'x'|'x'|\ [94m\\[92m;;[94m- -  [34m'[94m* [94m- [94m::|[94m||[0m
[94m||[94m|:·  [34m'[94m- - [94m- [94m//// [97m/x|x'x|x'x|x\ [94m\\\\[92m;[94m-[34m.[94m- -   [94m·:|[94m||[0m
[94m||[94m|:: [94m-  [34m·[92m:[94m///[94m-[94m// [97m/x'|'x'|'x'|'x\ [94m\\[94m-[94m\\\ [92m;: [94m- [94m::|[94m||[0m
[94m||[94m|:·  [92m;;[94m//[92m; [94m//[92m; [97m/x'x|x'x|x'x|x'x\  [94m\\[92m·;[94m\\[34m·   [94m·:|[94m||[0m
[94m||[94m|::[92m·[94m///  /*[92m·[94m/ [97m/|'x'|'x'|'x'|'x'|\ [94m\[92m·[94m*\  \\\[92m·[94m::|[94m||[0m
[94m||[94m|:·[94m/  [94m-[94m//[92m:[94m// [97m/x|x'x|x'x|x'x|x'x|x\ [94m\\[92m:[94m\\[94m-[92m: [94m\[94m·:|[94m||[0m
[94m||[94m|==[92m;:[94m//[92m; [94m/  [97m/x'|'x'|'x[91m/‾\[97mx'|'x'|' [93m_,,--~´ [92m;;[94m==|[94m||[0m
[94m|| [94m,^,[94m/   [91m,-, ,-, [97mx'[94m/[97m|x' |x' |x'[34m· [93m,-~´,-~´  [91m,^, [34m.[94m||[0m
[94m||[94m/:·:\[92m; [91m((´)(`)) [97m' [97mo,__,^,_  [97m'x [93m,´,-´,-´  [91m/:·\  [94m||[0m
[94m||[94m<::::> [91m`,(@),´ [97m|[94m*[97m' [97m(:::::::)  [93m(,´,-´ [97mx[94m\ [91m/;;::\ [94m||[0m
[94m||[94m`\::/´ [91m((,·,))   [94m/  [97m||   ||   [93m((@),´ [94m\[34m·[94m\ [94m,-<>-,[94m||[0m
[94m|| [94m,<>,[94m/  [91m`-´`-´   [97m,.::::::::: [94m, [93m`-´`~,_ [94m\[94m<:{}::>[94m||[0m
[94m||[94m<:::>[34m·[94m/ [32m,(:),  [34m·[94m/   |    [34m· [94m,o(o [93m`~--,_   [94m`<::>´[94m||[0m
[94m|| [94m`<>´[94m/ [32m((:::)) [94m/ ·  |[34m- ·[94m-  [94m(o)o(o)  [94m\·  [34m· [94m`<>´ [94m||[0m
[94m||[94m,<>,[94m/- [32m(:::::) [94m/. ·| .·  ·- [94m`o(o´  [94m.\ -  [34m·[94m\[94m,<>,[94m||[0m
[94m||[94m`::´[34m·   [32m`(:)´ [94m/  - |[34m·. [94m-· ·|  [34m· [94m\-· [34m·[94m\ -·  [94m`::´[94m||[0m
[94m||[94m· [34maw [34m·- [94m/-  [34m. [94m/.[34m. ·[94m|  [34m· ·[94m· |[34m·  [94m-\  [34m.  [94m\  [34m·  [94m\[34m· [94m||[0m
[94m||                                               ||[0m
[94m|>[97m- - - - - - - - - - - - - - - - - - - - - - - -[94m<|[0m
[94m||                 [97mTHE PRIESTESS                 [94m||[0m
[94m||               [97m~ gimel · moon ~                [94m||[0m
[94m`=(+)=========================================(+)=´[0m
