[94m.=(+)=================[ III ]=================(+)=.[0m
[94m||                                               ||[0m
[94m||[94m{(}[32m;: :[94m\[32m;: :[94m\[32m\[32m· ·,·:   [93m+  [32m;:;;:: [32m/[94m/ [32m: :[94m/[32m:·;:[94m{)}[94m||[0m
[94m||[94m({)[32m::: ; [97m,v>  [32m\_  [97m,)  (o)  (,  [32m_/  [97m<v, [32m: :;:[94m(})[94m||[0m
[94m||[94m{()[32m;; [94m\[94mS(  [97m,~-,, [32m`\,,(;:;),,/´ [97m,,-~,[32m:;[94m)S[94m/ [32m::[94m()}[94m||[0m
[94m||[94m({[32m·[94m}[32m··:[94m/  [97m(''''';,  [32m`,;;;,´   [97m,''''',[32m:;[94m\ [32m: [94m{[32m;[94m})[94m||[0m
[94m||[94m{( ) [32m·[94m/[32m;:[97m('''''''),  [91m,´‾`, [94m:·[97m(''''''') [32m·[94m\ [32m·[94m([32m:[94m)}[94m||[0m
[94m||[94m({[32m,[94m)[32m·[94m/[32m···[97m(''''' [94m,v,  [91m(;·,)  [94m·[97m(''''''), [97m_,--,_ [94m)[94m||[0m
[94m||[94m{(}[32m· , ·:[97m('''' [94m(v¡v) [91m`-,-´ [94m' [97m`,'''') [97m(::::;( )[94m}[94m||[0m
[94m||[94m({)[32m: :· [94m: [97m`-,,'''[32m\|[91m,(;[91m)([91m;;),  [97m`-,,') [97m(::::;(_)[94m)[94m||[0m
[94m||[94m{() [32m: :[94m· ·[94m{( [91m,--,[32m)([91m;;;;*;;; ,--, [94m··[94m)}  [97m`-,,-´ [94m}[94m||[0m
[94m||[94m({[32m:[94m} [32m: [94m''· [91m(;;;) [91mc( [91m;;;;;;;· (;;), [94m})[94m' ··[32m:;[94m{[32m:[94m})[94m||[0m
[94m||[94m{( )[32m::[94m· ·· [91m(;;;;) ;;;;*;;;;;;)  [91m), [94m)} [94m: : [32m·[94m( )}[94m||[0m
[94m||[94m( [97m_,--,_  [94m( [91m`-,,´ );;;;;;;;;;(  [91m,) [94m}) [32m,· · [94m([32m;[94m})[94m||[0m
[94m||[97m( );::::) [94m{([32m·, ·  [93m,===(o)===, [91m,-´ [32m,[94m)}[32m, :·:::[94m{)}[94m||[0m
[94m||[97m(_);::::) [94m({ [32m·, · [92m,;;;;;;;;;, [32m:· · [94m})[32m·· :;):[94m(})[94m||[0m
[94m||[94m{ [97m`-,,-´  [94m{([32m· :· [92m(;;;;(¡);;;;) [32m·: ·[94m)}[32m;;::; ;[94m()}[94m||[0m
[94m||[94m({[32m:[94m} [32m;;;; [94m({[32m:·  [92m(;;;;;;;;;;;;;), [32m;:[94m})[32m:::: ;[94m{[32m:[94m})[94m||[0m
[94m||[94m{([32m·[94m)[32m· ::;;[94m{([32m:: [92m(;;;;;;;;;;;;;;;), [32m;[94m)}[32m:: ·· [94m( )}[94m||[0m
[94m||[94m({[32m·[94m) [32m, ··:::: [92m(;;;;;;;;;;);::;:;) [32m;;:;;; :·[94m([32m·[94m})[94m||[0m
[94m||[94m{(}[32m:, · ,,·:  [92m(;;;;;;;;;;;);::;;) [32m:;;;;;; ::[94m{)}[94m||[0m
[94m||[94m({) [32m·· , ·,·:· [92m`,;;;;;;;;;);::;,´ [32m;::;;;:;;:[94m(})[94m||[0m
[94m||[94m{( [97m,~,     _,,   [92m);;;;;;;;);::;( [93m,=======, [32m;[94m()}[94m||[0m
[94m||[94m( [97m( ´),  ,~´;) [32m:  [92m`,;;;;;;;;;,,´ [93m|[97m>,[97m(o)[97m,<[93m| [94m{[32m:[94m})[94m||[0m
[94m||[94m{(  [97m),`v,;;;;)  [32m::(;;:; : :· · · [93m|[97m,\;¡;/,[93m| [94m([32m:[94m)}[94m||[0m
[94m||[94m({  [97m(;;;;;;;;(   [32m:;:; :· · :·;:  [93m`, [97m)¡( [93m,´ [94m([32m:[94m})[94m||[0m
[94m||[94m{ [97m,(´o´o`o),´   [32m: :: : :··: :;;·   [93m\   /  [32m::[94m{)}[94m||[0m
[94m||[94m({ [97m`--,,,--´   [32m: :  [97m_,(o),_  [32m·· ·    [93m`-´   [32m;[94m(})[94m||[0m
[94m||[94m{()[32m: ;: · ·, , [94m>o>  [97m`,(¡),´  [94m<o< [32m, : ;:;::;:[94m()}[94m||[0m
[94m||[32m-·-~-·-~-·-~-·-~-·-[32m~[32m-·-[32m~[32m-·-[32m~[32m-·-~-·-~-·-~-·-~-·-[94m||[0m
[94m||[32m~-·-~-·[94m\¡/[32m·-~-·-~-·-~-·-~-·-~-·-~-·-~[94m\¡/[32m~-·-~-·[94m||[0m
[94m||[32m-~-·-~-·-~-·-~-·-[94m\¡/[32m-~-·-~-[94m\¡/[32m-·-~-·-~-·-~-·-~-[94m||[0m
[94m||[32m·-~[94m\¡/[32m~-·-~-·-~-·-~-·-~-·-~-·-~-·-~-·-~-·[94m\¡/[32m·-~[94m||[0m
[94m||[32m-·[34maw[32m-·-~-·-~-·-~-·-~-·-~-·-~-·-~-·-~-·-~-·-~-·-[94m||[0m
[94m||                                               ||[0m
[94m|>[97m- - - - - - - - - - - - - - - - - - - - - - - -[94m<|[0m
[94m||                  [97mTHE EMPRESS                  [94m||[0m
[94m||              [97m~ daleth · venus ~               [94m||[0m
[94m`=(+)=========================================(+)=´[0m
