[94m.=(+)=================[ III ]=================(+)=.[0m
[94m||                                               ||[0m
[94m||[94m{([32m;[94m\[32m;)[94m\[32m: : :; ; ;· ·   [93m+    [32m'; ; ;; ; ;:[94m/[32m) [94m/ )}[94m||[0m
[94m||[94m({[32m(;[94m\[32m: [94m\[32m;   [97m,~-, [32m\\,  (@)  ,// [97m~, [32m·; : [94m/ [32m'[94m/ })[32m'[94m||[0m
[94m||[94m(( [32m); [97m,v>  [97m('''' [32m\`-,,(;),,-´/ [97m'';,[32m;  [97m<v, [32m') [94m)}[94m||[0m
[94m||[94m({[32m; ;;  [94m)([97m('''''' [32m`-,(;;;),-´ [97m''''';,[32m: [94m)(  [32m;[94m})[32m·[94m||[0m
[94m||[94m(( [32m: ;:[94m}{ [97m(''''',,- [91m,´;;), [97m''''''''''),[94m{[97m,--,_ [94m}[94m||[0m
[94m||[94m({[32m: ' :[94m)([32m'[97m(''''''), [91m(;;·(  [97m'''''''',,-´[94m([97m:::::) [94m||[0m
[94m||[94m{([32m'' · [94ms( [97m('''''''; [91m`,;,(  [97m`,''''';,  [94m)s[97m-,--´) [94m||[0m
[94m||[94m({ [32m;  '[94m){[94m' [97m`,''' [94m,vv, [91m);(    [97m`-,,''') [94m){[32m; · [94m}) [94m||[0m
[94m||[94m(([32m; ( [94m([94m}{   [97m`-,, [94m(¡¡) [91m;;;;), [32m·    ·   [94m}{[94m)[32m; · [94m)}[94m||[0m
[94m||[94m({[32m;;   [94m)(    [91m,--, [32m\|[91m;;;;;;;; ,~,   [32m'  [94m)([94m· [32m; [94m})[32m'[94m||[0m
[94m||[94m(([32m(·[94m(  [94m}([94m'  [91m(;@;),[32m)([91m*;;;;;;; (;;;), [94m, [94m}(  [94m)[32m; [94m)}[94m||[0m
[94m||[94m({[32m'  [94m' [94m){ [94m, [91m(;;;; [91m(,) [91m;;;;*;;) [91m`,;`,  [94m){   [32m:[94m})[32m·[94m||[0m
[94m||[94m{( [94m(  [32m;[94m}{    [91m`-,,´ ;;;;;;;;;;(   [91m);;) [94m}{[32m·  [94m)[32m;[94m)}[94m||[0m
[94m||[94m( [97m_,-,_[94m)([32m' ;  '   [93m,==o==o==,   [91m_,;,´  [94m)( [32m; ;[94m})[32m([94m||[0m
[94m|| [97m( (:::[94m}( [32m;     [92m,(''''), [32m' [91m\__,,´    [32m'[94m}(    [94m)[94m)}[94m||[0m
[94m||[94m( [97m`-,--[94m){  [32m; ' [92m(;''''';;`-, [32m·    ; ;  [94m){[32m'  ;[94m}) [94m||[0m
[94m||[94m(([94m(    [94m}{[32m,  ; [92m(;;''''';;;;;`,  [32m;  , ; [94m}{ [32m'  [94m)[94m)}[94m||[0m
[94m||[94m(  [32m; · [94m)( [32m;   [92m(;;;'e';;;;);;;;;`,  [32m, '[94m)(  [32m,  )[94m)[94m||[0m
[94m||[94m{[32m;[94m( [32m, ,[94m}([32m; ;  [92m(;;;;;;;;;);;;;;;;),  [32m· [94m}([32m·  ;[94m)[32m:[94m}[94m||[0m
[94m||[94m(    [32m' ,  · ;  [92m`,;;;;;;;;);;;;;;;;)    [32m,    ; [94m)[94m||[0m
[94m||[94m{[32m; ;    ·  · '   [92m`-,;;;;;;);;;;;,-´     [32m' ·   [94m}[94m||[0m
[94m||[94m([32m;  ,    ;    ·     [92m`);;;;;;;,-´ [32m;  ; ,    ; ;[94m)[94m||[0m
[94m||[94m{  [97m,~,      [32m·  , '  ; ;    · ·  , ' [93m,======,  [94m}[94m||[0m
[94m||[94m( [97m( ´), [32m;  · ;    ,    ' ,  ; '  ;  [97m|´)\;/(`| [94m)[94m||[0m
[94m|| [32m' [97m`\_ \_,,~, [32m;    ;    ; '  · ;  , [97m| >[97m(o)[97m< | [32m;[94m||[0m
[94m||[32m: ;  [97m,\\\,,~´  [32m·    · '  · ;  , ;   [97m`,/¡{¡\,´ [32m·[94m||[0m
[94m|| [32m· [97m,(´o´o`), [32m,  · ,  · ,    ,    , '  [93m\    /  [32m([94m||[0m
[94m|| [32m;( [97m`~,,,~´ [32m, ·  · ·  · ·    ;    ;     [93m`--´   [94m||[0m
[94m||[32m~-~-~-~-~-~-~-~-~-~-~-~-~-~-~-~-~-~-~-~-~-~-~-~[94m||[0m
[94m||    [94m¡,       >o>    [97m_,(o),_   [94m<o<     ¡,[32m·      [94m||[0m
[94m||  [34maw  [32m·  [94m¡,    [32m~     [97m`,;,´   [32m~   [94m¡,       [32m·    [94m||[0m
[94m||[32m-~-~-~-~-~-~-~-~-~-~-~-~-~-~-~-~-~-~-~-~-~-~-~-[94m||[0m
[94m||                                               ||[0m
[94m|>[97m- - - - - - - - - - - - - - - - - - - - - - - -[94m<|[0m
[94m||                  [97mTHE EMPRESS                  [94m||[0m
[94m||              [97m~ daleth · venus ~               [94m||[0m
[94m`=(+)=========================================(+)=´[0m
