[94m.=(+)=================[ III ]=================(+)=.[0m
[94m||                                               ||[0m
[94m||[94m(}                                          (}{[94m||[0m
[94m||[94m){( [97m,v>                                     [94m){ [94m||[0m
[94m||[94m(}       [94m_,,-        [93m+            [94m-,,_  [97m<v, [94m(}{[94m||[0m
[94m||[94m){(    [94m,´         [32m\,(o),/             [94m`,    [94m){ [94m||[0m
[94m||[94m(}    [94m/            [32m`,¡,´[97m`~--,_          [94m\   [94m(}{[94m||[0m
[94m||[94m){(  [94m/             [91m,´·) [97m)   `~-,_        [94m\  [94m){ [94m||[0m
[94m||[94m(}           [94m,v,   [91m(,,( [97m`~-,_  [94m}{[97m,          [94m(}{[94m||[0m
[94m||[94m){(          [94m(¡) [91m,(;·;),   [97m`-,)[94m)(       [97m_,-,   [94m||[0m
[94m||[94m(}           [32m\| [91m(;;·;;;),      [94m}{     [97m(:::( ) [94m{[94m||[0m
[94m||[94m){(          [32m)( [91m(;·;;;·;)      [94m)(      [97m`-,-´   [94m||[0m
[94m||[94m(}              [91m(;;;·;;;[91m,_     [94m}{           [94m(}{[94m||[0m
[94m||[94m){(            [93m==(o)==   [91m`-,   [94m)(           [94m){ [94m||[0m
[94m||[94m(}            [92m,;;;;;;;,  [91m,-´     [94m}{         [94m(}{[94m||[0m
[94m||[94m){(  [97m,-,_    [92m(;;;;;;;;;)_        [94m)(         [94m){ [94m||[0m
[94m||[94m(}  [97m( )::)  [92m(;;;;;;;;;;;;`,      [94m}{         [94m(}{[94m||[0m
[94m||[94m({   [97m`-,-´  [92m(;;;;;;;;;;;;;;),    [94m)(          [94m})[94m||[0m
[94m||[94m({           [92m(;;;;;;;;;;;;;;;)   [94m}{          [94m})[94m||[0m
[94m||[94m({            [92m`,;;;;;;;;;;;;;;)  [94m)(          [94m})[94m||[0m
[94m||[94m({              [92m`--,;;;;;;;;;;(              [94m})[94m||[0m
[94m||[94m({                  [92m(;;;;;;;;;)              [94m})[94m||[0m
[94m||[94m({  [97m,--,             [92m);;;;;;;( [93m,=======,     [94m})[94m||[0m
[94m||[94m( [97m( ´o`,                       [93m|´)\¡/(`|     [94m})[94m||[0m
[94m||    [97m`,  \_,,~´)                [97m| >(o)< |       [94m||[0m
[94m||     [97m`,\\\\,~´                 [97m`,/¡{¡\,´       [94m||[0m
[94m||   [97m,(´o´o´o`),                  [93m\     /        [94m||[0m
[94m||    [97m`--,,,--´                     [93m`-,-´        [94m||[0m
[94m||                   [97m_,(o),_                     [94m||[0m
[94m||                   [97m`,(´),´                     [94m||[0m
[94m||[32m~-~-~-~-~-~-~-~-~-~-~-~-~-~-~-~-~-~-~-~-~-~-~-~[94m||[0m
[94m||  [94m¡,        <o<       ¡,        <o<       ¡,   [94m||[0m
[94m||       [94m<o<       ¡,        <o<       ¡,        [94m||[0m
[94m||[32m~-~[34maw[32m-~-~-~-~-~-~-~-~-~-~-~-~-~-~-~-~-~-~-~-~-~[94m||[0m
[94m||                                               ||[0m
[94m|>[97m- - - - - - - - - - - - - - - - - - - - - - - -[94m<|[0m
[94m||                  [97mTHE EMPRESS                  [94m||[0m
[94m||              [97m~ daleth · venus ~               [94m||[0m
[94m`=(+)=========================================(+)=´[0m
