[94m.=(+)=================[ IV ]==================(+)=.[0m
[94m||                                               ||[0m
[94m||[91m^[91m·'·' '·'· ·:·[93m\[91m^[93m·*  [93m¡v¡v¡v¡  [91m·;·;·'·'·'·[97m·[91m·'[97m////[94m||[0m
[94m||[91m·  [97m_,,--,_  [91m:[93m''*'  [93m[=======]  [91m··· [91m^[91m· [97m_,,--,_  [91m;[94m||[0m
[94m|| [97m((@))';;;,_ [93m*''[91m'[93m*'  [91m(o·,)  [93m' [91m;·:; [97m,;;;';((@)) [94m||[0m
[94m|| [97m((@));;;;;;) [93m'*'·*  [91m(;;;)  [91m\[93m* [91m';' [97m(;;;;;;((@))[94m||[0m
[94m||[91m'  [97m`´(;;o;;;) [93m''*[91m'[91m^[93m'  [91m);(  [93m*'[91m·: [93m,--, [97m;;o;;;)`´ [94m||[0m
[94m||[91m^[91m··   [97m`;;,;;´ [91m;[93m*'·  [93m<=====>   [91m: [93m((@) [97m////[91m:·· ::[94m||[0m
[94m||[91m;:;;[91m/[31m[::][91m·:[93m/[31mx[91m·[93m''*' [93m/[91m%;;;;&;[93m\ [91m::·[93m`¡´[97m///[31m[::][91m·;;::[94m||[0m
[94m||[91m··[91m^[91m: [31m[::][93m/[91m':·:[31mx[91m:· [93m/[91m;;[93me>[91m%;&;;[93m\ [91m·[93m/[91m:;[97m////[31m[::][91m: ;[91m^[91m·[94m||[0m
[94m|| [91m/^\[91m;[31m[::][91m^[91m;[31mx[91m::;; [93m/[93m*[91m;;;%;;;[93m*[91m;;[93m\[93m/[31mx [97m////[91m:[31m[::][91m^[91m: ;;[94m||[0m
[94m||[91m:[91m/[91m;[91m\[91m:[31m[::][91m,,··[31mx [93m/[91m;;%[93me>[91m;;;; [91m(;)[93m/[91m%[93m\ [97m///[91m\[91m;[31m[::][91m;;[91m^[91m··[94m||[0m
[94m||[91m;: [91m^[91m:[31m[::][91m·[31mx[91m:: [93m/[91m;;[93m¡[91m;;;;[93m<+>[91m;&[93me>[91m%;;[93m\ [91m;[31mx[91m,,[31m[::][91m;[91m/[91m·[91m\[91m:[94m||[0m
[94m||[91m:·[91m^[91m,[93m/[31m[::][91m/[91m,; [93m/[91m;[93m*[91m;;&  [31m(@@@)  [93m¡[91m%;;;[93m\ [91m;·[31mx[::][91m\/[91m;[91m\[91m:[94m||[0m
[94m|| [93m,`\¡/´, [31mx [93m/[91m%;;;;[93me>  [91m(;;;)  [91m;;;;;%;[93m\ [91m· [93m,`\¡/´, [94m||[0m
[94m||[93m=((:*:))= [93m/[91m;;[93m¡[91m;;;;;;[93m*[91m;;;%;;;%&[93me>[91m;&;;[93m\ [93m=((:*:))=[94m||[0m
[94m|| [93m`,/¡\,´ [93m/[91m;;;;;%[93m*[91m%;;;%[93me>[91m;;;&[93m¡[91m&;;;&&&;[93m\ [93m`,/¡\,´ [94m||[0m
[94m||[91m:;·; ;·[91m/ [93m‾‾‾‾‾‾‾‾‾‾‾‾‾‾‾‾‾‾‾‾‾‾‾‾‾‾‾‾‾ [91m;[91m^[91m;:[91m^[91m·;;[94m||[0m
[94m||[91m/[91m;;[91m^[91m;:[91m^[91m·,;;;[31mx[91m,·,·[31mx[91m;  [91m(;';)  [91m·;·[91m\[31mx[91m:[91m^[91m·;[31mx[91m; :[91m^[91m::·;;[94m||[0m
[94m||[91m·[91m//[91m·[91m\[91m: ;:[31mx[91m;,[91m/ [31mx[91m;[91m^[91m,   [91m(;:;)  [91m:[31mx[91m·:;[91m/[31mx[91m\[91m;[91m^[91m;; ;,[91m^[91m; ·[94m||[0m
[94m||[91m:;[91m/[91m·[91m\[91m;;;;;, [91m,;;;;;;;;;;;;;;;;;;;;;, [31mx[91m,:,: [91m/[91m;[91m\[91m·;[94m||[0m
[94m||[91m;[93m,=========,[91m(;:;;';;:;;;':;;:;;';;=, [91m,,;[91m\^/^\^[91m;[94m||[0m
[94m||[91m;[93m|'  [31m(o)  [93m'| [91m`';;,__,;;;;,__,;;,´ [91m;[31mx[91m\[91m·;:,[91m/[91m:;·[91m\[91m;[94m||[0m
[94m||[91m,[91m|,/\ ¡ /\,|[31mx[91m;:·,[31mx[91m;  [91m(;:;)  [91m, ;  [91m`;=´  [91m; [97m,¡ [91m;: [94m||[0m
[94m||[91m;[91m|( >(¡)< )|[91m::[31mx[91m;;,,  [91m(;';)  [91m^[31mx [91m;;,[31mx[91m, [97m,--,´|> [91m:;[94m||[0m
[94m||[91m^[91m| (;;¡;;) |[91m,;[91m^[91m;[31mx[91m·;  [91m(;:;)  [91m;[91m\[91m,[31mx[91m,; [97m,(´o )=,´ [91m;;[94m||[0m
[94m||[91m; [91m\,\;|;/,/  [91m/[91m·[91m\[91m; ;  [91m(;';)  [91m;[91m\[91m;;,[31mx [97m(,,(___), [91m;;[94m||[0m
[94m||[91m·  [93m\;;;;;/ [91m:[91m^/[91m;[91m\[91m;,   [91m(;:;)  [91m;[91m^[91m;,;;:  [97m´´  ´´ [91m;,·[94m||[0m
[94m||[91m,:;  [93m`-,-´  [91m;;;,:  [91m,(;;;;;),  [91m\[91m:;;[91m^[91m,:·;;,:; ;[91m^[91m:[94m||[0m
[94m||[31m==================  [91m`‾‾‾‾‾´  [31m==================[94m||[0m
[94m||[31m,;: ;,;:;;,;: ;,;:;;,;: ;,;:;;,;: ;,;:;;,;: ;,;[94m||[0m
[94m|| [31m;,;: [93m\¡/  [31m;,;:;;,;: ;,;:;;,;: ;,;:;;, [93m\¡/ [31m;:;;[94m||[0m
[94m||[31m;:;;,; [93m¡ [31m,;:;;,;: ;,;:[93m,¡,[31m;: ;,;:;;,;: ; [93m¡ [31m;;,;:[94m||[0m
[94m||[31m; [34maw [31m;,;:;;,;: ;,;:;;,;: ;,;:;;,;: ;,;:;;,;: ;,[94m||[0m
[94m||                                               ||[0m
[94m|>[97m- - - - - - - - - - - - - - - - - - - - - - - -[94m<|[0m
[94m||                  [97mTHE EMPEROR                  [94m||[0m
[94m||              [97m~ tzaddi · aries ~               [94m||[0m
[94m`=(+)=========================================(+)=´[0m
