[94m.=(+)=================[ IV ]==================(+)=.[0m
[94m||                                               ||[0m
[94m||                                           [97m\\  [94m||[0m
[94m|| [93m\  [97m,,--,__                       __,--,[97m\\     [94m||[0m
[94m||[93m-- [97m((@),´ ,`,                    ,´, [97m\\[97m((@))   [94m||[0m
[94m|| [93m/  [97m`´ )__ ) )                   [97m\\[97m( __( `´    [94m||[0m
[94m||      [97m`--´`´       [93m\¡/\¡/   [93m,(@)   [97m`´`--´      [94m||[0m
[94m||[93m/       \          [93m[====]    [93m|                 [94m||[0m
[94m||  [93m/    \          [91m,´·-,|     [93m|                 [94m||[0m
[94m|| [91m^                [91m(,;;,|     [93m|                 [94m||[0m
[94m||                [91m,(;·;;´;), [91m(                 [91m^ [94m||[0m
[94m||    [91m^          [91m(;;¡;;;·;;)[91m(                    [94m||[0m
[94m||              [91m(;·;;;¡;;;;[91m`,[91m,                [91m^  [94m||[0m
[94m||     [93m-¡-      [91m(;;;;·;;;·;;;)           [93m-¡-     [94m||[0m
[94m||  [91m^ [93m=(*)=    [91m(;;¡;;; [93m+ [91m;¡;;)          [93m=(*)=    [94m||[0m
[94m||     [93m-¡-     [91m(;;;[91m,´ [31m(o)[91m`,[91m;;)           [93m-¡-   [91m^ [94m||[0m
[94m||              [91m,;;;;;;;;;;;,                    [94m||[0m
[94m|| [91m^             [91m__,,--[91m-----,_                   [94m||[0m
[94m||                [91m,--´\`--,_                 [91m^   [94m||[0m
[94m||              [91m,-´   \    `--,_                 [94m||[0m
[94m||   [91m^                 [91m\                         [94m||[0m
[94m||    [93m,======,        [91m| \                      [91m^ [94m||[0m
[94m||    [93m|´[31m(o)  [93m`|       [91m| |                        [94m||[0m
[94m||  [91m^ [91m|,/\¡/\,|       [91m| |               [97m,/       [94m||[0m
[94m||    [91m| >(¡)< |       [91m| |          [97m,--,´|>    [91m^  [94m||[0m
[94m||     [91m\ /||\ /      [91m(__)        [97m(´o )=,´        [94m||[0m
[94m|| [91m^    [93m\    /                   [97m(,,(___),     [91m^ [94m||[0m
[94m||        [93m`--´                     [97m´´  ´´        [94m||[0m
[94m||[31m===============================================[94m||[0m
[94m||    [93m¡,                                  ¡,     [94m||[0m
[94m||[31m-----------------------------------------------[94m||[0m
[94m||         [93m¡,                        ¡,          [94m||[0m
[94m||                    [93m¡,                         [94m||[0m
[94m||[31m===[34maw[31m==========================================[94m||[0m
[94m||                                               ||[0m
[94m|>[97m- - - - - - - - - - - - - - - - - - - - - - - -[94m<|[0m
[94m||                  [97mTHE EMPEROR                  [94m||[0m
[94m||              [97m~ tzaddi · aries ~               [94m||[0m
[94m`=(+)=========================================(+)=´[0m
