[94m.=(+)=================[ IV ]==================(+)=.[0m
[94m||                                               ||[0m
[94m||[91m;[91m; [97m_,,--,_ [91m;:;[93m\/\/\/[91m·[91m;[91m;[91m;[91m;[91m'[91m;[93m\/\/\/[91m:;· [97m_,--,,_[97m'\\[94m||[0m
[94m||[91m: [97m((@)) `, [91m;[91m;[91m:[91m·[93m·''  [93m\¡/¡\¡/  [91m;·[91m;  [93m,--,  [97m((@))[97m'·[94m||[0m
[94m||[91m; [97m`((´,;;;) [91m:[93m·''""  [93m[=·=·=]  [91m·[91m:  [93m((@)  [97m;,`))´ [91m;[94m||[0m
[94m||[91m;[91m;  [97m`´ `--´ [93m·''""""  [91m(o·,)  [93m·[91m:;[97m'  [93m`¡´  [97m´[97m\[97m`´  [91m;;[94m||[0m
[94m||[91m;:;:[91m^[91m;;;; [91m;[91m;[93m·'''"""  [91m(;;;)  [93m·[97m'\'[93m/[91m;[97m·'\\\'·[91m;':;;;[94m||[0m
[94m||[91m';:[91m;^ [91m;[91m:[91m;[91m;[91m;[91m;[91m;:[93m·'''""  [91m);(  [97m'\'[91m;[93m/[97m·'\\\'·[91m;;[91m;^;[91m'[91m;[91m;[94m||[0m
[94m||[91m:[91m;[91m;/;\[91m;;[91m^[91m;;;:':[91m;[91m;  [93m/[91m%;;;;&;[93m\  [93m/[97m'\\\'·[91m·[91m:[91m;[91m;[91m;[91m^[91m;;::[94m||[0m
[94m||[91m;;·[91m/;\[91m;;[91m^[91m·[91m;[91m;[91m:[91m:[91m;[91m:  [93m/[91m;;[93me>[91m%;&;;[93m\[93m/ [97m\\'·[91m;[91m;·:;:[91m/;\[91m;:[91m;[94m||[0m
[94m|| [91m·[91m;[91m/;\[91m;[91m/;\[91m;';;;  [93m/*[91m;;;%;;;[93m*[91m;[93m/[93m\  [97m·[91m;';;;;[91m;[91m·[91m/;\^;[91m:[94m||[0m
[94m||[91m;[91m;[91m^;;;\/;\[91m;;;  [93m/[91m;;%[93me>[91m;;;; [91m(;) [91m%[93m\  [91m:[91m:[91m;[91m;[91m;[91m;[91m;/;\^[91m:;[94m||[0m
[94m||[91m';[91m^;;;\/;\·[91m;  [93m/[91m;;[93m¡[91m;;;;[93m<+>[91m;&[93me>[91m%;;[93m\  [91m;;';·[91m/;;/;\:[94m||[0m
[94m||[91m:[91m/ [93m,--¡--,   [93m/[91m;[93m*[91m;;&  [31m(@@@)  [93m¡[91m%;;;[93m\   [93m,--¡--, [91m\[91m;[94m||[0m
[94m||[91m; [93m((:*:))  [93m/[91m%;;;;[93me>  [91m(;;;)  [91m;;;;;%;[93m\  [93m((:*:)) [91m:[94m||[0m
[94m||[91m;[91m/ [93m`--¡--´ [91m;;[93m¡[91m;;;;;;[93m*[91m;;;%;;;%&[93me>[91m;&;; [93m`--¡--´ [91m;\[94m||[0m
[94m||[91m/;; [31m|::| [93m/[91m;;;;;%[93m*[91m%;;;%[93me>[91m;;;&[93m¡[91m&;;;&&&;[93m\ [31m|::| [91m;;\[94m||[0m
[94m||[91m/;; [31m|::| [93m‾‾‾‾‾‾‾‾‾‾‾‾‾‾‾‾‾‾‾‾‾‾‾‾‾‾‾‾‾ [31m|::| [91m;;;[94m||[0m
[94m||[91m:;[91m; [31m|::| [91m;[91m;^[91m;;;;;;;  [91m(;';)  [91m;[91m;[91m;;;;;[91m^[91m;; [31m|::| [91m;[91m:[91m;[94m||[0m
[94m||[91m;[91m;[91m;[91m;[91m:[91m/;\[91m:;;[91m^[91m;:[91m;[91m;[91m·[91m;[91m;  [91m(;:;)  [91m: ;·;[91m;[91m;[91m^[91m'[91m;^/;\[91m; [97m,=,[94m||[0m
[94m||[91m;:;:[91m/;;;\; [91m,;;, [91m:;·  [91m(;';)  [91m'[91m:[91m;[91m;[91m;[91m·[91m/;\[91m;[91m/;;;\ [97m|=>[94m||[0m
[94m||[91m;[91m;[91m;[91m:[91m/;;;\/  [91m,;;;;;;;;;;;;;;;;;;;;;,  [91m//;;;\[97m/[91m;[91m;[91m;[94m||[0m
[94m||[91m'[91m; [93m,======  [91m(;;;;;;;;;;;;;;;;;;;;;)  [91m;;;\[91m;[97m/[91m::;;[94m||[0m
[94m||[91m:; [93m|:[31m(@@)[93m:,| [91m;[91m;[91m^[91m;;;  [91m(;:;)  [91m·[91m;[91m;  [91m`;=´  [91m;\[97m/[91m;[91m:[91m:[91m: [94m||[0m
[94m||[91m;[91m· [93m|[91m<¡\/¡>[93m| [91m';'[91m^[91m:[91m;[91m:  [91m(;';)  [91m;::[91m^[91m:;:;[91m·[91m;[91m·[91m;[97m/[91m;[91m:[91m;[91m;[91m;;[94m||[0m
[94m||[91m;; [93m|[91m;/||\;[93m| [91m;[91m;[91m/;\[91m:[91m'  [91m(;:;)  [91m;[91m;/;\ [97m,‾,;;;;;;, [91m;;[94m||[0m
[94m||[91m:;; [93m\;;[91m¡[93m;;/ [91m;;[91m/;\[91m';  [91m(;';)  [91m·[91m:[91m/; [97m(´o(;;;;;;;) [91m'[94m||[0m
[94m||[91m'[91m;[91m;[91m; [93m\;;;/  [91m;[91m/;;;\[91m;  [91m(;:;)  [91m;[91m/;; [97m(;;(;;;;;;;) [91m;[94m||[0m
[94m||[91m::''; [93m\;/ [91m:[91m:[91m;/;;;  [91m,(;;;;;),  [91m;;; [97m‾´´‾‾´´‾  [91m;;[91m;[94m||[0m
[94m|| [91m'[91m;[91m·[91m;[91m· [93mv [91m;[91m;;:;;::;  [91m`‾‾‾‾‾´  [91m;';·;:; ;;[91m;[91m;[91m:[91m:[91m; :[91m;[94m||[0m
[94m||[31m_______________________________________________[94m||[0m
[94m||[31m,.,.: [93m,¡, [31m::::;,.; ;, ,.;.:;:;:;:: :;; [93m,¡, [31m.,.;[94m||[0m
[94m|| [31m;,:;::::;:;:;;,.,.;.;[93m,¡,[31m: ::;:;:;::;,.,.; ;, ,[94m||[0m
[94m||[31m.;[34maw[31m;:;: ::;:.;.;,;,.,.;;:;:;::::;:.;,;,.,.;.;;[94m||[0m
[94m||                                               ||[0m
[94m|>[97m- - - - - - - - - - - - - - - - - - - - - - - -[94m<|[0m
[94m||                  [97mTHE EMPEROR                  [94m||[0m
[94m||              [97m~ tzaddi · aries ~               [94m||[0m
[94m`=(+)=========================================(+)=´[0m
