[94m.=(+)==================[ V ]==================(+)=.[0m
[94m||                                               ||[0m
[94m||[94m,v, [34m· ·: : :·: [97m¡ ¡ ¡ ¡ ¡ ¡ ¡ ¡ ¡ [34m;·;· ·:·:  [94m,o,[94m||[0m
[94m||[94m(o<  [34m: '[91m(O)  [92m~e [94m_,-´([91m,*@*,[94m)`-, [97m__ [34m'; : · : [94m\¡/[34m,[94m||[0m
[94m|| [94mV  [34m·[94m*[92m(O)[34m:[91m(O)[34m;[92ms[94m((·'·' [93m,¡, [94m'·'· [97m<(´\_ [34m·' · : [94m/ \[94m||[0m
[94m||[34m·:; ;· · [93m|[34m;:;[92ms[34m'[94m(:'·' [93m|(¡)| [94m'·':)[34m'·: ':'· · ·';:[94m||[0m
[94m||[34m;· : ·:'·[93m|[34m'·[92ms[34m'[94m(:'·'· [93m|(¡)| [94m·'·':) [94m*[34m; · :· · ',;[94m||[0m
[94m|| [34m:::: :::[93m| [34m:[92ms[34m:[94m|:·'·' [93m<===> [94m'·'·:|[34m; ·[94m* [34m; ··;; :;[94m||[0m
[94m||[34m, :: ' ·'[93m|[34m· :[92ms[94m|:'·'· [91m(o_o) [94m·'·':| [34m: ·· ; ;; : ;[94m||[0m
[94m||[34m·: [93m*-----[93m|[93m---------- [91m`,_,´ [93m----------------*[34m:: [94m||[0m
[94m|| [34m;: [93m\ [34m;: [93m| [34m:[94m*[34m'· [93m/[91m([91m:'[37mx[91m''''''':[91m)[93m\[34m· ;· : : :·[93m/[34m' :,[94m||[0m
[94m||[34m::;· [93m\[94m*[34m'·[93m|[34m; '· [93m/[91m([91m:;''''[97m*[91m'''';:[91m)[93m\[34m; [91m¡[34m:[91m¡[34m· :·[93m/[34m· · ,[94m||[0m
[94m||[34m,; ·; [93m\\[34m·[93m| [34m: [91m,==(; [97m<´ [92m\o/ [97m`> [91m;)=,[91m(===)[34m'[93m// [34m:; : [94m||[0m
[94m||[34m; , ;:,·[93m\ [91m`===([34m:[91m([91m:; [97m\  [92m¡  [97m/ [91m;:[91m)[34m' ·[91m, , [93m/[34m· · :,;:[94m||[0m
[94m|| [97m,--,_ [34m;[91m(=)[93m/[34m;[31m,--[91m([91m:; [97mv [92m/ \,[97mv [91m;:[91m)[31m--,[34m:[93m\ / [34m: [97m_,--, [94m||[0m
[94m|| [97m((·o)  [34m:[93m'[93mX[34m· [31m[::[91m([91m:;''''''''';:[91m)[31m::] [34m:[93mX[34m;;  [97m(o·)) [94m||[0m
[94m|| [97m((_,) [34m, [93m/[34m,[93m\[34m,[31m[::[91m([91m:;;;;;;;;;;;:[91m)[31m::][34m;[93m/[34m:[93m\[34m;· [97m(,_)) [94m||[0m
[94m||  [97mU )( [34m:[93m/ [34m::[93m\[31m[::[91m([91m:;;;;;;;;[37mx[91m;;:[91m)[31m::][93m/[34m: ;[93m\[34m; [97m)( U  [94m||[0m
[94m||    [97m(( [93m/[34m·; ;,[31m[:[91m([91m:[37mx[91m;;;;;;;;;;;;:[91m)[31m:][34m:,: :[93m\ [97m))    [94m||[0m
[94m||    [97m)) [34m:;,: ,[31mL[91m([91m:;;;;;;;;;;;;;;;:[91m)[31m7[34m::,: , [97m((    [94m||[0m
[94m||    [97m(´  [34m;··, :[91m([91m:;;;;;;[37mx[91m;;;;;;;;:[91m)[34m,::::;· [97m`)    [94m||[0m
[94m||[34m·::[93m*---------[91m([91m:[37mx[91m;;;[37mx[91m;;;[37mx[91m;;;[37mx[91m;;;[37mx[91m:[91m)[93m---------*[34m·::[94m||[0m
[94m||[34m;,·: : ; [31m,===~´  [34m: [31m,;;;;;;,  [34m·: [31m`~===, [34m:;:, : ;[94m||[0m
[94m||[34m:: :·:; [94m*[34m;::  [31m(; [97m¡[31m''';·'''''''';)  [34m:·,;,: ,:,: [94m||[0m
[94m||[34m,,: :;,, ;;;,:[31m;; [97m|[31m:;(o;;;o);:;;;;[34m;·,,::;·, :[94m*[34m;;[94m||[0m
[94m||[34m·::; :::: ,,,,[31m;: [97m|[31m;; [97m,(·), [31m;;[97m,[31m;;;[34m··[94m* [34m; :::: ,,,[94m||[0m
[94m|| [34m,;;: ·:,· : ;:[31m;[97m-+- [97m,(;;;), [97m(([31m:;[34m:;::,·; ·;:, :,[94m||[0m
[94m||[34m: ,:,: :,:,:, ;:;[97m¡[31m;: [97m(;;;) [31m:;[97m`[34m:,[94m*[34m,: :,:, ;:;: :[94m||[0m
[94m||[34m,:;; :;·, :·,: ;,:;· [97m(;;;) [34m;,:; ,::· ::;,:; ,::[94m||[0m
[94m|| [34m··;; ··;; ··,, ,,, [97m(;;;;;) [34m:::: :::: :;::;;;::[94m||[0m
[94m||[34m: ,·;:,,·;: ;·;: ;[94m* [97m(;;;;;)  [34m:,·: :,·: : ·::,··[94m||[0m
[94m||[94mc-c [34m:,; ;:·: ;,;, :  [97m(_,_) [94m*[34m; ;:,: ;:;:,:  [94m,%, [94m||[0m
[94m||[94m(o= [34m::·: ·:;·[31mL===================7[34m, · :·,: [94m=o)[34m,[94m||[0m
[94m||[34m;[34maw[34m, ,:::[31mL===========================7 [34m;::· ;,,[94m||[0m
[94m||                                               ||[0m
[94m|>[97m- - - - - - - - - - - - - - - - - - - - - - - -[94m<|[0m
[94m||                [97mTHE HIEROPHANT                 [94m||[0m
[94m||               [97m~ vau · taurus ~                [94m||[0m
[94m`=(+)=========================================(+)=´[0m
