[94m.=(+)==================[ V ]==================(+)=.[0m
[94m||                                               ||[0m
[94m||[94m,~, [34m·  , :  · '[97m¡ ¡ ¡ ¡ ¡[34m·[97m¡[34m'[97m¡ ¡ ¡  [34m' · ', [94m* [94m,·, [94m||[0m
[94m||[94m((o> [34m,  , ,  [92m~e [94m_,-´([91m,*@*,[94m)`-, [97m__  [34m: : ' [94m<(··)>[94m||[0m
[94m|| [94m`v>[34m' ·  ' · ,[92ms[94m((·' [93m(,¡,) [94m'·'· [97m<(´\_  [34m: ·  [94m`-´ [94m||[0m
[94m||[34m: :  · [94m*  [91m(o) [34m·[94m(:'· [93m((¡)) [94m·'·':)[34m· · :, · ·  , ,[94m||[0m
[94m|| [34m: ,  , ' [92m(o) [94m(:'·'· [91m(´·`) [94m·'·':)  [34m: ·  · '  ' [94m||[0m
[94m||  [34m, ·  :  [91m(o) [94m|:·'·' [91m`,-´ [94m·'·'·:|   [34m· :  ' , ··[94m||[0m
[94m||[34m'  · , '[93m\‾‾[93m|[93m‾[92ms[94m|:'·[91m,[91m;;;[91m(_)[91m;;;[91m,[94m·':|[93m‾‾‾‾‾/[34m:  , ' :[94m||[0m
[94m|| [34m,    · :[93m\ [93m| [91m,;;;;;;;;;;;[37m:[91m;;;[91m)[91m;;;, [34m: [93m/[34m: '    , [94m||[0m
[94m||  [34m, '  , ' [93m|[91m;;;  [91m([91m;;;;;[97m*[91m;;[37m:[91m;;[91m) [34m' [91m;;,[91m¡ ¡  [34m' :  [94m*[94m||[0m
[94m||[34m,, : '  · [91m(¡)  [34m: [91m( [97m<´ [92m\o/ [97m`> [91m)[34m, : [93m/ [91m(;;)  [34m· :  [94m||[0m
[94m|| [34m:  : ·  , , [93m\[34m'[93m/[34m'[91m([91m; [97m\  [92m¡  [97m/ [37m:[91m) [93m\ /  [91m, ,    [34m· , [94m||[0m
[94m||[34m: '  , ·  : [94m* [93mX[34m, [91m([91m; [97mv [92m/ \,[97mv [91m;[91m)  [93mX [34m:    · :  ' ,[94m||[0m
[94m|| [34m: :  , ,    [93m/ \[91m([91m;;;;[37m:[91m;;;;;;;;[91m)[93m/ \ [34m, ,  · ·  ' [94m||[0m
[94m|| [34m·   [97m_,--,_ [93m/ [34m:[91m([91m;;;;;;[37m:[91m;;;;;;;;[91m) [34m·[93m\ [97m_,--,_ [34m' · [94m||[0m
[94m||[34m'  [97m,(;;;;;;), [31m[===[93m\[31m=========[93m/[31m===] [97m,(;;;;;;),  [34m:[94m||[0m
[94m||  [97m((;o;;;;;),   [31m,c( ;;;;;;; )c,   [97m,(;;;;;o;))  [94m||[0m
[94m||  [97m((;;;;;(;( [93m______ [31m(o;;;o) [93m______ [97m););;;;;)) [34m'[94m||[0m
[94m||[34m,  [97m`--´ (;(    [34m'   [97m¡ [31m(;·;) [34m'  ' ·   [97m);) `--´   [94m||[0m
[94m|| [94m*  [34m, · [97m`(;´ [34m,  ·  [97m| [34m' [93mv  [34m· ·  : ' [97m`;)´ [34m:  ' , [94m||[0m
[94m||[34m: ,  ' : ·, ' :· [94m* [97m| [97m,(·),  [97m,´ [34m·, ' :  · '  : ·[94m||[0m
[94m||[34m·' ,    · :, : '  [97m-+-[97m(;;;),[97m(( [34m· :  · : ,: '    [94m||[0m
[94m|| [34m·  : ·  : ·  : ·  [97m¡ [97m(;;;)[34m: [97m`, [34m: ·  : ·    · , [94m||[0m
[94m||[34m' ,  : '  · '  · : ,,[97m(;;;) [34m· '  · :  , : '  · :[94m||[0m
[94m|| [34m· ·  , ,  ' '    · [97m(;;;;;) [34m' '  : · ·  [94m* [34m,  ' [94m||[0m
[94m||  [34m: , :, : ,  , :  '[97m(;;;;;)  [34m' ·  · ' ·  · ' ·'[94m||[0m
[94m||[34m,  · · ·' ' '  , ,  :[97m(_,_) [34m'  · · ·  ' '  , , ,[94m||[0m
[94m|| [34m, :  [94m* [34m'  : [31mL===================7 [34m: ,· ' ·  , [94m||[0m
[94m||  [34m: :  : [31mL===========================7 [34m· · ·· ·[94m||[0m
[94m||[34m·  : ,'': ,  : , :· , :· ' :  ' · ,' · ,  · '::[94m||[0m
[94m||[94mc,_,o [34m·  , , [94m*[34m' ' ,  : '  : :  · · :, , · [94m,%%, [94m||[0m
[94m||[94m(o·o)[34m· , :, : ·: · '  ' : ·: [94m* [34m', ' :  : [94m(%o%) [94m||[0m
[94m|| [94m`-´  [34m, [34maw[34m·  ' '  , · :: ' ,, · :: ' , ·· [94m`~´  [94m||[0m
[94m||                                               ||[0m
[94m|>[97m- - - - - - - - - - - - - - - - - - - - - - - -[94m<|[0m
[94m||                [97mTHE HIEROPHANT                 [94m||[0m
[94m||               [97m~ vau · taurus ~                [94m||[0m
[94m`=(+)=========================================(+)=´[0m
