[94m.=(+)=================[ VI ]==================(+)=.[0m
[94m||                                               ||[0m
[94m||[37m|% [97mo [37m%;%|%[97m![91m/;[97m![93m:;[97m![93m;[91m///[97m' ·' [91m;\\ [97m![93m; [97m![91m;\[97m![37m%;%|% [97mo [91ms[37m;[94m||[0m
[94m||[37m% [97m(:) [37m%[97m![91m%///[93m;;;; [91m,=´ [97m'' '[93m*% [91m`=, [93m' ;[91m%\%\[97m!  [97m(¡) [37m%[94m||[0m
[94m||[37m; [97m):( [91m////[93m;' :;[91m;/ [91m<===([97m=[91m)===> [91m%;[93m;'' :[91m\ \\ [97m(:) [37m%[94m||[0m
[94m||[37m% [97m(:) [91m//[93m:':';;[91m//%/ [93m`~._[97m|[93m_.~´ [91m; \\ [93m;;;;;[91m\; [97m):( [37m%[94m||[0m
[94m||[37m| [97m[=] [93m;'; '; [91m/%/%%/[97m·'  [97mv[97m':''[91m;\\;\;[93m:;';:'; [97m[=] [37m|[94m||[0m
[94m||[37m%%[91m// [97m_,_ [91m::''';;;:::::::'''';;;::::::: [97m_,_ [91m%%[37m||[94m||[0m
[94m|| [97m<ww= [91m;;;;%;;;;;%%;;;;%%;;;;%%;;;;;%;;;;; [97m=ww> [94m||[0m
[94m||[37m%%[93m;':;;;[91m%;%%%%;%%;%;%%;%;%%;%;%%;%%%%;%[93m;;;:';[37m%%[94m||[0m
[94m||[37m|%[93m:'; ': [91m///[91m%%%%;,%;,%%,;%%;,%%,%%%[91m\\;[93m;;:';;'[37m;%[94m||[0m
[94m||[37m%%[91m;)%;([93m%;;'[93m!¡!¡![93m%[97m''[97m|[97m': [97m|[97m·' [97m|[97m' [93m%;;[97m+[93m;; :% [91m;);;;[37m;%[94m||[0m
[94m||[37m;% [91m((;;[93m%:% [93m[===] [97m· [97m|[97m' '[97m| [97m··[97m|[97m:: [97m[(:)] [93m:%;[91m(%;;%[37m%%[94m||[0m
[94m||[37m%%[91m)[93m'[91m;(([93m%:' [31m(@@@) [93m:[97m'[97m|[97m'' [97m|[97m'·'[97m|[97m· [91ms(···)s [93m; [91m;%[93m;[91m)([37m|;[94m||[0m
[94m||[37m|%[91m;;)()[93m; ;; [31m)@( [93m;;[97m:[97m|[97m:·'[97m| [97m:'[97m|[97m·[93m;; [91ms)·(s [93m'%[91m;;(%([37m|;[94m||[0m
[94m||[37m%%[91m(%);;[93m' [97m,[37mv[97m'%'[37mv[97m'%,_[91m===\[91mw/===[97m_,%'[37mv[97m'%'[37mv[97m, [93m'[91m%) (;[37m%;[94m||[0m
[94m||[37m;%[91m%;; ) [97m([37mv[97m'%'[37mv[97m'%[37mv[97m%)  [91m¡[97m:[97m| [97m'' [97m(%[37mv[97m%'[37mv[97m'%'[37mv[97m)  [91m;);;[37m;%[94m||[0m
[94m|| [37m%[91m; ;% [97m([37mv[97m%'%[37mv[97m%'%[37mv[97m%) [97m:[91m| [97m|[97m: · [97m(%[37mv[97m%'%[37mv[97m%'%[37mv[97m) [91m% ;([37m;%[94m||[0m
[94m||[37m| [91m;;;% [97m(%[37mv[97m%'%[37mv[97m% [97m(´)  [91m|[97m\¡/[93m;  [31m(%) [97m%[37mv[97m%'%[37mv[97m%) [91m;;[93m%[91m([37m%%[94m||[0m
[94m||[37m%|[91m% ;)%[93m:[91ms;;;s;; [97m(%)__[93m'[93m(=) [31m__(%) [37mo[91m;s;;;s[93m:[91m;)%;; [37m%[94m||[0m
[94m||[37m;;[91m(););[93m%:[91m;;;;;; [97m(%)[93m·;[91m|[93m%[93m¡[93m;;;·[31m(%) [37m|[91m;;;;;[93m''[91m);; ;[37m| [94m||[0m
[94m||[37m%|[93m%%;;;%;[91me;; [97m,*, %([93m'%[91m| [93m;% %'[31m)%( [37m|[91mes;[93m·[97m<´o) [93m%%:[37m%|[94m||[0m
[94m||[93m'  [91m,%%,_ [93m%[91m;;[93m'[97m*'* %)[93m'%;%:;:';[31m(%)[93m'[91me;;;; [97m)::\_ [93m;;;[94m||[0m
[94m|| [91m(%%%%%,o)[93m'; %' [97m/ \[93m;;; %';;'[31m/ \ [93m%%;:'[97m(:::::, [93m:;[94m||[0m
[94m|| [91m(%%%%%(‾<~[93m·;;:'[97m| |[93m·%';';;;'[31m| |[93m'%%'; [97m(::;::\ [93m%%[94m||[0m
[94m|| [91m(%%%%%%)=´  [93m;; [97mL L[93m';;%:;;'·[31mL L [93m;;%:·[97m):::;::) [93m%[94m||[0m
[94m||[93m; [91m);;;;;;( [93m%'%·[97m,==´   ,·:[91m~o[93m;'[97m`==,[93m':;'[97m(::;:::) [93m%[94m||[0m
[94m|| [91m(;;;;;;;)[93m·;;%;;%'; [97m(:[91ms~s[97m:)  [93m;% :%;:% [97m)::;::( [93m%[94m||[0m
[94m||[93m% [91m);;/);;( [93m%; ;;:;; [97m([91ms~s [97m·) [93m';;%%%;;  [97m(:::::) [93m:[94m||[0m
[94m||[93m; [91m´U´ ´U´ [93m;;';;:::  [97m`~,_,~´ [93m;;; ;;;::; [97mL´ `7 [93m::[94m||[0m
[94m||[91m-==~-==~-==~-==~-==~-==~-==~- =~-==~-== -==~-==[94m||[0m
[94m||[91m===·===· ==·===·===·===· ==·===·===·===·===·===[94m||[0m
[94m||[91m~-==~-==~-==~-==~-= [93mc~=¡=~C [91m~-==~-==~-==~-==~-=[94m||[0m
[94m||[91m· [34maw [91m===·===·===·===· ==·===·===·= =· == ===·==[94m||[0m
[94m||                                               ||[0m
[94m|>[97m- - - - - - - - - - - - - - - - - - - - - - - -[94m<|[0m
[94m||                  [97mTHE LOVERS                   [94m||[0m
[94m||               [97m~ zain · gemini ~               [94m||[0m
[94m`=(+)=========================================(+)=´[0m
