[94m.=(+)=================[ VI ]==================(+)=.[0m
[94m||                                               ||[0m
[94m||[91m)\\[97m\\\\\[91m\\(\\\\\[93m;[97m/[93m; [93m,w\ /w, [93m·[97m\[93m·[91m////////[97m/////[91m///[94m||[0m
[94m||[91m\[97m,o,[91m\[97m\\\\\[91m\([97m/[91m\\\[97m/[93m·; [91m((=o=))[93m% [93m:[97m\[91m(//[97m\[91m//[97m/////[91m/[97m,o,[91m/[94m||[0m
[94m||[93m;[97m(¡([91m\\\[97m/[97m\\\[97m/[91m(\\[97m+[91m\[93m; [93m<===T===> [93m·[91m/[97m+[91m(//[97m\[97m///[97m\[91m//)[97m)¡( [94m||[0m
[94m||[93m: [97m)([91m\\[97m/[91m\\\[97m+[97m\\[91m(\\\\[93m:· ·'[93m¡[93m' ·;·[91m////([97m//[97m+[91m///[97m\[91m//[97m)( [93m'[94m||[0m
[94m||[37m| [97m==[93m'[97m+[93m·[91m\\\\\[97m\\\[91m\\\\[93m:: ·[93mv[93m;;';[91m////[97m///[91m/////[93m'[97m+[93m:[97m== [37m|[94m||[0m
[94m||[37m||(((([93m:;':[91m\\\\[97m\\[91m\\\\[93m; [97m,¡, [93m·[91m////[97m//[91m//)/[93m:' :[37m|((((|[94m||[0m
[94m||[37m|||((((|||[93m: [91m_,;==´´  [97m/:¡:\  [91m``==;,_ [93m'[37m||||||(((([94m||[0m
[94m||[37m||||((((|| [91m((;;;;,_ [97m/:¡:¡:\ [91m_,;;;;)) [37m(||||||((([94m||[0m
[94m||[37m|||||(((( [91m((;;;;;;, [97m¡:¡:¡:¡ [91m,;;;;;;)) [37m(|||||)))[94m||[0m
[94m||[93m'[37m(([97m,ww [91m,===,[93m¡¡¡[91m=;;;,_______,;;;=[97m,o,[91m,===, [97mww,[37m|||[94m||[0m
[94m||[37m(||[93m:[91m))[93m:[97m~~[93m':[93m[===][93m'[91m`=,_______,=´[93m;[97m(¡¡¡)[93m;;[97m~~[93m·[91m(([93m;[37m|||[94m||[0m
[94m||[37m|||[91m))[93m;:; [31m,(@@@@@),[93m·'[97m¡[93m:''[97m¡[93m'[97m¡[93m':[91m,('''''), [93m;:[91m([93m:[91m([93m'[37m))[94m||[0m
[94m||[37m|[93m·[37m([91m)[93m;[91m)[93m··; [31m(@@@@@)´[93m''[97m¡[93m:[97m¡[93m:::[97m¡[93m:'[91m`(''''')  [93m'::[91m(([37m)||[94m||[0m
[94m||[37m((|[93m·[91m) [97m,=('v''v), [93m'[91m,===c[91mxo===´[93m' [97m,(v''v')=, [91m([93m'[37m|||[94m||[0m
[94m||[37m|||[91m) [97m,('v''v'), [91m,==´[93m''':[97m¡[93m:[97m¡[93m:[91m`==, [97m('v''v'), [91m([37m|[93m·[37m)[94m||[0m
[94m||[37m||[93m' [97m('v''v''v) [93m''';'[91m![93m'[91m¡¡¡[93m;·''';  [97m(v''v''v') [37m))|[94m||[0m
[94m||[37m((( [97m(''v''v'')  [93m;;''[91m|[93m'[91m|||[93m;;·''': [97m(''v''v'') [37m|||[94m||[0m
[94m||[37m|||[91m)[91m(s;:;:;:;:;:)[93m;':[91m|[93m\;;;/[93m':·'[91m(;:;:;:;:;:s)[91m([37m||[93m;[94m||[0m
[94m||[37m|||[91m(:e:s:;:;:;: [97m,o,[93m:[91m|[93m''[93m|[93m';::[31m(@) [91m;:;:;:;s;e;)[37m)))[94m||[0m
[94m||[93m'[37m(([91m(; [91m,&&&, [91m;:; [97m(')/[93m:'[93m,=,[93m'·[31m\(@) [91m:;:;:s: [97m,·, [37m|||[94m||[0m
[94m||[93m·[91mc[91m( [91m,&&&&&&, [91m;: [97m('')[93m':::;''·[31m(@·),[91m:;s; [97mc((o)´ [93m·:[94m||[0m
[94m||[93m:[91m| (&&(o&&)< [97m*, )'([93m';';':':'[31m)@( [91m:[31m\[91m:e:;: [97m)ww`, [93m;[94m||[0m
[94m||[93m;[91m| (&&&&&&&)` [97m* |[93m·[97m|[93m:''';:·':[31m|[93m·[31m| [91m;e[31mo[91m:;: [97m(wvwv), [94m||[0m
[94m||[93m' [91m)&&&&&&&( [91m;:; [97m'[93m'[97m'[93m'''''''·'[31m,[93m'[31m, [91m:;:;:; [97m(vwvwv) [94m||[0m
[94m||[93m· [91m)&&&&&&&(  [97m_,,=´´ [93m;'';'': [97m``=,,_ [91m:;: [97m(wvwvw) [94m||[0m
[94m||[93m: [91m(&&&&&&&( [91m;:;:;[91m<~ [97m,(·:·), [91m:;:;:;:;:;: [97m)vwv( [93m'[94m||[0m
[94m||[93m;[91m( [91m(&&)`(&&( [91m;:;:; [97m(([91m~~~~~[97m)) [91m:;:;:;:;:; [97m(ww)| [93m;[94m||[0m
[94m|| [93m' [91m´U´  ´U´ [91m;:;:;:; [97m`(·:·)[91m~,[91m:;:;:;:;:;: [97m´L ´L [93m:[94m||[0m
[94m||[91m;=;=;=;=;=;=;=;=;=;=;=;=;=;=;=;=;=;=;=;=;=;=;=;[94m||[0m
[94m||[91m:=;;:=;;:=;;:=;;:=;;:=;;:=;;:=;;:=;;:=;;:=;;:=;[94m||[0m
[94m||[91m;;:=;;:=;;:=;;:=[93m<~~~~=====~~~~>[91m=;;:=;;:=;;:=;;:[94m||[0m
[94m||[91m::[34maw[91m::··::··::··::··::··::··::··::··::··::··::·[94m||[0m
[94m||                                               ||[0m
[94m|>[97m- - - - - - - - - - - - - - - - - - - - - - - -[94m<|[0m
[94m||                  [97mTHE LOVERS                   [94m||[0m
[94m||               [97m~ zain · gemini ~               [94m||[0m
[94m`=(+)=========================================(+)=´[0m
