[94m.=(+)=================[ VI ]==================(+)=.[0m
[94m||                                               ||[0m
[94m||[37m|!:|| [93m;:[91m/;:;[93m'·[97m' [91m/;:;; [93m;:'  [91m;;;\ [97m'[93m·;[91m;;;\[93m:'  [37m|[91ms[37m|;[94m||[0m
[94m|| [97m,o, [93m··[91m;;;;[93m' [97m/[93m'[91m/; [93m_,&w[91m(=)[93mw&,_ [91m;\[93m:[97m\ [93m;[91m::::[93m;; [97m,o, [94m||[0m
[94m|| [97m);( [91m/;:;[93m' [97m//[93m:[91m:;;:[93m· [91mc(;=;)C[93m%[93m·[91m;;:;[93m:[97m\\  [91m:;;\ [97m)¡( [94m||[0m
[94m|| [97m(;) [91m;:; [93m:[97m/[93m;[91m/:;;[93m:[97m/ [93m`=,_¡_,=´ [97m\[93m:[91m;;;\[93m'[97m\[93m:·[91m; : [97m(:) [94m||[0m
[94m|| [97m¡;¡ [91m;;[93m·[97m//[93m:[91m/;;;[97m// [93m'[91m/;::[97m¡[91m;;;\[93m;:[97m\\[91m; :\[93m:[97m\\[93m·[91m:; [97m¡:¡ [94m||[0m
[94m|| [97m[_] [93m::[97m/ [91m/;;;;[97m/[93m:;;[91m/; [97m·[93m:[97mv [97m·[91m:;\[93m' :[97m\[91m:::;\[93m'[97m\ [93m: [97m[_] [94m||[0m
[94m||[37m;! [91m:[93m':[97m/[93m'[91m/;;; [97m/[93m·:[91m/;; [97m/:'[97m*[97m':\  [91m:\[93m:·[97m\[93m;[91m;;;\[93m;[97m\[93m:;[91m; [37m!|[94m||[0m
[94m||[37m|!;[93m'[97m//[93m'[91m;:; [93m;[91m(;·;;;;;;;;·;;;;:;; ·;)[93m: [91m:;;[93m;[97m\\[93m;[37m;|:[94m||[0m
[94m||[37m|| [97m<;===,_ [91m·; ;;;;;;;;;;··;;; ;;;; ; [97m_,===;> [37m||[94m||[0m
[94m||[37m|||[93m:[91m/[91m(;;·;; ;;:;;;·;;;·;:;;;·;;; ;:;;·:;;)[91m\[93m;[37m|!|[94m||[0m
[94m||[37m:!; [93m:;[91m(;· [93m¡ ¡ ¡ [91m;:;;;;;·;·;;;·;· [97m'·' [91m;:;)[93m·'·[37m; ;[94m||[0m
[94m||[37m||![93m':· ': [93m(===)   [97m|'[97m¡[97m':[97m¡[97m:'[97m¡[97m'| [93m; [97m,(¡),  [93m':·; [37m|||[94m||[0m
[94m||[37m|||  [93m···  [31m(&&&) [93m: [97m|'[97m¡[97m':[97m¡[97m:'[97m¡[97m'|   [91m(';') [93m;; ;;;[37m|||[94m||[0m
[94m||[37m!|[93m:';·  [97m,==[31m&&&[97m==, [93m·[31m,=´&[93m¡[91mo`=,  [97m,==[91m:':[97m==, [93m';·  [37m|;[94m||[0m
[94m||[37m;|[93m'· :; [97m('v':'v')[31m_, [97m|':[97m¡[97m:'| [91m,_[97m('v':'v')   [93m:;'[37m|;[94m||[0m
[94m||[37m;| [93m;': [97m('v':v':v')  [97m|':[97m¡[97m:'|  [97m('v':v':v') [93m'': [37m|![94m||[0m
[94m||[37m||[93m·:   [97m(':v'v':v:) [93m· [91m\¡|¡/ [93m· [97m(':v'v':v:)   [93m;·[37m||[94m||[0m
[94m||[37m||[93m' :'· [91m([93m·[91ms;;:s;)[97m/  / [91m\¡/ [97m\[93m·'[97m\[91m(es;;es;) [93m·';:;[37m|:[94m||[0m
[94m||[37m;|[93m;:·; [91m([93m;[91ms;;:s; [97m,o,  [93m(:¡:)   [31m,&, [91m;es;;e)[93m;'  '[37m|![94m||[0m
[94m||[37m||[93m· ;;;[91m(s;[93m'[91m:s;e [97m(')=´ [93m\_/ [31m`= (&) [91mes;;e;) [93m::::[37m| [94m||[0m
[94m||[93m·[91mc,[93m';·[91m(s;e:s;e: [97m|'| [93m·: [93m¡[93m;·:[97m\ [31m|&| ![91m;;e;;;)[93m:'  ·:[94m||[0m
[94m||[93m; [91m,;&&;, [91m:s[93m· [97m,*, [97m'|  [93m;:'· ·' [31m|&| ![91m; ;;;; [97m,^',  [94m||[0m
[94m||[91m;&&&&&(o´,  [97m,*'*, [97m\ [93m':· ':·[91m( [31m/&\ O[91m;;;; [97m<(o', [93m:·[94m||[0m
[94m||[91m;&&&&&&&=< [91m:[97m/[91m; [97m´¡ ¡`  [93m;;;;  [31m´¡ ¡` [91m;; ;; [97m);'':( [94m||[0m
[94m||[91m(;&&&&&;) [91m:;;e[93m·[91m;;e;)[93m;·'; [91m,s´ [91m;;;;;;:;; [97m(':':':)[94m||[0m
[94m||[91m(;&&&&;;) [91m;;e;;;e [97m<==,':·:',==> [91m;;:;;  [97m(':':':)[94m||[0m
[94m||[91m);&&&&;( [97m/[93m;;'  ·[97m/ [97m('[91ms[97m::::[91mS[97m:') [97m\[93m'::· ;[97m\[93m: [97m)':':( [94m||[0m
[94m||[91m,U;&&;U, [93m::' ';[97m/[93m·  [97m(':[91mS[97m::[91ms[97m') [93m''[97m\  [93m··: [97m\ [97m,U,U, [93m:[94m||[0m
[94m||[91m~=~-·~=~-·~=~-·~=~- [97m`':::'´ [91m-·~=~-·~=~-·~=~-·~=[94m||[0m
[94m||[91m-·~=~-·~=~-·~=~-·~=~-·~=~-·~=~-·~=~-·~=~-·~=~-·[94m||[0m
[94m||[91m=~-·~=~-·~=~-·~=~-·~=[93m`==´[91m=~-·~=~-·~=~-·~=~-·~=~[94m||[0m
[94m||[91m·~[34maw[91m-·~=~-·~=~-·~=~-·~=~-·~=~-·~=~-·~=~-·~=~-·~[94m||[0m
[94m||                                               ||[0m
[94m|>[97m- - - - - - - - - - - - - - - - - - - - - - - -[94m<|[0m
[94m||                  [97mTHE LOVERS                   [94m||[0m
[94m||               [97m~ zain · gemini ~               [94m||[0m
[94m`=(+)=========================================(+)=´[0m
