[94m.=(+)=================[ VII ]=================(+)=.[0m
[94m||                                               ||[0m
[94m||[34m;:;;[97m·[34m:;;;:[97m·[34m;;:;;;:; [37m\o/,\o/ [34m;:;;;:;;[97m·[34m:;;;:[97m·[34m;;:;[94m||[0m
[94m||[34m:[97m~w~e[34m;[97mm~s~[34m;[97m~e~m[34m;[97ms~w [37m<(:¡:)> [97me~[34m;[97m~s~w[34m;[97me~m~[34m:[97m~w~e[34m;;[94m||[0m
[94m||[34m_/‾‾‾\___/‾‾‾\___/‾  [93m,-=-,  [34m‾\___/‾‾‾\___/‾‾‾\_[94m||[0m
[94m||[34m(;;,[94m,[94m· [94m/ [91m|) [94m' [94m;[91m|)[94m·  [93m(;;;;;) [94m:,[91m(|[94m;·[94m· [91m(| [94m\ [94m; [34m,;;)[94m||[0m
[94m||[34m`(;[94m' [94m/[94m' `[91m|)[94m·:, [91m|)[94m-[94m: [91m[=---=] [94m;[94m-[91m(|[94m, ;,[91m(|  [94m·[94m\[94m` [34m;)´[94m||[0m
[94m||  [94m'[94m/[94m· ,[94m,·[91m|)[94m: [93m,=[32m*[93m=,_ `(;;;)´ _,=[32m*[93m=, [94m;[91m(|[94m,  [94m` [94m\ [94m;;[94m||[0m
[94m||[94m` [94m/[94m· [94m: ·,[91m|)[94m;[94m'[93m(:;([32m*[93m;;;;;;:;:;;[32m*[93m);;)[94m' [91m(|[94m,,  [94m' [94m\ [94m,[94m||[0m
[94m|| [94m(   [94m,; [94m/[91m|)[94m· [93m(;:;(;;[32m*[93m;;;;:[32m*[93m:;);;;) [94m,[91m(|[94m\[94m;·    [94m) [94m||[0m
[94m||[94m( [94m' [94m· [94m([94m: [91m|) [94m'[93m(;;[32m*[93m;;;;;;;:;:;;;[32m*[93m;;)[94m` [91m(|[94m, [94m)[94m· [94m,  [94m)[94m||[0m
[94m||[94m''[94m;, [94m(  [94m·[91m|) [94m/[93m(;;|;;[94m--;OOo;--[93m;;|;;)[94m\[94m'[91m(| [94m··[94m)[94m; [94m,  [94m||[0m
[94m|| [94m,[91m_,-===-[91m|)[94m: [93m|;;|[94m/Oo;OO[94m~[94m;OOo;\[93m|;;|  [91m(|[91m-===-,_[94m' [94m||[0m
[94m||[94m,[91m/;;\,|,/[91m|)[91m\[94m:[93m|;[94m(OOo[94m'··[91m%|*[94m·~'[94mOOo)[93m;|[94m,[91m/[91m(|[91m\,|,/;;\[94m'[94m||[0m
[94m||[91m(;;-,\|/,[91m|)[91m;)[93m|;[94m(Oo[94m'·[91m*\;|*/;[94m··[94mo;)[93m;|[91m(;[91m(|[91m,\|/,-;;)[94m||[0m
[94m||[91m[==-=(o)=[91m|)[91m=][93m([94m(Oo;[94m·[91m---@@@---[94m~[94m;OO)[93m)[91m[=[91m(|[91m=(o)=-==][94m||[0m
[94m||[91m(;;-´/|\`[91m|)[91m;)[93m`([94m(;O[94m·~[91m;/*|;\*[94m~'[94mOO)[93m)´[91m(;[91m(|[91m´/|\`-;;)[94m||[0m
[94m|| [91m\;;/'|'\[91m|)[91m/ [94m· [94m(OOo[94m'··[91m%|*[94m·~'[94mOOo) [94m,[94m;[91m\[91m(|[91m/'|'\;;/[94m·[94m||[0m
[94m|| [94m·[91m`-,===,[91m|)[94m;· [91m(ww=, [94mOo;[94m·[94mOo; [91m,=ww) [94m:·[91m(|[91m,===,-´[94m;·[94m||[0m
[94m||[94m' [94m,·;[94m(  [94m,[91m|)  [93m,;;[91m`ww=,[94m;OOo;[91m,=ww´[93m;;, [94m;[91m(| [94m` [94m)[94m,:; :[94m||[0m
[94m||[94m([94m` [94m:::[94m( [94m,[91m|)[94m`  [93m(;;;;;;;=x=;;;;;;;) [94m:[94m'[91m(|[94m· [94m) [94m·· :[94m)[94m||[0m
[94m||[94m,[94m([94m' [94m··,,[94m\[91mL,__________[34m(,_,)[91m__________,7[94m/[94m;:· ,,[94m)[94m·[94m||[0m
[94m||[94m· [90m,v,    ,\    [97m,-,  ,\ [94m· [97m/,  ,-,    [90m/,    ,v,  [94m||[0m
[94m||  [90m(o;( ,(;\   [97m((o)) (;|[94m·[97m|;) ((o))   [90m/;), );o)  [94m||[0m
[94m||[94m· [90m`(;;,(;;;|  [97m|\:/| |;|[94m_[97m|;| |\:/|  [90m|;;;),;;)´ [94m,[94m||[0m
[94m||[94m,  [90m(;;;);;;|  [97m,(:), |;|[94m:[97m|;| ,(:),  [90m|;;;(;;;)  [94m·[94m||[0m
[94m||  [90m,(;;;;;;;( [97m,(:::),(;|[94m,[97m|;),(:::), [90m);;;;;;;), [94m·[94m||[0m
[94m||[94m' [90m|;(;;;;;;| [97m(:::::::)| |(:::::::) [90m|;;;;;;);|  [94m||[0m
[94m||  [90mU`U´(;;;)´ [97mU´(:::)`U [94m, [97mU´(:::)`U [90m`(;;;)`U´U  [94m||[0m
[94m||[91m,==========,==========,==========,==========,==[94m||[0m
[94m||[91m;=:·;=: ;=:·;[94m,[91m:·;=:[94m:[91m;=:·;[94m·[91m:·;=: ;=:·;[94m·[91m:·;=: ;=:[94m||[0m
[94m|| [91m=·=· ·:;:;[94m'[91m;:=·= =·=;:[94m·[91m:;:;· ·=·=·[94m,[91m;:;:;:=·=·=[94m||[0m
[94m||[91m:=[34maw [91m:==; ::=;;[94m,[91m:==;· :=;;·[94m,[91m:=;·· ==;·:[94m,[91m=;;·:==[94m||[0m
[94m||[91m===::··;;;==:[94m` [91m··;;==:::·[94m`[91m;;=== :··;;[94m'[91m==::· ·;;[94m||[0m
[94m||                                               ||[0m
[94m|>[97m- - - - - - - - - - - - - - - - - - - - - - - -[94m<|[0m
[94m||                  [97mTHE CHARIOT                  [94m||[0m
[94m||              [97m~ cheth · cancer ~               [94m||[0m
[94m`=(+)=========================================(+)=´[0m
