[94m.=(+)=================[ VII ]=================(+)=.[0m
[94m||                                               ||[0m
[94m||[94m;,[34m::;;:;[97m*[34m::;;:;;:[97m*[34m;;:;;::;;:;;[97m*[34m:;::;;:[97m*[34m;::;;:[94m,;[94m||[0m
[94m||[94m; [34m;[97m~~w~~s~~w~~s~~w~ [37m`\(¡)/´ [97m~w~~s~~w~~s~~w~~[34m; [94m;[94m||[0m
[94m|| [94m:[34mU´;U´;U´:U´:U´:U´ [37m<(o·o)> [34m;U´;U´:U´:U´:U´;U´ [94m||[0m
[94m||[94m: [34m(;;\_  [91m(|[94m/[94m' [91m(| [94m·  [93m,;===;,  [94m: [91m|) [94m·[94m\[91m|)[94m, [34m_/;;) [94m'[94m||[0m
[94m||[94m··[34m`;;\ [94m;[94m/[91m(|[94m· :[91m(|[94m·· [93m(;[91m[===][93m;)  [94m·[91m|)  [94m:[91m|)[94m\[94m; [34m/;;´[94m· [94m||[0m
[94m|| [94m::;; [94m/[94m: [91m(|[94m'··[91m(|[94m, , [93m`-;=;-´ [94m, ;[91m|)[94m·  [91m|)[94m: [94m\[94m;:: ;;[94m||[0m
[94m||[94m; ;;[94m/[94m' ·:[91m(| [94m:  [93m,==o==,-;-,==o==,  [94m: [91m|) [94m:  [94m\[94m;; ,[94m||[0m
[94m||[94m,;[94m/[94m·[91m-----[91m(|[94m; ; [93m(;;[32m*[93m;;;);(;;;[32m*[93m;;) [94m; ,[91m|)[91m----- [94m\[94m; [94m||[0m
[94m|| [94m([94m'[91m/\  | [91m(|[91m\[94m; [91m( [93m|;|(;[32m*[93m;;;[32m*[93m;)|;| [91m)[94m:[94m;[91m/[91m|)[94m,[91m| [94m·[91m/\ [94m)[94m;[94m||[0m
[94m||[94m([91m/ [94m:[91m\[94m· [91m|[94m;[91m(| [94m'[91m\[91m( [93m|;|(;;[32m*[93m;[32m*[93m;;)|;| [91m)[91m/[94m·'[91m|) [91m|[94m;[94m·[91m/ [94m:[91m\[94m)[94m||[0m
[94m|| [91m(\[94m··[91m\[94m;[91m|[94m;[91m(|[94m'[91m/)[91m( [93m|;|([32m*[93m;;;;;[32m*[93m)|;| [91m)[91m(\[94m:[91m|)[94m;[91m|[94m;[91m/[94m··[91m/) [94m||[0m
[94m||[91m( \\[94m;:[91m\|/[91m(|[91m// [91m( [93m|;|(;[32m*[93m;;;[32m*[93m;)|;| [91m) [91m\\[91m|)[91m\|/[94m, [91m// )[94m||[0m
[94m||[91m([94m: [94m,[91m\\[94m:;[94m'[91m(| [94m·[94m, [93m\ [94m· [94m_,-===-,_ [94m· [93m/  [94m·'[91m|) [94m;;[91m// [94m··[91m)[94m||[0m
[94m||[91m(-----(o)[91m(|[91m---[91m(| [94m(;[94m·'[91m`\¡/´[94m'·[94m;) [91m|)[91m---[91m|)[91m(o)-----)[94m||[0m
[94m||[91m( [94m· [91m// [94m; [91m(| [94m; [91m(|[94m((;[94m·[91m=<(@)>=[94m·[94m;))[91m|) [94m; [91m|) [94m; [91m\\[94m,[94m· [91m)[94m||[0m
[94m||[91m([94m·[91m// [94m;[91m/|\[91m(|[91m\\[94m;[91m,c([94m(;[94m,·[91m,/¡\,[94m·,[94m;)[91m)c,[94m,[91m//[91m|)[91m/|\ [94m,[91m\\[94m·[91m)[94m||[0m
[94m|| [91m(/ [94m;[91m/[94m,[91m| [91m(|[94m·[91m\[93m,=[91m`([94m· [94m`-,===,-´ [94m·[91m)´[93m=,[91m/ [91m|)[94m·[91m|[94m,[91m\ [94m:[91m\)[94m·[94m||[0m
[94m||[94m'[91m\ [94m·[91m/[94m, [91m|[94m;[91m(| [93m(;;;;;;;;;;;;;;;;;;;;;)[94m·[91m|) [91m| [94m;[91m\ [94m·[91m/[94m'[94m||[0m
[94m|| [94m· [91m\/ [94m;[91m|[94m;[91m(|[91m/ [93m`-;;;;;;;;;;;;;;;;;-´ [91m\[91m|)[94m;[91m|[94m, [91m\/ [94m' [94m||[0m
[94m||[94m(  [90m,v,  [91m___  [97m\\,  ,[37m`~-,_,-~´[97m,  ,//  [91m_  [90m,^&,   [94m)[94m||[0m
[94m||[94m; [90m,(o&)_  [94m,; [97m(\,-·-,/) [94m· [97m(\,-·-,/) [94m; [90m,&&&o`) [94m)[94m;[94m||[0m
[94m||  [90m(&(%&&\  [94m;  [97m|(´:`)|  [94m·  [97m|(´:`)|   [90m/&%&&&&( [94m; [94m||[0m
[94m||[94m; [90m<´&%&%&)    [97m((;:;))     ((;:;))   [90m(&&%&%&&> [94m,[94m||[0m
[94m||[94m,  [90m(&&%&&| [94m·  [97m|(:::)|  [94m:  [97m|(:::)|  [94m· [90m|&&%&&&)  [94m||[0m
[94m||   [90m|%&&%&) [94m'  [97m,(:::),  [94m,  [97m,(:::),    [90m(&%&&&| [94m··[94m||[0m
[94m||[94m'  [90m(&&,&&( [94m\  [97m(:,:,:)     (:,:,:)  [94m/ [90m(&&,&&)  [94m'[94m||[0m
[94m||   [90mU´  `U  [94m,   [97mU´ `U   [94m_   [97mU´ `U   [94m,  [90mU´  `U [94m' [94m||[0m
[94m|| [94m;[94m: :  · ·[91m=========================== [94m·· · ··[94m;;[94m||[0m
[94m||[94m; ;; [94m'· [91m;;;::,;;;::,;;;::,;;;::,;;;::,;[94m'  · [94m;,,[94m||[0m
[94m|| [94m, ,:[91m;====;;====;;====;;====;;===;;;===;;;[94m;; : [94m||[0m
[94m||[94m; [34maw[91m,;;;::;;;;:,;;;;:,;;;::,;;;::,;;;::,;;;:: [94m;[94m||[0m
[94m||[91m::,;;;::,;;;::,;;;::;;;;:,;;;;:,;;;::,;;;::,;;;[94m||[0m
[94m||                                               ||[0m
[94m|>[97m- - - - - - - - - - - - - - - - - - - - - - - -[94m<|[0m
[94m||                  [97mTHE CHARIOT                  [94m||[0m
[94m||              [97m~ cheth · cancer ~               [94m||[0m
[94m`=(+)=========================================(+)=´[0m
