[94m.=(+)=================[ VII ]=================(+)=.[0m
[94m||                                               ||[0m
[94m||[94m;~;;; ;[97mc[34m;:[97m~[34m:;[97mw[34m;:[97ms[34m:;[97mc[34m;:[97m~[34m:;[97mw[34m;:[97ms[34m:;[97mc[34m;:[97m~[34m:;[97mw[34m;:[94m;;;; ~:[94m||[0m
[94m||[94m; ;;[34m;;;:;;;:;;;:;;; [37m,c\¡/c, [34m;;;:;;;:;;;:;;;[94m;; ;[94m||[0m
[94m||[94m;[34m;:;;;:;;;:;;;:;;;: [37m´(;o;)` [34m;;:;;;:;;;:;;;:;;; [94m||[0m
[94m||[94m;[34mU‾[97ms[34m‾U‾[97mw[34m‾U‾[97ms[34m‾U‾[97mw[34m‾U‾ [93m,c;;;c, [34m‾U‾[97mw[34m‾U‾[97ms[34m‾U‾[97mw[34m‾U‾[97ms[34m‾U[94m:[94m||[0m
[94m||[94m/[34m;;;[97mw[34m‾U [91m(==) (==)[94m~: [93m([91m=====[93m) [94m; [91m(==) (==) [34mU‾[97mw[34m;;;[94m\[94m||[0m
[94m||  [34m;[97ms[34m‾ [94m·· [91m||[94m::[94m/[91m||[94m;   [93m([91m‾=‾=‾[93m) [94m; ;[91m||[94m\  [91m||[94m·  ·[34m‾[97ms[34m;[94m;;[94m||[0m
[94m||[94m·  · · [94m~:[91m|| [94m; [91m| [93m,;;;;`=;=´;;;;, [91m| [94m; [91m|| [94m:  [94m; · :[94m||[0m
[94m|| [94m; ·  [94m;[94m/[94m;[91m||[94m· [91m([93m(=;[32m*[93m;=;=;;;==;=[32m*[93m=;)[91m)  [91m||[94m:[94m\[94m~ [94m·  ; [94m||[0m
[94m||  [94m: ~[94m/[94m;; [91m|| [94m:[91m([93m([32m*[93m;;;:;:;:;';';;;[32m*[93m)[91m)[94m' [91m||[94m;  [94m\ [94m:  [94m·[94m||[0m
[94m||[94m·[94m: :[94m([94m;[91m===[91m||  [91m( [93m(;(;;[32m*[93m;':;'[32m*[93m;:);) [91m) [94m:[91m||[91m=== [94m) [94m:  [94m||[0m
[94m|| [94m: [94m([91m/;[94m·[91m| [91m||[94m: [91m( [93m(:[32m*[93m;:;;';;';;;[32m*[93m;) [91m)  [91m||[94m·[91m| ;\[94m) [94m: [94m||[0m
[94m||[94m: [94m([91m/;[94m: [91m| [91m||[91m\[94m/  [93m(=;;  [94m-----  [93m==;)  [94m\[91m/[91m|| [91m|  ;\[94m) [94m:[94m||[0m
[94m||[94m;[94m( [91m/; [94m:[91m|[94m:[91m||[91m\  [93m(;; [94m-;;;;;;;;;- [93m;;)  [91m/[91m|| [91m|[94m· [91m;\[94m;[94m) [94m||[0m
[94m|| [94m([91m(;; [94m·[91m| [91m||[91m; [93m(::[94m((;[94m·  [91m|||[94m·  [94m;))[93m;;) [91m;[91m||[94m~[91m| [94m·[91m;;)[94m) [94m||[0m
[94m||[94m~[94m([91m(; \ | [91m|| [93m([32m*[93m' [94m(;  [91m\\@@@// [94m·[94m;) [93m'[32m*[93m) [91m|| [91m| / ;)[94m)[94m:[94m||[0m
[94m||[94m([94m;[91m(; \\|/[91m|| [93m(;[94mc((;~[91m--@@@@@--[94m~;))c[93m;) [91m||[91m\|//[94m·[91m;)[94m'[94m)[94m||[0m
[94m|| [91m(;;  \|/[91m|| [93m(;[94mc (;[94m·'[91m//@@@\\  [94m;) c[93m;) [91m||[91m\|/[94m· [91m;;)[94m;[94m||[0m
[94m||[94m:[91m(;;--(o)[91m|| [93m(; [91m,cc(,  [91m|||  [91m,)cc, [93m:) [91m||[91m(o)--;;)[94m;[94m||[0m
[94m|| [91m(;;[94m: [91m/|\[91m||[91m; [93m(;; [91m(,,,´ [94m; [91m`,,,) [93m:;) [91m;[91m||[91m/|\  ;;) [94m||[0m
[94m||[94m: [91m(; //|\[91m||[91m;) [93m`;;;;  [94m_____  [93m;;;;´ [91m(;[91m||[91m/|\\ ;) [94m;[94m||[0m
[94m||[94m;~[91m(; / |[94m·[91m\[94m~[91m;)[91m= [93m`;;:;:;;;;;;;;:;´ [91m=[91m(; / |[90m,^,[91m;)  [94m||[0m
[94m|| [94m;[91m(;[90mv,‾‾‾,v[91m;) [91m=  [97m\,  ,/[91m=[97m\,  ,/  [91m=[94m;[91m(;;[90m,&\\(´·)[94m: [94m||[0m
[94m||[94m· [94m:[91m\[90m(%o·o%)[91m/[94m·   [97m\:(··)/ \(··):/ [94m; [94m·[91m\[90m(&&\\(;;) [94m·[94m||[0m
[94m|| [94m· [90m,&%%%&,\[91m/ [94m'  [97m|(;;)'|[94m:[97m|'(;;)|  [94m· [90m(%&&\\;%) [94m· [94m||[0m
[94m||  [90m(%%;%%%%)\  [94m:[97m(:|''|:) (:|''|:)  [94m·[90m|%&&&\%%|  [94m·[94m||[0m
[94m||[94m; [90m(%;%%;%%%)[94m~[94m\   [97m'|::|' '|::|'  [94m·[94m/[94m;[90m|%%&&%%;%|  [94m||[0m
[94m||[94m\[94m;[90m|%%;%%;%%| [94m:   [97m,|':|,[94m_[97m,|:'|,  [94m~: [90m(%%;%%;%%)[94m;[94m/[94m||[0m
[94m|| [94m;[90m|%;%%;%%;|[94m· [94m~ [97m(:|::|) (|::|:)  [94m::[90m|%;%%;%%;|[94m;;[94m||[0m
[94m||[94m; [90m(%%(%%%,%) [94m: [97m|:|'.|:|[94m;[97m|:|.'|:|[94m·  [90m(%%(%%,%%)[94m;;[94m||[0m
[94m||[91m_,=[90mU%U  U%U[91m=_,=[97mU:U  U:U[91m=[97mU:U  U:U[91m_,==[90mU%U  U%U[91m_,=[94m||[0m
[94m||[91m;=·=;=·=;=·=;=·=;=·=;=·=;=·=;=·=;=·=;=·=;=·=;=·[94m||[0m
[94m||[91m=·[34maw[91m=·=;=·=;=·=;=·=;=·=;=·=;=·=;=·=;=·=;=·=;=·=[94m||[0m
[94m||                                               ||[0m
[94m|>[97m- - - - - - - - - - - - - - - - - - - - - - - -[94m<|[0m
[94m||                  [97mTHE CHARIOT                  [94m||[0m
[94m||              [97m~ cheth · cancer ~               [94m||[0m
[94m`=(+)=========================================(+)=´[0m
