[94m.=(+)==================[ X ]==================(+)=.[0m
[94m||                                               ||[0m
[94m||[34m:    [94m\   *[34m:  · [94m·    [93m`,\¡/,´    [94m·     * [34m· [94m/[34m:    [94m||[0m
[94m||[93m*=~  [34m:[93m¡ [34m·         [93m~==<(*)>==~  [34m:  ·  :  [93m¡   ~=*[94m||[0m
[94m||[34m:   [93m`=*=´    [94m\¡/     [93m´/¡\`   [34m· [94m\¡/    [93m`=*=´  [34m· [94m||[0m
[94m||    [93m/[34m:[93m\ [34m·[94m' [34m: [94m<*> *   [34m:  ·    [94m* <*>   '  [93m/ \    [94m||[0m
[94m||[34m: [94m/[34m·    [93m*    [94m\  [34m:  ·[94m'     '  [34m·  :[94m/    [93m*   [34m: [94m\[34m· [94m||[0m
[94m||[93mv[91m‾[94mv[91m‾[93mv[91m‾[94mv[91m‾[93mv[91m‾[94mv[91m‾[93mv[91m‾[94mv[91m‾[93mv[91m‾[94mv[91m‾[93mv[91m‾[94mv[91m‾[93mv[91m‾[94mv[91m‾[93mv[91m‾[94mv[91m‾[93mv[91m‾[94mv[91m‾[93mv[91m‾[94mv[91m‾[93mv[91m‾[94mv[91m‾[93mv[91m‾[94mv[94m||[0m
[94m||[34m;'[91m|[34m;'[94mc~~[91m|[94ms~~[91m|[94m~ [93m,=o=,   [97m!  [34m·[94m~[91m|[94m~~~~[91m|[94ms;~~[34m~[91m| [34m~~;;[91m|[34m,[94m||[0m
[94m||[34m~:[91m|[94m~ c~[91m/[94m~~~[91m/ [34m· [93m(o·;)   [97m| [93m_,--,_ [94m~[91m|[94m~~~~s~[91m\[34m:' ;[91m|[34m~[94m||[0m
[94m|| [94mc;[91m\[94m~~~[91m| [34m; [91m|[34m, [93m,(;;);;;;[97m|[93m;;;;;;;,_ [34m·[94m~~~~ [91m|[94m~s[34m'[91m/[34m;·[94m||[0m
[94m||[94mcs~[91m|[94m~~[91m/[34m,:..[91mv[34m, [93m(;;;;;;;[97m=+=[93m;;;;;;;;) [34m.,:[94m~~[91m|[94mc~~[91m| [34m;[94m||[0m
[94m||[94m~~~[91m|[34m. [91m| [34m·.,[34m:':;· [93m,U´ [34m~·[97m¡ [93m`U, (;;)  [34m.,.,[91m/[94m~~~[91m/[94m;[34m' [94m||[0m
[94m||[94m~~[91m/ [34m:.[91m|[34m· [34m;';~··:[91m/[34m'[93m===========[34m:[91m\[34m' [91m\[34m~ [34m. ,[91m| [94m~~[91m|[94m~c[34m'[94m||[0m
[94m||[94m~[34m,[91m|[34m.  [91m,(o), [34m~~[94m~[93m===[34m. .  [93m| [34m·  :[93m=[91m_,,´ [34m:[34m..[91m/[34m,; [94m~[91m|[94m~~~[94m||[0m
[94m|| [91m/ [94m(= [91m(;;;,_=´[93m/[94m~[34m'[93m\\[34m. · [93m|  [34m: [93m//  [91m,;;),_  [34m.:.[94m~[91m\[94m~;[94m||[0m
[94m||[34m:[91m|[94m((=[91m(;;;;) [93m([94ms [34m' '[93m\\[34m' '[93m| [34m' [93m//[34m·  ·[34m;[93m) [91m(;;;,  [94m~[91m|[94msc[94m||[0m
[94m||[34m.[91m|[94m((=[91m(;;;;)[93m([94m~[93m-  [34m' : [93m\\ | // [34m: '  [93m-[34m;[93m) [91m);;;) [94m~~[91m\[94m~[94m||[0m
[94m|| [34m:[94m((=[91m(;;;;)[93m([94m~ [93m------  [93m\¡/ [34m.[93m------ [34m'[93m) [91m(;;;;) [94m~[91m|[94m~[94m||[0m
[94m||[34m. [91m|[94m((=[91m(;;;;)   [34m.    [93m=<(*)>=[34m.  . ·  [93m)[34m: [91m);;;) [34m·[91m|[34m'[94m||[0m
[94m||[34m:: [91m\[94m(=[91m(;;;)[93m([94m~[34m'[93m------ [34m.[93m/¡\ [34m·[93m------[34m. [93m)[34m. [91m(;;;;) [34m: [94m||[0m
[94m||[34m,·,[91m|[34m·· [91m);;,_ [93m- [34m· '  [93m//[34m:[93m|[34m·[93m\\[34m. :  '[93m-[34m:[93m)[34m. [91m);;;) [91m|[34m··[94m||[0m
[94m||[34m;:.[91m|[34m;·[91m| [91m`;;;_,´   [93m//[34m.  [93m| [34m' [93m\\ [34m· : [93m)[34m; [91m,;;;;( [34m' ;[94m||[0m
[94m|| [34m·[91m/[34m.[34m:: [91mc,;;´ [94m~[93m\[94m~[34m·[93m//[34m: · [93m|[34m: : [93m\\ [34m.[93m/[34m;[91mv [91m/;;;;) [91m|[34m·~ [94m||[0m
[94m||[34m· [91m| [34m: [91m(,` [34m;[94m;~c~[93m===  [34m' :[93m|   [34m· [93m===[34m;[91m|[94m~ [91m(;;(;(c[91m|[34m;~[34m,[94m||[0m
[94m||[94m~[91m/ [34m· [91m`c´  [34m·;[94m~~cs[91m|[94m~[93m===========[94m~[91m|[94m~~~ [91m);)`;;,\ [91m\[34m·;[94m||[0m
[94m||[94m~[91m|[34m, . [34m/[34m.[91m\[34m';~ ::[94m~c[91m\[94m;~~~~~~~~~~[91m/[94mc~; [91m,(;;)[91mv [34m;:[91m\[91m|[34m··[94m||[0m
[94m||[94m~[91m|[94m~[34m:;[34m/ [34m·[91m|[34m;;;; '':[91m|[94m;;;ccsss;~~[91m|[94m~~ [91m(o;;( [34m· [34m\[34m.[91m\[34m.[91m\[34m,[94m||[0m
[94m||[94m~c[91m\[94m~ [34m/[34m; [91mv [34m;.[34m;~ ~;~[91m\[34m~;:;:;: :[91m/[34m:· [91m<;==( +[34m,;[34m\[34m; [91m\[91m|[94m~[94m||[0m
[94m|| [94m;[91m|[94m~[34m/ [34m.. , ..:·[34m·;;[91m|[34m··;;;··' [91m|[34m: [91m<_=<´  o[34m::·[34m\[34m;[91m\[91m|[94m~[94m||[0m
[94m||[34m; [94m~[91m\[94m~~~~~ [34m, .,;. .[91mv[34m,[34m~;';:;;:[91mv[34m~[34m· : ,:.; . .[94m~[34m\[91m/[94mcc[94m||[0m
[94m||[34m:~[34m/[91mv[94mc[34m_[94m~[34m_[94m~[34m_[94m~[34m_ _[34m·[34m_[34m·[34m_[34m.[34m_[34m.[34m_ _ _[34m.[34m_[34m.[34m_[34m.[34m_[34m:[34m_ _[34m.[34m_[34m.[34m_[94m~[34m_[94m~[34m_[91m|[94mc;[94m||[0m
[94m||[34m;:; :;[94mcs~cs~~~~~[34m:; : .:·. ·.;, ;,.[94m~~~ ~~~s~[91mv[94ms[34m;·[94m||[0m
[94m||[34m~~[34maw [34m;~'·[94m~~ c~~~~~~~~~~~~~~~~~~~~~~~~c ~~~[34m' :;;[94m||[0m
[94m||                                               ||[0m
[94m|>[97m- - - - - - - - - - - - - - - - - - - - - - - -[94m<|[0m
[94m||                    [97mFORTUNE                    [94m||[0m
[94m||              [97m~ kaph · jupiter ~               [94m||[0m
[94m`=(+)=========================================(+)=´[0m
