[94m.=(+)==================[ X ]==================(+)=.[0m
[94m||                                               ||[0m
[94m||[94m· [93m\¡/ [94m\¡/.'   '[93m*  [94m'   [93m\¡/  [94m,   [93m*   [94m,· \¡/ [93m\¡/  [94m||[0m
[94m|| [93m<=*=>[94m=*= [93m\¡/   [94m\¡/ .[93m<=*=>  [94m\¡/   [93m\¡/ [94m=*=[93m<=*=>[94m.[94m||[0m
[94m||  [93m/¡\ [94m/¡\[93m<=*=>[94m·,=*='  [93m/¡\  [94m·=*=,.[93m<=*=>[94m/¡\ [93m/¡\  [94m||[0m
[94m||[94m.   ·   ' [93m/¡\   [94m/¡\ *'   .* /¡\   [93m/¡\  [94m,   .   [94m||[0m
[94m||[93mv[94m·[93mv[94m·[93mv[94m·[93mv[94m·[93mv[94m·[93mv[94m·[93mv[94m· [93m,-^-, [94m·[93mv[97m|[93mv[94m·[93mv[94m·[93mv[94m·[93mv[94m·[93mv[94m·[93mv[94m·[93mv[94m·[93mv[94m·[93mv[94m·[93mv[94m·[93mv[94m·[93mv[94m||[0m
[94m||[34m::[91m\[34m;[94m~~[91m\[94ms~~~~[91m\ [93m/(o·o)\  [97m| [34m·[94m~·~,~,~~[91m\[94m~~;[91m\[94m~[34m·[91m\[34m~~[91m\[34m··[94m||[0m
[94m||[34m;'[94m~[91m\[94mcc~[91m\[94m~~[34m· .[91m\[93m,(;;;),  [97m|  [93m__,--,_ [94m~[91m\[94m~~;[91m\[94m~;[91m\[34m;;[91m\[34m'[94m||[0m
[94m||[94m;s~[91m\ [94m~~[91m\[34m..:· [91m\[93m(;;;;;;` [97m| [93m_,--´;;;;;;;`,[91m\[94m~s[91m\ [34m;[91m\[34m~[94m||[0m
[94m||[94m~c~[91m/[94m~ [34m.[91m/ [34m; .,[91m/[93m(;;;;;;;[97m<+>[93m;;;;;;;;;;;;;;) [94m~[91m/[94mcc[91m/[34m·[94m||[0m
[94m||[94m~~[91m/[34m. ;[91m/[34m,:.[34m~ '[91mv[34m·[34m,  [93m_,UU,¡,UU;;; [91m_,o-, [93m´[91m/[34m;[94m~[91m/[94m~~[91m/[94m~[34m;[94m||[0m
[94m||[94m~~[91m/[34m, [91m,--,  ,-´) [93m/:o;o:o;o:o;o:\ [91m(o,o( [91m/[34m.;[91m/[94m~~[91m/[94mc;[94m||[0m
[94m||[94m~ [94m(( [91m(o;=´  [34m,[93m//o// [34m'  '[93m|[34m:  : [93m\\o\\ [91m),;;, [91m\[94m~~[91m\[94mcc[94m||[0m
[94m||[34m·[94mc(( [91m(;;;), [93m/;/  \\ [34m.  [93m| [34m·  [93m//[34m: [93m\;\[34m, [91m)[91mv[91m;;)[91m\[94m~~[91m\[94m~[94m||[0m
[94m|| [94mc(( [91m(;;;;) [93m(([34m, '  [93m\\[34m· [93m|  //   [34m. [93m)))[34m, [91m(;;;) [94m~[91m\[94m;[94m||[0m
[94m||[34m:[94mc(( [91m(;;;;) [93m(-----  \[93m,\¡/,[93m/[34m· [93m-----))) [91m(;;;) [94m~[91m/[94mc[94m||[0m
[94m||[34m.[94mc(( [91m);;;( [93m(([34m.  '[93m---[93m=<(*)>=[93m---   [34m:[93m))) [91m(;;;) [91m/[94m~~[94m||[0m
[94m|| [34m:[94m(( [91m(;;;;) [93m( [34m'  [93m----[93m`/¡\´[93m---- [34m:  [93m))) [91m(;;;( [91m/[34m;·[94m||[0m
[94m||[34m. [91m\[34m;·[91m\[91m);;,_) [93m-----  // | \\[34m. [93m-----)) [91m);;;) [34m'[91m\ [34m'[94m||[0m
[94m||[34m:: [91m\[34m':[91m\[91m(;;;) [93m(  [34m·  [93m//[34m. [93m|  \\[34m·  : [93m)) [91m(;;[91mv[91m( [34m;;·[91m\ [94m||[0m
[94m||[34m,·,[91m\[34m··[91m\[91m);;=) [93mo\[34m· [93m//   [34m:[93m|[34m·  .[93m\\  / [91m(;;=([91mv[94mc~[34m·''[91m\[34m·[94m||[0m
[94m||[34m;:.[91m/  [91m`;,´ [34m, [93m\\:\\[34m, .  [93m| [34m'   [93m// [91m,(;;) [94m~;[34m:;·[91m\[34m'[91m/[34m;[94m||[0m
[94m|| [34m·[91m/ [91m(c,_ [34m'';[94m~ [34m,[93m\\o;o:o;o:o;o: [91m(;;[91mv[91m´  \, [34m' ;·[91m/[34m. [94m||[0m
[94m||[94m~ [91m/ [34m:[91m/[34m;[34m/ [34m;;~·[94mcs[34m· , [93m=========  [91m,(;;),  \, [34m· :[91m/[34m.,[94m||[0m
[94m||[94m~~[91m\[34m· [91m\[34m/[34m,[34m: ·;·;': [94ms~~   [34m, ,[91m), (o;;;( [34m;; [91m_7 [34m, [91m\[34m·;[94m||[0m
[94m||[94m~~~[91m\[34m. [91m\[34m.;,[34m;~ ::;' ~;· [93m\¡/[91m-+- <;==( [34m:;'· [91m|  [91m/ \[34m·[94m||[0m
[94m||[94ms~~[91m\[94m~[34m/[91m\[34m··:: ; [34m'':: ~ [93m=(m)=[91mo[34m;  [91m<_=<´ [34m;[34m;· [91m| [34m.[91m/[34m.[91m\[94m~[94m||[0m
[94m||[94m~c~[91m/[34m/[94m~[91m/ [34m; ;.;[91m\ [34m.:[34m~;~; [93m/¡\  [34m:·:· ·[34m,·, ,;,; [34m\[91m\[94m~[91m/[94m~[94m||[0m
[94m|| [34m~[91m/[94ms[34m_[91m/[34m_[94m~[34m_[94m~[34m_[34m.[34m_[34m:[91m\ [34m_[34m:[34m_[34m·[34m_[34m;[34m_[34m:[34m_ _ _[34m.[34m_[91m\[34m_[34m.[34m_ _ _[34m:[34m_[94m~[34m_[94m~[91m/[94m~~[94m||[0m
[94m||[34m; [91m/[34m:[94m~[91m/[94m~~;~~~~~[91m\[34m. .·,. ,:.;;. .· [91m\ [34m,:.[94m~~~ ;~c[91m/[94mc[34m'[94m||[0m
[94m||[34m:~[91mv[34m~'[91mv[34m·[94m~~;s;s~[91m/[94m~~~~ [34m.. ; ;.,. .[94m~[91m\[94m~~~~~s~~ ~[34m;[91mv[34m' [94m||[0m
[94m||[34m;[34m:; :;': '[94ms~c[91m/[94m~c~~~~~~~~~~~~~~~~[91m/[94m;~s; s;[34m·:;·:;·[94m||[0m
[94m||[34m..[34maw [34m;~'·;; '[91mv[34m;[94m~ccc~~ccc~~ccc~~~[91mv[94mc~[34m;;' ;;;' :;[34m;[94m||[0m
[94m||                                               ||[0m
[94m|>[97m- - - - - - - - - - - - - - - - - - - - - - - -[94m<|[0m
[94m||                    [97mFORTUNE                    [94m||[0m
[94m||              [97m~ kaph · jupiter ~               [94m||[0m
[94m`=(+)=========================================(+)=´[0m
