[94m.=(+)==================[ X ]==================(+)=.[0m
[94m||                                               ||[0m
[94m||[94m~ [94m+ [34m·  [93m\¡/ [34m· [94m·+· [34m,· [93m__\¡/__ [34m;,· [94m·+·  [93m\¡/ [34m:  [94m+ [94m;[94m||[0m
[94m||[34m,  [94m+· [93m<(*)>  [94m>+< [34m; [93m==<(*)>==  [94m>+< [34m, [93m<(*)> [34m.  [94m·+[94m||[0m
[94m|| [34m: ··  [93m/¡\ [34m; ;;;[94m~ ; [93m‾/;¡;\‾ [94m; [34m;;;· ; [93m/¡\  [34m·: , [94m||[0m
[94m||[94m‾[93mv[34m,[94m‾v[34m;[94m‾[93mv [94m‾v[94m,[94m‾[93mv [93m,-^-, [94m‾v[97m|[94m‾[93mv[94m-[94m‾v[94m,[94m‾[93mv[94m~[94m‾v[34m;[94m‾[93mv[34m,[94m‾v[34m;[94m‾[93mv[34m·[94m‾v[94m||[0m
[94m||[34m;,[91m\[34m: ;;[91m\[94m; ,;[91m\ [93m/(o·o)\  [97m| [94m~~~~~~[91m\[94m, [91m\[94m,-~[91m\[34m;;[91m\[34m· [91m\[34m··[94m||[0m
[94m|| [34m:;[91m\[94m~ ,,[91m\[94m;~~~[91m\[93m,(;;;),  [97m|  [93m__,--,_  [91m\[94m~,,[91m\[94m;[34m;[91m\[34m: [91m\[34m;[94m||[0m
[94m||[34m; [94m~[91m\[94m-- ~[91m\[34m:· ,[91m\[93m(;;;;;;` [97m| [93m_,--´;;;;;;;`,[91m\ [94m-[91m\[34m;·[91m\[34m,[94m||[0m
[94m||[34m;[94m-;[91m/ [94m~~ [91m/[34m,.· [91m/[93m(;;;;;;;[97m<+>[93m;;;;;;;;;;;;;;) [94m,[91m/ [34m;[91m/ [94m||[0m
[94m|| [94m,[91m/[94m~~  [91m/ [34m· ·[91m/[34m,· , [93m_,UU,[97m¡[93m,UU;;;;;;;)_U´[91m/ [94m~[91m/ [94m,[91m/[94m~[34m;[94m||[0m
[94m||[94m--[91m/[34m: . [91m/[34m·[34m,, [91m/[34m;;;;;[94m-[93m‾‾‾‾‾‾‾‾‾ [34m; [91m_,o-, [34m·[91m/[34m..[91m/[94m~~[91m/ [94m;[94m||[0m
[94m||[94m~~[91m\[34m: [91m,--,  ,-´) [93m/‾‾oooooo:::‾‾\ [91m(o,o( [91m\ [34m·[91m\[34m·[94m~[91m\[94m- [94m||[0m
[94m||[94m~ [94m(( [91m(o;=´ [34m;[94m-;[93m/ooo/[34m,  ,[93m|[34m,  ,[93m\oo;\[34m; [91m),;;, [34m:[91m\[34m,[94m~[91m\[94m-[94m||[0m
[94m||[34m·[94mc(( [91m(;;;), [93m(ooo/\\\   | [34m· [93m///\ooo)[34m; [91m);;;)[91m\ [94m~[91m\[94m~[94m||[0m
[94m|| [94mc(( [91m(;;;;) [93m::( [34m,  [93m\\[34m· [93m|  //   [34m·[93m);;)[34m; [91m(;;;)  [91m/ [94m||[0m
[94m||[34m.[94mc(( [91m(;;;;) [93mo(----   [93m,\¡/, [34m· [93m----)o:) [91m(;;;) [91m/[94m~,[94m||[0m
[94m||[34m:[94mc(( [91m);;;( [93moo(  [34m,[93m-- [93m=<(*)>= [93m--   )oo) [91m(;;;) [91m/[94m~;[94m||[0m
[94m|| [34m.[94m(( [91m(;;;;) [93mo([34m,  [93m--[34m· [93m`/¡\´  [93m-- [34m, [93m)oo) [91m(;;;([91m\\[34m;[34m·[94m||[0m
[94m||[34m, ·[91m\[34m; [91m);;,_) [93m(----  [34m,    , · [93m----)oo [91m);;;) [34m:[91m\\[34m·[94m||[0m
[94m|| [34m. [91m\[34m:: [91m(;;;) [93mo( [34m·  [93m//[34m· [93m|  \\[34m·  ,[93m)oo [91m(;;;( [34m··[91m\\ [94m||[0m
[94m||[34m: ,[91m/[34m·· [91m);;=) [93m;;;\///  [34m,[93m|[34m·  [93m\\\/:: [91m(;;=([91m/[34m;; ,[91m//[34m·[94m||[0m
[94m||[34m·.[91m/[34m,  [91m`;,´ [94m-;,[93m\oo:\    | [34m,  [93m/oo [91m,(;;)  [91mv[34m;;·[91m//  [94m||[0m
[94m||[94m~[34m·[91m/ [91m(c,_ [34m,;; [94m~,[93m_\_ooo;;;;;;oo [91m(;;,´  \, [34m: ·[91m//[34m, [94m||[0m
[94m||[94m~~[91m\  [34m: [34m/ [34m;;,;;[94m-~,,[93m__________ [91m(o;;;( [34m; [91m\, [34m· [91m\\ [34m:[94m||[0m
[94m||[94m,~~[91m\ [34m,[34m/ [34m· [34m···· ; [94m,~~~ --- [91m), `v;;/ [34m; ; [91m_7 [34m, [91m\\[94m~[94m||[0m
[94m|| [94m;,[91m\[94m~ [34m/[34m, · [34m: ,: , ;;; [93m\¡/ [91m-+- `v´ [34m;:·,[34m· [91m|  [34m.[91m\\[94m;[94m||[0m
[94m||[94m- ;[91m/[94m;[34m/[94m~[34m·. . · [34m,: : : [93m=(m)= [91mo [34m·;·; ; [34m·.  [91m| [94m~~[91m//[94m-[94m||[0m
[94m||[34m;;[91m/[94m,[34m/[94m-~~~ [34m·: , ···· [34m· [93m/¡\  [34m,· [34m· ·· : ,· [94m~~[34m\ [91m/[94m-~[94m||[0m
[94m|| [34m,[91m/[34m;[34m_ _[94m,[34m_[94m~[34m_[94m~[34m_ _ _[34m.[34m_[34m.[34m_[34m.[34m_ _ _ _[34m,[34m_[34m,[34m_[34m,[34m_ _ _[94m~[34m_[94m~[34m_[94m~[91m/[34m;;[94m||[0m
[94m||[34m; [91mv[34m,;;;[94m;,~- ,~~~~[34m:· , :· . : ,. [94m~~~~,~ - ,[34m;;[91mv[34m,,[94m||[0m
[94m|| [34m· [34m,:·; ;;[94m,- ~;~; - ~~~~ ~~~~ ,~;~ ,-,-[34m;; ;·,: [94m||[0m
[94m||[34m. [34maw[34m:;,: ,:;;;[94m~,;~,; ,;~, ~,;- ;-,; [34m; :,·:;·: [34m·[94m||[0m
[94m||[34m:: . ·· [34m; ; ,· · ;;;; ;;;;;;;;; ;,·· : ;; [34m· :. [94m||[0m
[94m||                                               ||[0m
[94m|>[97m- - - - - - - - - - - - - - - - - - - - - - - -[94m<|[0m
[94m||                    [97mFORTUNE                    [94m||[0m
[94m||              [97m~ kaph · jupiter ~               [94m||[0m
[94m`=(+)=========================================(+)=´[0m
