[94m.=(+)=================[ XI ]==================(+)=.[0m
[94m||                                               ||[0m
[94m||[93m~~ss‾‾__~~ss‾‾__~[92m\[97m' [92m'· | ·' [97m·[92m/[93m__~~ss‾‾__~~ss‾‾_[94m||[0m
[94m||[93m‾‾ss  [97m· [93m‾‾ss  ~s6>[92m`\[97m·[91m' [92m|[97m'[91m' [92m/´ [93m<6s~   [97m‾ [93m_‾‾s [97m‾ [93m_[94m||[0m
[94m|| [97m-   -  -  ·-  - [92m~[97m·[92m´ [91m,*^*, [92m` ~  [97m·   -  ·  --  ·[94m||[0m
[94m||[34m: :·[91m((([93msss%s%s [91m' [92m·[34m; [91m\*@*/ [34m:;;[92m· [34m.·,;, [91m' [34m;;:. [93m,ss[94m||[0m
[94m||[34m·[93m;[91m([93mss [91m,c%&%c,_ [91m~[93m% [91m(@@@@@@@) [34m,[91m~[34m·.,:[34m; [91m(*) [34m: [93m,ss(‾[94m||[0m
[94m||[91m(([93m%s (%%(e´‾~=< s [91m(@@@@@@@)  [91m·'·   [93m`·\'/·´ s( [34m,[94m||[0m
[94m|| [91m<¡>  [91m`%%%)~<´ )[91m·[93mS [91m\@@@@@/  [91m·[91m(*)- [93m=(%6e<(= [34m.':[34m;[94m||[0m
[94m||[93mssSs[34m,[91m([93m%s [91m_¡_ [93mss[91m))[93msSs[91m`\[93mw[91m/´[34m;[34m;;:[34m;,·:  [93m,·/,\·, [34m:;'·[94m||[0m
[94m||[34m'[93mSss[91m([93mss [91m(e-e)  v´v [93ms[34m·; [93m\% [34m·[34m; ;, ;. ;··[34m;.;[34m;·; .;[94m||[0m
[94m||[93msss;[91m(([93ms [91m(www)  (e< [93ms[34m'[34m;; [93m\% [34m;.      · [34m:: [34m..'' [91m' [94m||[0m
[94m||[91m( [91m,--,  ¡e) [93mss[91m))[93msss[34m,'·[34m,: [93m\% [34m'  [91m,´o [34m;[34m':;':;' [91m(*)[94m||[0m
[94m|| [91m(´-`) [93ms [91m[e] [93mss;sS[34m·[34m';:. ; [93m\%, [91m%%‾´ [93m();(;[34m:. ;:[34m:;[94m||[0m
[94m|| [91m(,_,) [93mSSsssssss[34m;[34m;; [91m' [34m:· [93m,%%( ´ [34m:[93m(s·;);()[34m.[93m·[34m:··[34m:[94m||[0m
[94m||[93mS [91m`--´ [93mss%ssss[91m)))[34m: [91m(*)  [93m/%%%%) [34m: ,[93m(;[34m·[93m;s;();(s·;[94m||[0m
[94m||[93m%ss[34m'[93mssss ssss;;;ssss[91m)[34m; [93m/%%%´)[34m,' [91m' [93m();(;s·;;();[34m:[94m||[0m
[94m||[91m((([93ms[34m;[93msSSSsssssss%s[91m)) [93m,%%%%%()[34m, [91m(*) [93m(s;([34m.[93m;;s·;;([94m||[0m
[94m||[93mssss[91m(((((()))))))[93m;s [93m(%%%%%%))[34m; ;;[34m;;[93m(;s·;;()·;s·[94m||[0m
[94m||[93m%ssSssss;ss;s[34m.[93m; [93m,%%%%%%%´ [34m·.[93m)[34m·;[34m' [34m:, [93m()·;s·);[34m;[93m)s[94m||[0m
[94m||[91m((([93ms%s%ss%s%s [93m,%%%´ [34m':.;;:; [93m)[34m: [34m'·.;'[93m([34m;[93m;(s·;s [91m' [94m||[0m
[94m||[93mSs;;s[91m((((())) [93m(%%\ [34m.;· ;[91m-~ [93m`w, [34m;:;; ;[93m(s();( [91m(*)[94m||[0m
[94m||[93ms%ssSs[34m;[93mSssssSss [93m`%%\ [34m,,[34m';;[34m;[91m([34m:[91m\ [34m;;,'';[93m(s·;s[34m;[93m();·[94m||[0m
[94m||[91m(([34m.[91m(([93mssss%ssss%s[91m) [93m`%%\ [34m:[34m. [91m'[91m( [34m:[91m)[34m;:.:[34m:;[93m();·;s·();[94m||[0m
[94m||[93mss;ss;ss;ss;s;;s[91m) [34m' [93m`%%\ [91m([91m([91m) [34m.[91m)[34m;: [34m;,[34m·'[93m();()s·[34m;[93ms[94m||[0m
[94m||[93ms%sssSsSsssSsSS[91m)[34m·::[34m;; [93m`%\ [91m([34m· ;[91m) [34m'[34m,;::·[93m(;[34m;[93m;();(s[94m||[0m
[94m||[93ms[91m((((((((())[34m;[91m)))[34m:·,. ·: [93m\e´[91m([34m·[91m)[34m.[34m;: :, [93m(;(;s·;;()[94m||[0m
[94m||[93ms[34m;[93mSSssssssssss[91m)  [91m·'· [34m::';[34m;:.[91mU[34m.; ;:':;[93m(s;();[34m;[93ms·)[94m||[0m
[94m||[91m([93m%ss[34m;[93ms%ssss%s%[91m) [91m-(*) [34m,·, [34m: [34m'::; [34m,·, [93m(·;s·);()·;[94m||[0m
[94m||[34m· [91m,‾,‾,‾, [34m:[91m) _,‾,‾, [34m(-_-) ,·,  (-_-) [93m;()·;s·);[34m:[94m||[0m
[94m||[34m' [93m|o|o|o| S (o|o|o|o) [34m.:: [34m(·_·) [34m,.:[34m·.[93m(·);[34m;[93ms·;s·[94m||[0m
[94m||[34m; [93m|o|o|o| s (o|o|o| [34m`;,;;,;;,;´ [34m;[34m; ;' [93m(;s();(;s[94m||[0m
[94m||  [91m´‾´‾´‾´ [93m;s [91m´‾´‾´‾´‾ [34m;·;[34m;;'[34m, [34m:; ,,·;;.,[93m(·;s[34m;[93m()[94m||[0m
[94m||[34m':[34maw[34m· :: ..[34m.::[34m:··,::: .; [34m::·[34m,,:::.;;: :[34m, ,[34m:::;;[94m||[0m
[94m||                                               ||[0m
[94m|>[97m- - - - - - - - - - - - - - - - - - - - - - - -[94m<|[0m
[94m||                     [97mLUST                      [94m||[0m
[94m||                [97m~ teth · leo ~                 [94m||[0m
[94m`=(+)=========================================(+)=´[0m
