[94m.=(+)=================[ XI ]==================(+)=.[0m
[94m||                                               ||[0m
[94m||[93ms~o~~s~,~o~s~~ [92m`\`\ \  [91m¡¡  [92m/ /´/´ [93ms~o~~,~s~o~~~[94m||[0m
[94m||[93m~o<~~s~~o<~s [97m- · [91m¡ [92m=~ [91m,¡*¡, [92m~=*~  [91m¡ [93m~o<~s~~o<~ [94m||[0m
[94m|| [97m'  · - -- ' ' [91m<(o)> [91m([91m%%%%%%%[91m)  [91m<(o)> [97m· ·  - ' [94m||[0m
[94m||[34m:::  [91m,-, [91m,cOOOc, )[34m,:  [91m\[91m%%%%%[91m/  [34m·[91m'[34m·;:,:,·;· ·,:,[94m||[0m
[94m||[34m·: [91m¡[91m(´i`)[91m([91mo[91m´,[91m==<[91m´ [93ms[34m;·  [91m`\;;/´ [91m'[34m·: ·::· :·,; ,;;[94m||[0m
[94m|| [91m<(o)>[93m:[91m) (;`ww[91m=<[91m, [93m:[91m'[34m;[91m'  [91m`U´ [34m:  [91m¡ [34m: ; [93m`\¡/´ [34m: ;;[94m||[0m
[94m||[34m; [91m,=\ [93m;; [91m`(;;;)´ ([93m;[34m:[91m'[34m; [93m,\[91m¡[34m;[91m' [91m<(o)> [93m,=´‾‾`=, [34m; ,[94m||[0m
[94m||[34m: [91m(o< [93m; vVv [91m( [93m\,/ [34m·::[91m'[34m; [93m|;  [91m'[34m·: ; [93m<=([91mC[93m<e,[93m)=> [34m::[94m||[0m
[94m||  [91m`-´  (o,o)  (e) [34m:;;:: [93m|;  [34m,··; :;; [93m,/¡\, [34m, ·;[94m||[0m
[94m|| [91m<(o)> [91m(;w;)  `w´ [34m:; [91m¡  [93m(;;[93m,=´, sS[34m;:,·:;; [93m`\s, [94m||[0m
[94m||[34m;, ,:;; [93m`ww´ [91m)[93m;;;[34m; [91m<(o)> [93m);(´o‾) [93m's[34m:,: [91m¡   [93m)ss)[94m||[0m
[94m||[93m: [91m,-´-,  ,=, [91m([93m;[91m)[34m;,·: ;:; [93m(;(\_,´ [93m;sS [91m<(o)>  [93m(ss[94m||[0m
[94m||[91m)[91m(´o-o`) (´o`) [91m(   [34m·· [93m,;;;)   [34m:[93msS )'s( [34m,;;; [93m)ss[94m||[0m
[94m||[93ms [91m`,-,´ [93ms [91m`-´ [93m:;[34m:   [93m(;;;;;;)  [34m,[93m);s('sS;)[34m:·: [93m(ss[94m||[0m
[94m||[91m)[93m;; [91m)([93m;[91m) [93m;;[91m) [91m,=´   [93m,();;;;(    [34m;[93m;sS;);s('[34m, [93m`sss[94m||[0m
[94m||[91m([93m;[91m)[93m; ;[91m)([93m;[91m)[93m;s;[91m) [91m,=´ [93m;(;;;;) [34m;   [91m¡ [93m)'s(;sS;) [93m,ss´[94m||[0m
[94m||[93m;[91m)([93m;[91m)[93ms:s[91m)([93m;[91m)[93m;:s[91m)([93m:[93m\,;;;;;)   [91m<(o)> [93msS');s('[34m: [91m¡ [94m||[0m
[94m||[93ms;:[91m)([93m:[91m)[93m;:;[91m)( [93m,=;;;[91m([93m;;[91m)[93m;;;)[34m,  ;;:;[93mS;);s(;sS [91m<(o)[94m||[0m
[94m||[93m;[91m) [93mss[91m)([93m;[91m)[93m:: [93m/;;;/[91m([93m;[91m)([91m)[93m::[91m~[93ms;;;[34m:::;[93m's('sS') s[34m;;: [94m||[0m
[94m||[91m)([93ms[91m)[93m;;:[91m)([93m;[91m) [93m(;;/ [91m([93ms;;[91m)[91m~[93m;;ss:[91m~[93m;[34m··::[93msS;)'s('s[34m,,;;[94m||[0m
[94m||[93m;;[91m)([93m;[91m) [93m:;[91m)( [93m);;| [91m([91m\[91m)[93m;[91m/[93ms:;s[91m~[93m; ;;[34m·: [93m)'s('sS;)[34m:, ;[94m||[0m
[94m||[91m)[93m; s[91m)([93m;[91m)[93ms:s [93m(;;| [93m;[91m)[91m\/[91m)[93m:;[91m~[93ms;:; [91m~[93m;[34m;; [93m'sS;);s([93m;[91m([93m, [94m||[0m
[94m||[91m([93m;[91m)[93m;;:[91m)([93ms[91m)[93m;: [93m`;;( [93m;s[91m)(~[93m;: ;;[91m~[93m: s;[34m·,[93m');s(;s [93m,[91m([93m::[94m||[0m
[94m||[93m:[91m)([93m;[91m)[93msss[91m)([93m;[91m)[93m; [93m\==, [93m;; ssss[91m~[93m:::: [91m~[93m;[34m:;[93m('sS;)[91m([93m,;[91m([93m;[94m||[0m
[94m||[93m;;:[91m)([93m;[91m)[93ms; [34m,w, [93ms;:[91m)([93m;[91m)[93ms ;[91m~[93ms: [34m,=, [93ms;;[34m:·[93m;);s[93m;[91m([93m;:[91m([93m;[94m||[0m
[94m||[93ms[91m)[93m;;;[91m)([93m;[91m) [34m(ww) [91m)[93m:s [91m)([93ms [34m,=,  (-·-) [34m, ,;[93m(;[91m([93m:,[91m([93m,:[91m([94m||[0m
[94m||[91m)([93m;[91m) [93ms;[91m)( [34m`w´ [91m)([93m;[91m)[93m;:;[91m) [34m(-·-) [34m.,  [34m,=, [34m.[93m;:[91m([93m,;[91m([93m;,[91m([94m||[0m
[94m|| [93m:[91m)([93m:[91m)[93m:::[91m) [34m::[93m;;;[91m)([93m;[91m)[93m;;[34m;;; [34m(-·-)  (-·-) [93m;;[91m([93m;;[91m([93m;;[94m||[0m
[94m||[91m; [93m,: ,=OOOO=, [34m,.;:,..;[34m;;[34m.[34mw[34m;[34mw  (-·-);[34m:, [93m,=OOO=, [94m||[0m
[94m||[93ms: : (o(o(o(o)  ,=OOOO=, [34m;[34mw[34m.[34mw [34m:[34mw[34m;[34mw ;w[91m¡  [93m(o(o(o)[94m||[0m
[94m||[93m,s[91m; [34m. [91mV V V V [34m, [93m(o(o(o(o) [34m:w[34m;[34m;[34m:[34mw;[34m:[34mw[91m<(o)> [91mV V V [94m||[0m
[94m||[93m:[34maw[93m, [34m;..,,, :;;; [91mV V V V [34m;...,, ::;;;. ,,,: :;;[94m||[0m
[94m||                                               ||[0m
[94m|>[97m- - - - - - - - - - - - - - - - - - - - - - - -[94m<|[0m
[94m||                     [97mLUST                      [94m||[0m
[94m||                [97m~ teth · leo ~                 [94m||[0m
[94m`=(+)=========================================(+)=´[0m
