[94m.=(+)=================[ XI ]==================(+)=.[0m
[94m||                                               ||[0m
[94m||[93m~s~‾~c~~s~‾ [92m`\  '  \ '¡' /  '  /´ [93ms~~c~‾~s~o~~s[94m||[0m
[94m||[93m·~s~‾~c~,[97m···· [92m\  ' \'¡'/ '  /  [91m·(*)· [93m~‾~s~·[97m····[94m||[0m
[94m||[97m‾[34m: [91m,·, [34m:[97m‾ [91m,·, [34m·,·[92m\[34m, [91m¡#¡[34m:·[92m/[34m:[34m;[34m::[34m;[97m‾ ‾[34m,[97m‾[34m·[97m‾[34m:[97m‾[34m,[97m‾[34m·[97m‾[34m;[97m‾[34m,[94m||[0m
[94m||[34m; [91m(:*:)  (:*:) [34m;[34m·· [91m,@#@, [34m::[91m'[34m;·  [91m·(*)· [34m:[93m\'¡'/[34m··[34m;[94m||[0m
[94m||[93m;[91m([93mes [91m,^,_,^, [34m:·,, [91m(@#@#@) [34m·,·:;··,· ·[34m;[93m,=‾¡‾=,[34m,·[94m||[0m
[94m||[91m{[93mss[91m( [93m([91mo[93m;‾;[91mo[93m) w[91m·[34m; [91m,%[91m@@#@@[91m%, [34m,[91m·[34m· ;:,·:·[93m(([97mC[93m<o~))[34m; [94m||[0m
[94m||[93mw[91m({[93mw: [91m\wvw/ ({[34m,, [91m\%%%%%%%/ [34m··:[34m;[34m;·[34m;[34m,;··[93m`=,_,=´[34m,:[94m||[0m
[94m||[91m'*'[91m({[93m:w[91m([93m;s;[91m\[93mse[91m/[34m,; [91m`\%%%/´ [34m··:· [91m,·, [34m;[34m::[34m;[34m·[93m/;\s([34m: [94m||[0m
[94m||[91m(o)[93m;e[91m({[93mse[91m( [91m(>e) [34m··· [91m‾¡‾ [34m:;[34m;[34m;, [91m(:*:) [34m,,··[34m;[34m,:[34m;[93m(s[34m·[94m||[0m
[94m||[91m([93mse;[91m( [91m,--, [==] [34m·[34m; [93m(=[91m¡[93m=) ,-, [93m~[34m;[34m;[34m·;[34m;[34m· ,·:,·:,[93ms([34m,[94m||[0m
[94m||[93mw:[91m([93m: [91m(o¡o) [o<] [34m·;·[34m; [93m\,  (o´ [93mw)s[34m;··:[34m;[34m;:[34m;[34m:··:·[93m(s[94m||[0m
[94m||[91m,--, \vvv/ [91m({[93mee[91m([34m·:; [93m,;%'%;, [34m;[93m;)sw)[34m·,;::··[34m;[34m·,[34m;[93ms([94m||[0m
[94m||[91m(e·e)[93m;[91m`v ,~~, [91m{[93mw[34m;·[34m; [93m(;%'%;),[34m,[93mw)s;)s[34m·,·:;·,·:[93m(s[34m;[94m||[0m
[94m||[91m`--´[91m({[93m;w [91m(e_) [93ms[34m,:,: [93m(%;;%) \[34m,[93m;)sw)s;[34m;[34m;[34m:,:·;,[93ms([34m:[94m||[0m
[94m||[93m;;e[91m([93mw;[91m({[34m;[93mw[91m([93m;es [91m·(*)· [93m);%;( [34m:[93m\[93mw)s;)sw[34m:,,[34m;[34m:·[34m;[34m;·[93m(s[94m||[0m
[94m||[93ms[91m([93m;e[34m:[91m([93m::[91m({[93mws[91m([93mw;e[91m([93m; [93m(;%%;) [34m··[93mo[91m__[93msw)s;)[34m,,··· ·[34m;[93ms([94m||[0m
[94m||[91m{[93m;w[91m([93mw;:[91m([93m:;[91m({[93mw;[91m([93m;: [93m(;%%%;) [34m,:[91m([34m,[93m)[91m)[93m;)sw)s[34m;[34m:;·:;·[93m(s[94m||[0m
[94m||[93m;[91m({[93m;e[91m([93mwes[91m([93me;[91m( [93m,;%%;;´ [93ms[91m([34m:,[34m;[34m:[91m([34m;·[91m)[93mw)s;)sw)[34m;[34m,;[34m;[34m: ·[94m||[0m
[94m||[91m([93m;w[91m({[93ms;[91m([93m::s [93m,;%%;´ [93mss;[91m([93mws[91m([34m:·[34m;[91m`U´[34m·[93m)sw)s;)sw[34m· [91m,·,[94m||[0m
[94m||[93m:e[91m([93mse[91m({[93ms;[91m([93ms [93m(;%, [91m{[93m:w[91m([93m::e[91m([93mss[34m· [91m·(*)· [93m;)sw)s;)s[91m:*:[94m||[0m
[94m||[91m([93m;;s[91m([93me[34m:[91m({[93mw;[91m( [93m`;%;, [91m{[93m;;[91m([93mee:[91m([93mw:[34m, ,:·:·[93m)s;)sw)s;[34m;,[94m||[0m
[94m||[93m;e[91m([93m;ss[91m([93mws[91m({[93m;;[91m( [93m`;;) [91m({[93mw;[91m([93m:;;[91m([34m;[93m;[34m:[34m;[34m,; ·[93msw)s;)sw)s[94m||[0m
[94m||[91m({[93mse[91m([93m:we[91m([93m;w[91m({[93m:s[91m([93m;:w[91m([93m;;[91m({[93me:[91m([93mw;e[91m([34m···[34m;[34m;;[93ms;)sw)s;)s[94m||[0m
[94m||[93m:e[91m({[93mw:[91m([93m:sw[91m([93m;e[91m({[93ms[34m;[91m([93m;e;[91m([93ms;[91m({[93ms;[91m([93m;[34m··,··,·[93msw)s;)sw)s[94m||[0m
[94m||[93mw[91m([93m:;[91m({[93mss[91m([93m:;;[91m([93mss[91m({[93m;;[91m([93mesw[91m([93me;[91m({[34m·:[34m; [91m·(*)· [93m;)sw)s;)s[94m||[0m
[94m||[93ms;;[91m([93mww[91m({[93me;[91m([93mwwe[91m([93m:s [34m,¡, [93m: [34m,¡, [34m· [34m,¡, [34m:[34m;[34m·,·[93m)s;)sw)s[94m||[0m
[94m||[93me[91m([93me:[34m·[91m([93mw:[91m({[93mw;[91m([93m;w;[91m( [34m(¡) [34m, [34m(¡) [34m· [34m(¡) [91m·(*)· [34m;[34m;[93m)s;)s[94m||[0m
[94m||[91m{ _,__,__,_ [93ms;[91m([93mew [34m(o) [34m; [34m(o) [34m; [34m(o) [34m··· [91m_,__,_ [34m;[34m,[94m||[0m
[94m||[93m,-,,-,,-,,-,[91m({[93mw[34m, [34m(‾·‾) (·‾·) (‾·‾) [34m· [93m,-,,-,,-, [94m||[0m
[94m||[93m(o~)(o~)(o~)(w[34m:; [34m(e(o(o(e(o(e(o) [34m, · [93m(o~)(o~)( [94m||[0m
[94m||[93mw[91mv[91m([34m,[93ms[91mv[91m{[93msw[91mv[93msw:[91m([34m·[34m;[34m: [34m‾-‾-‾-‾-‾-‾-‾ [34m;·,;·,[91mv[34m·,:[91mv[34m;[34m:;[34m;[94m||[0m
[94m|| [34maw [91m([93m;;[91m({[93m;;[91m([93m:[34m:·;·[34m;[34m·,[34m;[34m·,·,::,;·:[34m;[34m·;[34m;[34m,· :,,:·:··:[94m||[0m
[94m||                                               ||[0m
[94m|>[97m- - - - - - - - - - - - - - - - - - - - - - - -[94m<|[0m
[94m||                     [97mLUST                      [94m||[0m
[94m||                [97m~ teth · leo ~                 [94m||[0m
[94m`=(+)=========================================(+)=´[0m
