[90m.=(+)===========[ XVII ]============(+)=.[0m
[90m||                                     ||[0m
[90m||      [93m\ | /         [97m.          x     [90m||[0m
[90m||    [93m-==(O)==-            [97m'           [90m||[0m
[90m||      [93m/ . \_,-~.     [97m.       [96m}v{     [90m||[0m
[90m||     [97m+      [93m`-._`~.       [97m.          [90m||[0m
[90m||               [93m`-.             [96m}v{   [90m||[0m
[90m||         [97m.       [33m(  .-.    [97m'         [90m||[0m
[90m||                  [33m) (o_)             [90m||[0m
[90m||           [95m,cCCc.[33m( [95m/     [96m}v{         [90m||[0m
[90m||           [95mc(-. )/                   [90m||[0m
[90m||      [97m__   [95m/\ _/\            [97m+       [90m||[0m
[90m||     [97m( o`.[95m/ (    \       [96m}v{         [90m||[0m
[90m||      [97m`--'[95m\  (    )                  [90m||[0m
[90m||      [97m| |  [95m) )    (      [97m.           [90m||[0m
[90m||      [97m| |  [95m( (  \  )      [96m}v{        [90m||[0m
[90m||      [97m| |   [95m) )  )  )      [91m,o,       [90m||[0m
[90m||      [97m| |  [95m( (  (   (__[91m,o,'[97m'[91m,o,'     [90m||[0m
[90m||   [97m.__|_|_[32m/ \___\___/[96m<>_/\_<>_/\_.   [90m||[0m
[90m||   [36m~.~^~.~^~.~^~ [90maw [36m~.               [90m||[0m
[90m||                                     ||[0m
[90m|>[37m- - - - - - - - - - - - - - - - - - -[90m<|[0m
[90m||              [37mTHE STAR               [90m||[0m
[90m||         [37m~ heh · aquarius ~          [90m||[0m
[90m`=(+)===============================(+)=´[0m
