[94m.=(+)================[ XVII ]=================(+)=.[0m
[94m||                                               ||[0m
[94m||[97m' [94m. [97m`,   '   ,   [94m· \\'  . \  [93m,--, [94m.[97mx   [94m))'    )[94m||[0m
[94m||  [94m·  [97m`. \|/ ,´  ' [94m. \  .    [93m(~~~_) [94m'[97m`,  [94m).·   )[94m||[0m
[94m||  [97m·--=((o))=--· [94m· [94m_,´[94m)  [97m· [93m(( `--´ [94m))·   )  ·  )[94m||[0m
[94m||[94m· '  [97m,´ / \ `.  [94m,~´  [94m).  [93m(([97m·[94m·[94m,´ [94m. )  · .))  ·  [94m||[0m
[94m|| [94m·  [97m´  ´   `  `,  [94m·  [94m,(@[93m´[94m),[97m¡[94m/    [94m))'    )    .)[94m||[0m
[94m||  [94m·    ·    ·//     [94m(´;;`) [94m,´    [94m)))    ).    )[94m||[0m
[94m||[94m\\ .    ·  -~  ·   [94m,;;;;;; [94m), [94m·  /·  . //·.[97m'  [94m)[94m||[0m
[94m|| [94m· -~-[97m'[94m-~-.-  [91m:;;[94m, (;;;;;;; [94m)) [91m:;[94m/·   ·/.  [91m}v{ [94m||[0m
[94m||  [94m·    .   [97m\¡/ ´[94m´[97m\ [94m(;;[94m'[94m;;;;) [94m)) [91m.[97m·[91m;   [94m///·   //[94m||[0m
[94m|| [94m· ·     [97m-((o))-[94m, );;;;;;( [91m; [94m)) [91m;.;;; [97m'[94m.· .  /.[94m||[0m
[94m||[94m.[97m'[94m~-~-~-~  [97m/¡\ [94m([91m; [94m(;;[94m'[94m;;;) [91m: [94m)) [91m:;:;;;[94m'    ./· [94m||[0m
[94m||[94m·    . ·[91m:;;;;'[94m([91m; [94m);;;;;( [91m:; [94m)) [91m;.:;:;:;[94m.   //' [94m||[0m
[94m|| [94m·    ·[91m;;:;:;[94m([91m'[97m~ [94m(;;[94m'[94m;;) [91m; [94m)) [91m;:;.:;:;:;[94m. [91m}v{  [94m||[0m
[94m||[94m~-~-·  [91m:;;:;[94m([91m;; [94m(;;;;;;;)  [94m)) [91m;;:;.;;:;; [94m//.   [94m||[0m
[94m||[94m· . .. [91m;';;[94m([97m·[91m:; [94m(;;;;;;;;)  [94m)) [91m;;:;.;;:;[94m/'  ·  [94m||[0m
[94m|| [94m.    [91m; [94m.--. [91m; [94m(;;;;;;;;;) [91m; [94m)) [91m:;:;.;;[97m·[91m;  [94m.  /[94m||[0m
[94m||       [94m( ~~ )  (;;;;;;;;;;) [91m; [94m)) [91m;;:;:;: [94m·  [97m'[94m//[94m||[0m
[94m||        [94m`--´ [91m: [94m);;;;;;;;;;) [91m.; [94m)) [91m;;;;:;  [94m·//  [94m||[0m
[94m||    [94m·  [91m: [94m| | [91m;: [94m);;;;;;;;;;`, [91m; [94m)), [91m;;;;  [94m// . [94m||[0m
[94m||[94m·    ·   [94m| | [91m:;; [94m`;;;;;;;;;;;),  [94m)), [91m:;[97m' [91m}v{   [94m||[0m
[94m|| [94m·       [94m| | [91m;:;. [94m(;;;;;;;;;;;;)  [94m)), [94m//'      [94m||[0m
[94m||         [94m| | [91m;;:; [94m(;;;;;;;;;;;;;)  [94m`),       [94m//[94m||[0m
[94m||[94m-~·-~·-~ [94m| | [91m;;;:; [94m`;;;;;;;;;;;;´)  [94m`~,    [94m//' [94m||[0m
[94m|| [91m,^,/\,  [94m| |  [91m:;::; [94m`--;;;;;;;--´    [94m`-, [94m//  . [94m||[0m
[94m|| [91m´:`´:`` [94m| |      [91m;;;;:;;;; [94m(:)   [94m. . ~-[31m,o,   [94m.[94m||[0m
[94m||[94m~.~^~.~^ [94m| |        [94m·    ·    ·      [31m,o,  [94m·[31m,o,[94m/[94m||[0m
[94m||[94m.~^~.~^~ [94m| | [94m,/\.___,/\,____./\,__,/\._/\,_    [94m||[0m
[94m||[94m~.~^~.~^ [94m| | [94m:·\/\:/<:>\:/·\/\::/<>\/::\/\:/\  [94m||[0m
[94m||[94m.~^~.~^~[94m·¡:¡·[94m/´`\/;;\/´‾\/::\/´`\/;;\/`´\/:\   [94m||[0m
[94m||[94m~.~^~.~     [94m/\::/<>\/:·\/\;/<:>\/::\/\·:/\;/   [94m||[0m
[94m||[94m.~[34maw[94m.~^     [94m\/;;\/´`\/::\/`´\/;;\/´`\/::\/´`   [94m||[0m
[94m||[94m~.~^~.~^ [94m_/\:_/::\_/;;\_/:·\_/::\_/;\_/:\_/    [94m||[0m
[94m||                                               ||[0m
[94m|>[97m- - - - - - - - - - - - - - - - - - - - - - - -[94m<|[0m
[94m||                   [97mTHE STAR                    [94m||[0m
[94m||              [97m~ heh · aquarius ~               [94m||[0m
[94m`=(+)=========================================(+)=´[0m
