[90m.=(+)================[ XVII ]=================(+)=.[0m
[90m||                                               ||[0m
[90m||   [93m,  \ ' /          [97m+        [34m_,.--·--.,_      [90m||[0m
[90m||  [93m`.  \|/  ,´              [34m,-´           `-.,_ [90m||[0m
[90m||[93m·--=((o))=--·       [97m.                       [34m`, [90m||[0m
[90m||  [93m,´  / \ `.                [33m___             [97m·  [90m||[0m
[90m|| [93m´   /   \                 [33m(o__) [93mx             [90m||[0m
[90m||    [93m,     `,              [33m( \ /   [93m´            [90m||[0m
[90m||                   [94m_,.-- [33m)  `-´   [94m_            [90m||[0m
[90m||                        [33m(           [94m.\         [90m||[0m
[90m||[97m·                      [33m)      [95m´    [94m.  .:\      [90m||[0m
[90m||            [94m(     [95m,~´`~,     -       [94m. .::\    [90m||[0m
[90m||           [94m·     [95m´,cCCc.`,  ´       [93m\¡/ ´ [94m:)   [90m||[0m
[90m||          [94m·       [95m(((o)))  -      [93m·-((o))-· [94m)  [90m||[0m
[90m||         [94m(  ·     [95m,`--´,) ´         [93m/¡\   ,[94m:;) [90m||[0m
[90m|| [34m)      [94m( ·      [95m´ ,´ ,´          [94m.  .:. ::.:;)[90m||[0m
[90m||        [94m(  ·     [95m(  (  ´        [94m..  ...::. ;;;)[90m||[0m
[90m||[34m(       [94m( ·      [95m`.  `.       [94m..  ... :..:;::;)[90m||[0m
[90m||        [94m(  ·      [95m)    `,       [94m... ::. :;: [96m}v{[90m||[0m
[90m||        [94m(   ·    [95m(      )      [94m. .::. ::::;;:;)[90m||[0m
[90m||         [94m( .   [95m(  `,     )    [94m:. :..::.:;;::;) [90m||[0m
[90m||       [97m.--.  [95m,´  ,´)     `,    [94m::. :.:;;::;;)  [90m||[0m
[90m|| [34m`.   [97m( ~~ )[95m´   (  (      )   [94m:. ::::;;:;;;)   [90m||[0m
[90m||       [97m`)(´ [94m`:  [95m`,  `,    (   [94m.:;::;;::;;:/    [90m||[0m
[90m|| [34m,´     [97m|¡|      [95m)   )     )  [94m;;:;;::;; [96m}v{    [90m||[0m
[90m||        [97m| |     [95m(   (     (   [94m::;;:;;/         [90m||[0m
[90m||        [97m| |     [95m`,´  `,    )  [94m;;:/          [96m}v{[90m||[0m
[90m||        [97m| |     [95m,´    ,)   (                   [90m||[0m
[90m|| [37m,^, /\ [97m| |    [95m(    ,(´ ,   )           [91m,o,    [90m||[0m
[90m||[37m´  `´ ` [97m| |    [95m(___,(´__,__,´_ [96m<>   [91m,o,    ,o, [90m||[0m
[90m||[36m~.~^~.~ [97m| | [36m~[96m_,/\._____,/\,_____./\,_,/\._/\,_ [90m||[0m
[90m||[36m.~^~.~^ [97m| | [36m.[96m/:·\/\:/<:>\:/·\/\::/<>\/::\/\:/\ [90m||[0m
[90m||[36m~,^.~^~.~^~,.~^~.~[96m\/´`\/;;\/´‾\/::\/´`\/;\/`´\ [90m||[0m
[90m||[36m~.~^~ [90maw [36m~.~^~.~^~.~^~,.~^~.~^~.~^~,.~^~.~^~.  [90m||[0m
[90m||                                               ||[0m
[90m|>[37m- - - - - - - - - - - - - - - - - - - - - - - -[90m<|[0m
[90m||                   [37mTHE STAR                    [90m||[0m
[90m||              [37m~ heh · aquarius ~               [90m||[0m
[90m`=(+)=========================================(+)=´[0m
