[94m.=(+)================[ XVIII ]================(+)=.[0m
[94m||                                               ||[0m
[94m||    [34m,  ,^, ·        [91mo%;%;%o        [34m· ,^,  ,    [94m||[0m
[94m||[34m·  ·  /###\    [94m/  [91moo·· · ··oo  [94m\    [34m/###\  ·  ·[94m||[0m
[94m||  [34m·  /##%##\ [94m/[34m· [91m%% :[91m,~´ [91m·  : %% [34m·[94m\ [34m/##%##\  ·  [94m||[0m
[94m|| [34m;[94m/ [34m[#######]  [91m%% :  · ·[91m`~, [91m: %%  [34m[#######] [94m\[34m; [94m||[0m
[94m||[34m;[94m/ [34m; |%#%#%|    [91m;:: ' · · ' ::;    [34m|%#%#%| ; [94m\[34m;[94m||[0m
[94m||[94m/ [34m,  |#%[97m![34m%#|    '[91m; ;:·· ··:; ;[34m'    |#%[97m![34m%#|  , [94m\[94m||[0m
[94m|| [34m; , |%#%#%|   '    [91m;; : ;;    [34m'   |%#%#%| , ; [94m||[0m
[94m||[34m, ;  |#%#%#| \,^;[97m\[91ms   [97m'[91ms[97m'   [91ms[97m/[34m;^,/ |#%#%#|  ; ,[94m||[0m
[94m|| [34m,^ (#%#%#%#) ; ;^[97m\[91ms [97m' [91ms [97m' [91ms[97m/[34m^; ; (#%#%#%#) ^, [94m||[0m
[94m||[34m^^%:;% ; [91m/\ [34m;;[91m¡[34m:;%^[97m\[91ms [97m''' [91ms[97m/[34m^%;:[91m¡[34m;; [91m/\ [34m; %;:%^^[94m||[0m
[94m||[34m%;';;% [91m(;;;=> |[34m%;%;'[97m\  [91ms  [97m/[34m';%;%[91m| <=;;;) [34m%;;';%[94m||[0m
[94m||[34m;:% ;:% [91m);;( [34m%[91m|[34m;%;;: ^[97m‾[91m;[97m‾[34m^ :;;%;[91m|[34m% [91m);;( [34m%:; %:;[94m||[0m
[94m||[34m%;;; : [91m(;;;;)-|  [34m%%;[97m/ ' ' \[34m;%%  [91m|-(;;;;) [34m: ;;;%[94m||[0m
[94m||[34m;% %:%[91m/ |;;;;||[34m;; ;[97m/ -[91m;;;[97m- \[34m; ;;[91m||;;;;| \[34m%:% %;[94m||[0m
[94m||[34m;;%,%;[91m| (;;;;)|[34m::;[97m/   [91m;;;   [97m\[34m;::[91m|(;;;;) |[34m;%,%;;[94m||[0m
[94m||[34m;%:% ;[97mo[91m/;;;;;\|[34m%:[97m/ - -[91m:[91m¡[91m:[97m- - \[34m:%[91m|/;;;;;\[97mo[34m; %:%;[94m||[0m
[94m|| [34m;%;% [97m+ [91m);;;;(|[34m:[97m/     [91m/¡\     [97m\[34m:[91m|);;;;( [97m+ [34m%;%; [94m||[0m
[94m||  [37m_,^,  [91m|;;;;||[97m/  '  [91m/;¡;\  [97m'  \[91m||;;;;|  [37m,^,_  [94m||[0m
[94m|| [37m(;;;=>  [91m);;([97m/[91m|[97m____ [91m(;%¡%;) [97m____[91m|[97m\[91m);;(  [37m<=;;;) [94m||[0m
[94m||  [37m´U`U´ [91m,/[34m%[91m,/[97m'[91m| [97m' · [91m{;%%%;} [97m· ' [91m|[97m'[91m\,[34m%[91m\, [37m`U´U`  [94m||[0m
[94m||[97m----    -------- [91m~- [97m‾‾‾‾‾‾‾ [91m-~ [97m--------    ----[94m||[0m
[94m||[97m----    ~~~~   [91m-~[97m-------------[91m~-   [97m~~~~    ----[94m||[0m
[94m||[97m~~~ [91m,;, [97m----    ---[91m·:[97m~[91m*'*[97m~[91m:·[97m---    ---- [91m,;, [97m~~~[94m||[0m
[94m||   [91m/;:;\ [94m,;,    [91m·''' ' ' ' '''·    [94m,;, [91m/;:;\   [94m||[0m
[94m||  [91m/;:;: [94m/;:;\  [91m*:[97m~~~[93m,*@@@*,[97m~~~[91m:*  [94m/;:;\ [91m:;:;\  [94m||[0m
[94m||[91m/;:;:; [94m/;:;:;\ [91m:   [37m\[93m`*@@@*´[37m/   [91m: [94m/;:;:;\ [91m;:;:;\[94m||[0m
[94m||[91m(;:;: [94m/;:;:;:;\ [91m' ' [37m\,(;),/ [91m' ' [94m/;:;:;:;\ [91m:;:;)[94m||[0m
[94m||      [94m(;:;:;:;)  [91m'  [37m({;x;})  [91m'  [94m(;:;:;:;)      [94m||[0m
[94m||[97m----  [94m´;:;:;:;` [91m'  [37m({;x;x;})  [91m' [94m´;:;:;:;`  [97m----[94m||[0m
[94m||[97m- [91m,;,       [97m~~[91m:': ' [37m({;x;}) [91m' :':[97m~~       [91m,;, [97m-[94m||[0m
[94m||[91m/;:;\   [97m----   [91m*[97m-[91m·*·[37m´/,|,\`[91m·*·[97m-[91m*   [97m----   [91m/;:;\[94m||[0m
[94m||[91m( [34maw    [97m~~~~    ---[91m***'''***[97m---    ~~~~   [91m(;:;)[94m||[0m
[94m||                                               ||[0m
[94m|>[97m- - - - - - - - - - - - - - - - - - - - - - - -[94m<|[0m
[94m||                   [97mTHE MOON                    [94m||[0m
[94m||               [97m~ qoph · pisces ~               [94m||[0m
[94m`=(+)=========================================(+)=´[0m
