[94m.=(+)================[ XVIII ]================(+)=.[0m
[94m||                                               ||[0m
[94m||    [34m,  ,^,  .       [91m:;:;:;:       [34m.  ,^,  ,    [94m||[0m
[94m||      [34m/###\      [91m%%%%%%%%%%%%%      [34m/###\      [94m||[0m
[94m||     [34m/##%##\   [91m%%%%    [97m·    [91m%%%%   [34m/##%##\     [94m||[0m
[94m||[34m,^, [#######]  [91m%%   [91m‾~   ~‾   [91m%%  [34m[#######] ,^,[94m||[0m
[94m||[34m.    |%#%#%|   [91m%   [91m~‾     ‾~   [91m%   [34m|%#%#%|    .[94m||[0m
[94m||     [34m|#%[97m![34m%#|    [91m',   [91m,~‾~,   [91m,'    [34m|#%[97m![34m%#|     [94m||[0m
[94m|| [34m'   |%#%#%|   [97m\ :'[91m·       ·[97m': /   [34m|%#%#%|   ' [94m||[0m
[94m||   [34m. |#%#%#|    [97m\[91mT[97m· · · · · ·[91mT[97m/    [34m|#%#%#| .   [94m||[0m
[94m||[34m^;, (#%#%#% [91m,^,_ | [91m¡   ¡   ¡ [91m| _,^, [34m%#%#%#) ,;^[94m||[0m
[94m||[34m,; /%#%#%#% [91m(o==>|   [97m'   '   [91m|<==o) [34m%#%#%#%\ ;,[94m||[0m
[94m||[34m; ·,· ;  ;   [91m`|;||  [91m¡  ¡  ¡  [91m||;|´   [34m;  ; ·,· ;[94m||[0m
[94m||  [34m,·^·,·  . [91m(;;;)|[97m\  ·   ·  /[91m|(;;;) [34m.  ·,·^·,  [94m||[0m
[94m||[34m;      ;[97mo[34m;; [91m|;;;|| [97m\'  [91m¡  [97m'/ [91m||;;;| [34m;;[97mo[34m;      ;[94m||[0m
[94m||[34m;;;  ;;·[97m+ [34m. [91m|;;;|| [97m\'·   ·'/ [91m||;;;| [34m. [97m+[34m·;;  ;;;[94m||[0m
[94m||[34m;.^,  '.    [91m(;;;)|[34m; [97m\  [91m¡  [97m/ [34m;[91m|(;;;)    [34m.'  ,^.;[94m||[0m
[94m||   [34m'. . .',  [91m|;;||[34m,·[97m\:· ·:/[34m·,[91m||;;|  [34m,'. . .'   [94m||[0m
[94m|| [34m.'.; '.   , [91m|;;||[34m·;·  [91m¡  [34m·;·[91m||;;| [34m,   .' ;.'. [94m||[0m
[94m||[34m; ;' ^  .';  [91m/;;\|[34m;·, [97m·[91m:[97m· [34m,·;[91m|/;;\  [34m;'.  ^ '; ;[94m||[0m
[94m||[34m;.'  . .'.·; [91m|  ||   [34m;[97m\[91m:[97m/[34m;   [91m||  | [34m;·.'. .  '.;[94m||[0m
[94m||    [34m·; , ;   [91mU  U  [34m;; '[91m![34m' ;;  [91mU  U   [34m; , ;·    [94m||[0m
[94m|| [34m·, ;  [37m_,^,   [34m. .' ';[91m/;!;\[34m;' '. .   [37m,^,_  [34m; ,· [94m||[0m
[94m||   [34m,  [37m(;;;=> [34m.';'.' [91m/;;[91m![91m;;\ [34m'.';'. [37m<=;;;)  [34m,   [94m||[0m
[94m||[34m, ,·,· [37m´U`U´ [34m' ' ';[91m(;;;[91m![91m;;;)[34m;' ' ' [37m`U´U` [34m·,·, ,[94m||[0m
[94m||  [97m· -  · -  · -  ·[91m~-[91m-------[91m-~[97m·  - ·  - ·  - ·  [94m||[0m
[94m||[97m· - [91m,·,   [97m· -  [91m-~[91m·  [93m,*@@@*,  [91m·[91m~-  [97m- ·   [91m,·, [97m- ·[94m||[0m
[94m||[97m-   [91m(;) [94m,·,  [97m·[91m( · ·[37m\[93m`*@@@*´[37m/[91m· · )[97m·  [94m,·, [91m(;)   [97m-[94m||[0m
[94m|| [97m· [91m(;:; [94m(;)  [91m(  ·  ·[37m\,(;),/[91m·  ·  )  [94m(;) [91m;:;) [97m· [94m||[0m
[94m|| [97m- [91m|;: [94m(;:;) [91m( '   '[37m({;x;})[91m'   ' ) [94m(;:;) [91m:;| [97m- [94m||[0m
[94m||  [91m/;;: [94m|;:;| [91m(  '''[37m({;x;x;})[91m'''  ) [94m|;:;| [91m:;;\  [94m||[0m
[94m|| [91m´·,  [94m/;;:;;\    [91m'''[37m({;x;})[91m'''    [94m/;;:;;\  [91m,·` [94m||[0m
[94m||[97m-  · [94m´·, ,·` [97m· [91m( '  [37m´/,|,\`  [91m' ) [97m· [94m´·, ,·` [97m·  -[94m||[0m
[94m||  [34maw  [97m· -  · -  ·[91m((  '   '  ))[97m·  - ·  - ·  - · [94m||[0m
[94m||                                               ||[0m
[94m|>[97m- - - - - - - - - - - - - - - - - - - - - - - -[94m<|[0m
[94m||                   [97mTHE MOON                    [94m||[0m
[94m||               [97m~ qoph · pisces ~               [94m||[0m
[94m`=(+)=========================================(+)=´[0m
