[90m.=(+)================[ XVIII ]================(+)=.[0m
[90m||                                               ||[0m
[90m||                 [93m_,,--‾‾--,,_                  [90m||[0m
[90m||   [34m,--,_      [93m,-´          `-,         [34m_,--,   [90m||[0m
[90m||  [34m(:¡::,`,   [93m(    [91m,~·~~·-,   [93m)       [34m,´,::¡:)  [90m||[0m
[90m||   [34m|::::| `, [93m(   [91m`-~~·~´     [93m)     [34m,´ |::::|   [90m||[0m
[90m||   [34m|:¡::|   `,[93m`-,          ,-´   [34m,´   |::¡:|   [90m||[0m
[90m||   [34m|::::|    `,  [93m‾``--,,--´´‾   [34m,´    |::::|   [90m||[0m
[90m||  [34m,´:::::`,   `, [37m\           / [34m,´   ,´:::::`,  [90m||[0m
[90m||  [34m|:::::::|,   `,[37m\   [91m,   ,   [37m/[34m,´   ,|:::::::|  [90m||[0m
[90m||  [34m(:::::::::`--,_[33m¡[37m\         /[33m¡[34m_,--´:::::::::)  [90m||[0m
[90m|| [34m(::::::   [33m,/\,[34m_ [33m|[37m\    [91m,    [37m/[33m| [34m_[33m,/\,   [34m::::::) [90m||[0m
[90m||[34m(:::::::  [33m<´-:([34m:`[33m|[37m\         /[33m|[34m´:[33m):-`>  [34m:::::::)[90m||[0m
[90m||            [33m);;( | [37m\ [91m,   , [37m/ [33m| );;(            [90m||[0m
[90m||           [33m|;==;|| [37m\       / [33m||;==;|           [90m||[0m
[90m||       [91m+o  [33m(;;;;(| [37m\   [91m,   [37m/ [33m|);;;;)  [91mo+       [90m||[0m
[90m||            [33m);;( |  [37m\     /  [33m| );;(            [90m||[0m
[90m||           [33m´|  |`|  [37m\ [91m, , [37m/  [33m|´|  |`           [90m||[0m
[90m||[34m_,,__,´‾`,_     [33m´`  [37m\     /  [33m´`     [34m_,´‾`,__,,_[90m||[0m
[90m||[34m:::::::::::,_        [37m\ [91m, [37m/        [34m_,:::::::::::[90m||[0m
[90m||[34m::[90m>o´)\,             [37m\   /             [90m,/(`o<[34m::[90m||[0m
[90m||   [90m´´ ``             [37m\[91m,¡,[37m/             [90m´´ ``   [90m||[0m
[90m||[34m‾‾--,,__             [91m(´¡`)             [34m__,,--‾‾[90m||[0m
[90m||                    [91m(:´¡`:)                    [90m||[0m
[90m||[36m-----------------------------------------------[90m||[0m
[90m|| [91m,-,             [93m_,,--‾‾--,,_              [91m,-, [90m||[0m
[90m||[91m/   \[94m,-,       [93m,-´   [93m_(o)_   [93m`-,       [94m,-,[91m/   \[90m||[0m
[90m||[91m´   [94m/[91m`, [94m\     [93m(     [37m\,(¡),/     [93m)     [94m/ [91m,´[94m\   [91m`[90m||[0m
[90m||   [94m´     `,   [93m(      [37m´)¡(`      [93m)   [94m,´     `   [90m||[0m
[90m|| [91m,-,    [36m--     [93m`-,   [37m,´ `,   [93m,-´     [36m--    [91m,-, [90m||[0m
[90m||[91m/   \_           [93m‾``--,,--´´‾            [91m_/   \[90m||[0m
[90m||   [94m,-,   [36m--                         --   [94m,-,   [90m||[0m
[90m||  [94m/   \                                 /   \  [90m||[0m
[90m||[36m---[90maw[36m------------------------------------------[90m||[0m
[90m||                                               ||[0m
[90m|>[37m- - - - - - - - - - - - - - - - - - - - - - - -[90m<|[0m
[90m||                   [37mTHE MOON                    [90m||[0m
[90m||               [37m~ qoph · pisces ~               [90m||[0m
[90m`=(+)=========================================(+)=´[0m
